Archive member included because of file (symbol)

/opt/local/lib/gcc/avr/4.7.2/../../../../avr/lib/avr51/libprintf_min.a(vfprintf_min.o)
                              (vfprintf)
/opt/local/lib/gcc/avr/4.7.2/avr51/libgcc.a(_muluhisi3.o)
                              ../../../src/drivers/platform/firefly3/source/ff_basic_sensor.o (__muluhisi3)
/opt/local/lib/gcc/avr/4.7.2/avr51/libgcc.a(_mulshisi3.o)
                              ../../../src/drivers/platform/firefly3/source/ff_basic_sensor.o (__mulshisi3)
/opt/local/lib/gcc/avr/4.7.2/avr51/libgcc.a(_mulsi3.o)
                              ../../../src/drivers/platform/firefly3/source/ff_basic_sensor.o (__mulsi3)
/opt/local/lib/gcc/avr/4.7.2/avr51/libgcc.a(_udivmodhi4.o)
                              ../../../src/kernel/source/nrk_scheduler.o (__udivmodhi4)
/opt/local/lib/gcc/avr/4.7.2/avr51/libgcc.a(_udivmodsi4.o)
                              ../../../src/drivers/platform/firefly3/source/ff_basic_sensor.o (__udivmodsi4)
/opt/local/lib/gcc/avr/4.7.2/avr51/libgcc.a(_divmodsi4.o)
                              ../../../src/drivers/platform/firefly3/source/ff_basic_sensor.o (__divmodsi4)
/opt/local/lib/gcc/avr/4.7.2/avr51/libgcc.a(_udivdi3.o)
                              ../../../src/kernel/source/nrk_time.o (__udivdi3)
/opt/local/lib/gcc/avr/4.7.2/avr51/libgcc.a(_udivmod64.o)
                              /opt/local/lib/gcc/avr/4.7.2/avr51/libgcc.a(_udivdi3.o) (__udivmod64)
/opt/local/lib/gcc/avr/4.7.2/avr51/libgcc.a(_exit.o)
                              /opt/local/lib/gcc/avr/4.7.2/../../../../avr/lib/avr51/crtm128rfa1.o (exit)
/opt/local/lib/gcc/avr/4.7.2/avr51/libgcc.a(_tablejump.o)
                              ../../../src/kernel/source/nrk_error.o (__tablejump2__)
/opt/local/lib/gcc/avr/4.7.2/avr51/libgcc.a(_copy_data.o)
                              main.o (__do_copy_data)
/opt/local/lib/gcc/avr/4.7.2/avr51/libgcc.a(_clear_bss.o)
                              main.o (__do_clear_bss)
/opt/local/lib/gcc/avr/4.7.2/avr51/libgcc.a(_adddi3.o)
                              ../../../src/kernel/source/nrk_time.o (__adddi3)
/opt/local/lib/gcc/avr/4.7.2/avr51/libgcc.a(_umulhisi3.o)
                              /opt/local/lib/gcc/avr/4.7.2/avr51/libgcc.a(_muluhisi3.o) (__umulhisi3)
/opt/local/lib/gcc/avr/4.7.2/../../../../avr/lib/avr51/libc.a(strchr_P.o)
                              /opt/local/lib/gcc/avr/4.7.2/../../../../avr/lib/avr51/libprintf_min.a(vfprintf_min.o) (strchr_P)
/opt/local/lib/gcc/avr/4.7.2/../../../../avr/lib/avr51/libc.a(memcpy.o)
                              ../../../src/radio/rf231_soc/source/basic_rf.o (memcpy)
/opt/local/lib/gcc/avr/4.7.2/../../../../avr/lib/avr51/libc.a(fdevopen.o)
                              ../../../src/platform/firefly3/source/ulib.o (fdevopen)
/opt/local/lib/gcc/avr/4.7.2/../../../../avr/lib/avr51/libc.a(fputc.o)
                              ../../../src/platform/firefly3/source/ulib.o (fputc)
/opt/local/lib/gcc/avr/4.7.2/../../../../avr/lib/avr51/libc.a(iob.o)
                              ../../../src/platform/firefly3/source/ulib.o (__iob)
/opt/local/lib/gcc/avr/4.7.2/../../../../avr/lib/avr51/libc.a(printf.o)
                              main.o (printf)
/opt/local/lib/gcc/avr/4.7.2/../../../../avr/lib/avr51/libc.a(putchar.o)
                              ../../../src/radio/rf231_soc/source/basic_rf.o (putchar)
/opt/local/lib/gcc/avr/4.7.2/../../../../avr/lib/avr51/libc.a(puts.o)
                              main.o (puts)
/opt/local/lib/gcc/avr/4.7.2/../../../../avr/lib/avr51/libc.a(sprintf.o)
                              ../../../src/kernel/source/nrk_error.o (sprintf)
/opt/local/lib/gcc/avr/4.7.2/../../../../avr/lib/avr51/libc.a(ultoa_invert.o)
                              /opt/local/lib/gcc/avr/4.7.2/../../../../avr/lib/avr51/libprintf_min.a(vfprintf_min.o) (__ultoa_invert)
/opt/local/lib/gcc/avr/4.7.2/../../../../avr/lib/avr51/libc.a(eerd_byte_atmega128rfa1.o)
                              ../../../src/platform/firefly3/source/nrk_eeprom.o (__eerd_byte_m128rfa1)
/opt/local/lib/gcc/avr/4.7.2/../../../../avr/lib/avr51/libc.a(eewr_byte_atmega128rfa1.o)
                              ../../../src/platform/firefly3/source/nrk_eeprom.o (__eewr_byte_m128rfa1)
/opt/local/lib/gcc/avr/4.7.2/../../../../avr/lib/avr51/libc.a(calloc.o)
                              /opt/local/lib/gcc/avr/4.7.2/../../../../avr/lib/avr51/libc.a(fdevopen.o) (calloc)
/opt/local/lib/gcc/avr/4.7.2/../../../../avr/lib/avr51/libc.a(malloc.o)
                              /opt/local/lib/gcc/avr/4.7.2/../../../../avr/lib/avr51/libc.a(calloc.o) (malloc)
/opt/local/lib/gcc/avr/4.7.2/../../../../avr/lib/avr51/libc.a(memset.o)
                              /opt/local/lib/gcc/avr/4.7.2/../../../../avr/lib/avr51/libc.a(calloc.o) (memset)

Allocating common symbols
Common symbol       size              file

rx_ctr              0x4               ../../../src/radio/rf231_soc/source/basic_rf.o
[...]
Memory Configuration

Name             Origin             Length             Attributes
text             0x0000000000000000 0x0000000000020000 xr
data             0x0000000000800100 0x000000000000ff00 rw !x
eeprom           0x0000000000810000 0x0000000000010000 rw !x
fuse             0x0000000000820000 0x0000000000000400 rw !x
lock             0x0000000000830000 0x0000000000000400 rw !x
signature        0x0000000000840000 0x0000000000000400 rw !x
*default*        0x0000000000000000 0xffffffffffffffff

Linker script and memory map

Address of section .data set to 0x800200
LOAD /opt/local/lib/gcc/avr/4.7.2/../../../../avr/lib/avr51/crtm128rfa1.o
LOAD main.o
LOAD ../../../src/drivers/platform/firefly3/source/ff_basic_sensor.o
LOAD ../../../src/drivers/platform/firefly3/source/twi_base_calls.o
LOAD ../../../src/radio/rf231_soc/source/basic_rf.o
LOAD ../../../src/platform/firefly3/source/ulib.o
LOAD ../../../src/platform/firefly3/source/hal_wait.o
LOAD ../../../src/platform/firefly3/source/nrk_eeprom.o
LOAD ../../../src/kernel/source/nrk.o
LOAD ../../../src/kernel/source/nrk_stats.o
LOAD ../../../src/kernel/source/nrk_error.o
LOAD ../../../src/kernel/source/nrk_stack_check.o
LOAD ../../../src/kernel/source/nrk_events.o
LOAD ../../../src/kernel/source/nrk_task.o
LOAD ../../../src/kernel/source/nrk_time.o
LOAD ../../../src/kernel/source/nrk_idle_task.o
LOAD ../../../src/kernel/source/nrk_scheduler.o
LOAD ../../../src/kernel/source/nrk_driver.o
LOAD ../../../src/kernel/source/nrk_reserve.o
LOAD ../../../src/kernel/source/nrk_sw_wdt.o
LOAD ../../../src/kernel/hal/atmega128rfa1/nrk_timer.o
LOAD ../../../src/kernel/hal/atmega128rfa1/nrk_status.o
LOAD ../../../src/kernel/hal/atmega128rfa1/nrk_ext_int.o
LOAD ../../../src/kernel/hal/atmega128rfa1/nrk_watchdog.o
LOAD ../../../src/kernel/hal/atmega128rfa1/nrk_cpu.o
LOAD ../../../src/kernel/hal/atmega128rfa1/atmel_hw_specific.o
LOAD /opt/local/lib/gcc/avr/4.7.2/../../../../avr/lib/avr51/libprintf_min.a
LOAD /opt/local/lib/gcc/avr/4.7.2/../../../../avr/lib/avr51/libm.a
LOAD /opt/local/lib/gcc/avr/4.7.2/avr51/libgcc.a
LOAD /opt/local/lib/gcc/avr/4.7.2/../../../../avr/lib/avr51/libc.a
LOAD /opt/local/lib/gcc/avr/4.7.2/avr51/libgcc.a

.hash
 *(.hash)

.dynsym
 *(.dynsym)

.dynstr
 *(.dynstr)

.gnu.version
 *(.gnu.version)

.gnu.version_d
 *(.gnu.version_d)

.gnu.version_r
 *(.gnu.version_r)

.rel.init
 *(.rel.init)

.rela.init
 *(.rela.init)

.rel.text
 *(.rel.text)
 *(.rel.text.*)
 *(.rel.gnu.linkonce.t*)

.rela.text
 *(.rela.text)
 *(.rela.text.*)
 *(.rela.gnu.linkonce.t*)

.rel.fini
 *(.rel.fini)

.rela.fini
 *(.rela.fini)

.rel.rodata
 *(.rel.rodata)
 *(.rel.rodata.*)
 *(.rel.gnu.linkonce.r*)

.rela.rodata
 *(.rela.rodata)
 *(.rela.rodata.*)
 *(.rela.gnu.linkonce.r*)

.rel.data
 *(.rel.data)
 *(.rel.data.*)
 *(.rel.gnu.linkonce.d*)

.rela.data
 *(.rela.data)
 *(.rela.data.*)
 *(.rela.gnu.linkonce.d*)

.rel.ctors
 *(.rel.ctors)

.rela.ctors
 *(.rela.ctors)

.rel.dtors
 *(.rel.dtors)

.rela.dtors
 *(.rela.dtors)

.rel.got
 *(.rel.got)

.rela.got
 *(.rela.got)

.rel.bss
 *(.rel.bss)

.rela.bss
 *(.rela.bss)

.rel.plt
 *(.rel.plt)

.rela.plt
 *(.rela.plt)

.text           0x0000000000000000     0x595e
 *(.vectors)
 .vectors       0x0000000000000000      0x120 /opt/local/lib/gcc/avr/4.7.2/../../../../avr/lib/avr51/crtm128rfa1.o
                0x0000000000000000                __vectors
 *(.vectors)
 *(.progmem.gcc*)
 .progmem.gcc_sw_table
                0x0000000000000120       0x2c ../../../src/kernel/source/nrk_error.o
 *(.progmem*)
 .progmem.data  0x000000000000014c       0x3e main.o
 .progmem.data  0x000000000000018a      0x238 ../../../src/kernel/source/nrk_error.o
 .progmem.data  0x00000000000003c2        0xf ../../../src/kernel/source/nrk_stack_check.o
 .progmem.data  0x00000000000003d1       0x17 /opt/local/lib/gcc/avr/4.7.2/../../../../avr/lib/avr51/libprintf_min.a(vfprintf_min.o)
                0x00000000000003e8                . = ALIGN (0x2)
                0x00000000000003e8                __trampolines_start = .
 *(.trampolines)
 .trampolines   0x00000000000003e8        0x0 linker stubs
 *(.trampolines*)
                0x00000000000003e8                __trampolines_end = .
 *(.jumptables)
 *(.jumptables*)
 *(.lowtext)
 *(.lowtext*)
                0x00000000000003e8                __ctors_start = .
 *(.ctors)
                0x00000000000003e8                __ctors_end = .
                0x00000000000003e8                __dtors_start = .
 *(.dtors)
                0x00000000000003e8                __dtors_end = .
 SORT(*)(.ctors)
 SORT(*)(.dtors)
 *(.init0)
 .init0         0x00000000000003e8        0x0 /opt/local/lib/gcc/avr/4.7.2/../../../../avr/lib/avr51/crtm128rfa1.o
                0x00000000000003e8                __init
 *(.init0)
 *(.init1)
 *(.init1)
 *(.init2)
 .init2         0x00000000000003e8        0xc /opt/local/lib/gcc/avr/4.7.2/../../../../avr/lib/avr51/crtm128rfa1.o
 *(.init2)
 *(.init3)
 *(.init3)
 *(.init4)
 .init4         0x00000000000003f4       0x1a /opt/local/lib/gcc/avr/4.7.2/avr51/libgcc.a(_copy_data.o)
                0x00000000000003f4                __do_copy_data
 .init4         0x000000000000040e       0x10 /opt/local/lib/gcc/avr/4.7.2/avr51/libgcc.a(_clear_bss.o)
                0x000000000000040e                __do_clear_bss
 *(.init4)
 *(.init5)
 *(.init5)
 *(.init6)
 *(.init6)
 *(.init7)
 *(.init7)
 *(.init8)
 *(.init8)
 *(.init9)
 .init9         0x000000000000041e        0x8 /opt/local/lib/gcc/avr/4.7.2/../../../../avr/lib/avr51/crtm128rfa1.o
 *(.init9)
 *(.text)
 .text          0x0000000000000426        0x4 /opt/local/lib/gcc/avr/4.7.2/../../../../avr/lib/avr51/crtm128rfa1.o
                0x0000000000000426                __vector_65
                0x0000000000000426                __vector_22
                0x0000000000000426                __vector_28
                0x0000000000000426                __vector_67
                0x0000000000000426                __vector_71
                0x0000000000000426                __vector_34
                0x0000000000000426                __vector_24
                0x0000000000000426                __vector_12
                0x0000000000000426                __vector_55
                0x0000000000000426                __vector_69
                0x0000000000000426                __vector_46
                0x0000000000000426                __bad_interrupt
                0x0000000000000426                __vector_6
                0x0000000000000426                __vector_31
                0x0000000000000426                __vector_35
                0x0000000000000426                __vector_39
                0x0000000000000426                __vector_23
                0x0000000000000426                __vector_68
                0x0000000000000426                __vector_30
                0x0000000000000426                __vector_45
                0x0000000000000426                __vector_25
                0x0000000000000426                __vector_11
                0x0000000000000426                __vector_54
                0x0000000000000426                __vector_17
                0x0000000000000426                __vector_19
                0x0000000000000426                __vector_56
                0x0000000000000426                __vector_7
                0x0000000000000426                __vector_49
                0x0000000000000426                __vector_41
                0x0000000000000426                __vector_43
                0x0000000000000426                __vector_27
                0x0000000000000426                __vector_5
                0x0000000000000426                __vector_33
                0x0000000000000426                __vector_47
                0x0000000000000426                __vector_52
                0x0000000000000426                __vector_37
                0x0000000000000426                __vector_4
                0x0000000000000426                __vector_44
                0x0000000000000426                __vector_51
                0x0000000000000426                __vector_21
                0x0000000000000426                __vector_66
                0x0000000000000426                __vector_36
                0x0000000000000426                __vector_70
                0x0000000000000426                __vector_29
                0x0000000000000426                __vector_40
                0x0000000000000426                __vector_8
                0x0000000000000426                __vector_26
                0x0000000000000426                __vector_48
                0x0000000000000426                __vector_14
                0x0000000000000426                __vector_53
                0x0000000000000426                __vector_10
                0x0000000000000426                __vector_50
                0x0000000000000426                __vector_16
                0x0000000000000426                __vector_18
                0x0000000000000426                __vector_20
                0x0000000000000426                __vector_42
                0x0000000000000426                __vector_38
 .text          0x000000000000042a      0x16e main.o
                0x000000000000042a                Task1
                0x00000000000004da                nrk_create_taskset
                0x0000000000000580                nrk_register_drivers
 .text          0x0000000000000598      0x8a8 ../../../src/drivers/platform/firefly3/source/ff_basic_sensor.o
                0x0000000000000598                open
                0x00000000000005e6                close
                0x00000000000005fe                get_status
                0x000000000000060c                set_status
                0x000000000000066a                get_eeprom_values
                0x00000000000006da                init_adc
                0x0000000000000708                init
                0x0000000000000728                delay
                0x0000000000000730                get_adc_val
                0x000000000000075c                calc_true_press
                0x0000000000000a72                calc_true_temp
                0x0000000000000b5e                read_uncomp_temp
                0x0000000000000bc6                calc_temp
                0x0000000000000bce                read_uncomp_press
                0x0000000000000c6a                calc_press
                0x0000000000000c7a                read
                0x0000000000000dec                dev_manager_ff3_sensors
 .text          0x0000000000000e40      0x2f0 ../../../src/drivers/platform/firefly3/source/twi_base_calls.o
                0x0000000000000e40                set_i2c_device
                0x0000000000000e46                init_i2c
                0x0000000000000e66                close_i2c
                0x0000000000000e7a                ee24xx_read_bytes
                0x0000000000000fbc                ee24xx_write_page
                0x00000000000010b6                ee24xx_write_bytes
                0x0000000000001112                error
 .text          0x0000000000001130      0x932 ../../../src/radio/rf231_soc/source/basic_rf.o
                0x0000000000001140                rf_enable_glossy
                0x0000000000001148                rf_disable_glossy
                0x000000000000114e                rf_power_down
                0x000000000000119a                rf_power_up
                0x00000000000011c6                rf_tx_power
                0x00000000000011da                rf_addr_decode_enable
                0x00000000000011e6                rf_addr_decode_disable
                0x00000000000011f2                rf_auto_ack_enable
                0x00000000000011fe                rf_auto_ack_disable
                0x000000000000120a                rf_addr_decode_set_my_mac
                0x000000000000121c                rf_set_rx
                0x0000000000001236                rx_start_callback
                0x0000000000001240                rx_end_callback
                0x000000000000124a                rf_init
                0x0000000000001330                rf_rx_on
                0x0000000000001336                rf_polling_rx_on
                0x000000000000133c                rf_rx_off
                0x0000000000001348                rf_tx_packet_repeat
                0x00000000000015d8                rf_tx_packet
                0x00000000000015e0                rf_cca_check
                0x0000000000001644                rf_rx_packet_nonblock
                0x000000000000175c                __vector_64
                0x000000000000177a                __vector_63
                0x000000000000179e                __vector_62
                0x00000000000017bc                __vector_61
                0x00000000000017da                __vector_59
                0x000000000000183a                __vector_58
                0x0000000000001858                __vector_57
                0x0000000000001876                rf_set_cca_thresh
                0x000000000000188a                rf_security_last_pkt_status
                0x000000000000188e                rf_security_set_ctr_counter
                0x0000000000001890                rf_security_set_key
                0x0000000000001892                rf_security_disable
                0x0000000000001894                rf_tx_tdma_packet
                0x0000000000001898                rf_get_sem
                0x00000000000018a2                rf_rx_packet
                0x00000000000018a6                rf_flush_rx_fifo
                0x00000000000018a8                rf_busy
                0x00000000000018ac                rf_rx_check_fifop
                0x00000000000018b0                rf_rx_check_sfd
                0x00000000000018b4                rf_carrier_on
                0x00000000000018b6                rf_carrier_off
                0x00000000000018b8                rf_test_mode
                0x00000000000018ba                rf_data_mode
                0x00000000000018bc                rf_rx_set_serial
                0x00000000000018be                rf_tx_set_serial
                0x00000000000018c0                rf_set_preamble_length
                0x00000000000018c2                rf_set_cca_mode
                0x00000000000018c4                rf_cc2591_tx_on
                0x00000000000018e0                rf_cc2591_rx_on
                0x00000000000018fc                rf_glossy_interrupt
                0x00000000000019d8                __vector_60
 .text          0x0000000000001a62      0x7ac ../../../src/platform/firefly3/source/ulib.o
                0x0000000000001a62                getc0
                0x0000000000001a7a                putc0
                0x0000000000001a92                nrk_uart_rx_signal_get
                0x0000000000001a96                nrk_uart_data_ready
                0x0000000000001ab4                nrk_kprintf
                0x0000000000001ada                PORT_INIT
                0x0000000000001af4                nrk_setup_ports
                0x0000000000001af8                nrk_gpio_set
                0x0000000000001bce                nrk_gpio_clr
                0x0000000000001cb2                nrk_gpio_get
                0x0000000000001d08                nrk_gpio_toggle
                0x0000000000001ee0                nrk_gpio_direction
                0x00000000000020b4                nrk_get_button
                0x00000000000020c8                nrk_led_toggle
                0x00000000000020f6                nrk_led_clr
                0x0000000000002124                nrk_led_set
                0x0000000000002152                nrk_gpio_pullups
                0x0000000000002166                putc1
                0x0000000000002174                setup_uart0
                0x000000000000219e                setup_uart1
                0x00000000000021c8                nrk_setup_uart
                0x00000000000021f6                getc1
 .text          0x000000000000220e        0xe ../../../src/platform/firefly3/source/hal_wait.o
                0x000000000000220e                halWait
 .text          0x000000000000221c      0x130 ../../../src/platform/firefly3/source/nrk_eeprom.o
                0x000000000000221c                nrk_eeprom_read_byte
                0x0000000000002220                nrk_eeprom_write_byte
                0x0000000000002226                read_eeprom_mac_address
                0x000000000000228c                read_eeprom_channel
                0x00000000000022a4                write_eeprom_load_img_pages
                0x00000000000022b4                read_eeprom_load_img_pages
                0x00000000000022cc                read_eeprom_aes_key
                0x00000000000022f8                write_eeprom_aes_key
                0x0000000000002324                read_eeprom_current_image_checksum
                0x000000000000233c                write_eeprom_current_image_checksum
 .text          0x000000000000234c      0x34a ../../../src/kernel/source/nrk.o
                0x000000000000234c                nrk_int_disable
                0x0000000000002350                nrk_int_enable
                0x0000000000002354                nrk_halt
                0x000000000000235a                nrk_init
                0x000000000000249e                nrk_start
                0x0000000000002502                nrk_TCB_init
                0x000000000000268c                _nrk_timer_tick
                0x0000000000002690                nrk_version
 .text          0x0000000000002696        0x0 ../../../src/kernel/source/nrk_stats.o
 .text          0x0000000000002696      0x312 ../../../src/kernel/source/nrk_error.o
                0x0000000000002696                _nrk_errno_set
                0x00000000000026a2                nrk_errno_get
                0x00000000000026ae                nrk_error_get
                0x00000000000026ca                nrk_error_print
                0x00000000000027de                nrk_kernel_error_add
                0x00000000000027ea                nrk_error_add
                0x0000000000002800                pause
                0x000000000000282a                blink_dot
                0x0000000000002842                blink_dash
                0x0000000000002862                blink_morse_code_error
 .text          0x00000000000029a8      0x1f2 ../../../src/kernel/source/nrk_stack_check.o
                0x00000000000029a8                dump_stack_info
                0x0000000000002b1c                nrk_stack_check
                0x0000000000002b66                nrk_stack_check_pid
 .text          0x0000000000002b9a      0x680 ../../../src/kernel/source/nrk_events.o
                0x0000000000002b9a                nrk_signal_create
                0x0000000000002c0c                nrk_signal_get_registered_mask
                0x0000000000002c1e                nrk_signal_delete
                0x0000000000002d4a                nrk_signal_unregister
                0x0000000000002dc4                nrk_signal_register
                0x0000000000002e26                nrk_event_signal
                0x0000000000002f08                nrk_event_wait
                0x0000000000002f82                nrk_sem_create
                0x0000000000002fca                nrk_get_resource_index
                0x0000000000002fe4                nrk_sem_delete
                0x0000000000003026                nrk_sem_post
                0x0000000000003138                nrk_sem_pend
                0x00000000000031ea                nrk_sem_query
 .text          0x000000000000321a      0x668 ../../../src/kernel/source/nrk_task.o
                0x000000000000321a                nrk_get_high_ready_task_ID
                0x0000000000003226                nrk_print_readyQ
                0x000000000000323c                nrk_add_to_readyQ
                0x0000000000003380                nrk_rem_from_readyQ
                0x0000000000003420                nrk_activate_task
                0x00000000000034ae                nrk_set_next_wakeup
                0x000000000000351a                _nrk_wait_for_scheduler
                0x000000000000352e                nrk_wait
                0x00000000000035dc                nrk_wait_until_nw
                0x000000000000362a                nrk_wait_until_ticks
                0x0000000000003680                nrk_wait_ticks
                0x00000000000036ee                nrk_wait_until_next_n_periods
                0x0000000000003750                nrk_wait_until_next_period
                0x00000000000037a8                nrk_terminate_task
                0x00000000000037ca                nrk_wait_until
                0x0000000000003876                nrk_get_pid
 .text          0x0000000000003882      0x63a ../../../src/kernel/source/nrk_time.o
                0x0000000000003882                nrk_time_get
                0x000000000000393a                nrk_time_sub
                0x0000000000003a64                nrk_time_compact_nanos
                0x0000000000003aa8                nrk_time_add
                0x0000000000003b5e                nrk_time_set
                0x0000000000003b80                _nrk_time_to_ticks
                0x0000000000003cf0                _nrk_ticks_to_time
                0x0000000000003d5e                _nrk_time_to_ticks_long
 .text          0x0000000000003ebc       0x48 ../../../src/kernel/source/nrk_idle_task.o
                0x0000000000003ebc                nrk_idle_task
 .text          0x0000000000003f04      0x49c ../../../src/kernel/source/nrk_scheduler.o
                0x0000000000003f04                _nrk_scheduler
 .text          0x00000000000043a0      0x1e6 ../../../src/kernel/source/nrk_driver.o
                0x00000000000043a0                nrk_register_driver
                0x00000000000043d0                nrk_open
                0x0000000000004462                nrk_close
                0x000000000000449e                nrk_write
                0x00000000000044d8                nrk_read
                0x0000000000004512                nrk_set_status
                0x000000000000454c                nrk_get_status
 .text          0x0000000000004586        0x0 ../../../src/kernel/source/nrk_reserve.o
 .text          0x0000000000004586        0x0 ../../../src/kernel/source/nrk_sw_wdt.o
 .text          0x0000000000004586      0x396 ../../../src/kernel/hal/atmega128rfa1/nrk_timer.o
                0x0000000000004586                nrk_spin_wait_us
                0x00000000000045a4                _nrk_precision_os_timer_stop
                0x00000000000045aa                _nrk_precision_os_timer_start
                0x00000000000045be                _nrk_precision_os_timer_reset
                0x00000000000045c8                _nrk_precision_os_timer_get
                0x00000000000045ee                _nrk_high_speed_timer_stop
                0x00000000000045f4                _nrk_high_speed_timer_start
                0x00000000000045fc                _nrk_high_speed_timer_reset
                0x000000000000460c                _nrk_high_speed_timer_get
                0x0000000000004632                nrk_high_speed_timer_wait
                0x0000000000004692                _nrk_os_timer_stop
                0x00000000000046a8                _nrk_os_timer_set
                0x00000000000046ae                _nrk_os_timer_start
                0x00000000000046c0                _nrk_os_timer_reset
                0x00000000000046d4                _nrk_setup_timer
                0x0000000000004756                _nrk_get_next_wakeup
                0x000000000000475e                _nrk_set_next_wakeup
                0x0000000000004766                nrk_timer_int_stop
                0x0000000000004772                nrk_timer_int_reset
                0x0000000000004786                nrk_timer_int_read
                0x000000000000479c                nrk_timer_int_start
                0x00000000000047ae                nrk_timer_int_configure
                0x0000000000004824                _nrk_os_timer_get
                0x000000000000482a                __vector_default
                0x000000000000483e                __vector_13
                0x000000000000483e                __vector_15
                0x00000000000048a4                __vector_32
                0x0000000000004908                SIG_OUTPUT_COMPARE1A
 .text          0x000000000000491c       0x4c ../../../src/kernel/hal/atmega128rfa1/nrk_status.o
                0x000000000000491c                _nrk_startup_error
 .text          0x0000000000004968      0x3aa ../../../src/kernel/hal/atmega128rfa1/nrk_ext_int.o
                0x0000000000004968                nrk_ext_int_enable
                0x00000000000049ea                nrk_ext_int_disable
                0x0000000000004a6c                nrk_ext_int_configure
                0x0000000000004b82                __vector_9
                0x0000000000004be6                __vector_1
                0x0000000000004c4a                __vector_2
                0x0000000000004cae                __vector_3
 .text          0x0000000000004d12       0x4c ../../../src/kernel/hal/atmega128rfa1/nrk_watchdog.o
                0x0000000000004d12                nrk_watchdog_disable
                0x0000000000004d2e                nrk_watchdog_enable
                0x0000000000004d4c                nrk_watchdog_check
                0x0000000000004d5a                nrk_watchdog_reset
 .text          0x0000000000004d5e      0x148 ../../../src/kernel/hal/atmega128rfa1/nrk_cpu.o
                0x0000000000004d5e                nrk_battery_save
                0x0000000000004d60                nrk_sleep
                0x0000000000004d78                nrk_idle
                0x0000000000004d8e                nrk_task_set_entry_function
                0x0000000000004d96                nrk_task_set_stk
                0x0000000000004dd4                nrk_task_stk_init
                0x0000000000004e72                nrk_stack_pointer_init
                0x0000000000004e90                nrk_stack_pointer_restore
                0x0000000000004e9e                nrk_target_start
 .text          0x0000000000004ea6       0x56 ../../../src/kernel/hal/atmega128rfa1/atmel_hw_specific.o
                0x0000000000004ea6                nrk_start_high_ready_task
 .text          0x0000000000004efc        0x0 /opt/local/lib/gcc/avr/4.7.2/../../../../avr/lib/avr51/libprintf_min.a(vfprintf_min.o)
 .text          0x0000000000004efc        0x0 /opt/local/lib/gcc/avr/4.7.2/avr51/libgcc.a(_muluhisi3.o)
 .text          0x0000000000004efc        0x0 /opt/local/lib/gcc/avr/4.7.2/avr51/libgcc.a(_mulshisi3.o)
 .text          0x0000000000004efc        0x0 /opt/local/lib/gcc/avr/4.7.2/avr51/libgcc.a(_mulsi3.o)
 .text          0x0000000000004efc        0x0 /opt/local/lib/gcc/avr/4.7.2/avr51/libgcc.a(_udivmodhi4.o)
 .text          0x0000000000004efc        0x0 /opt/local/lib/gcc/avr/4.7.2/avr51/libgcc.a(_udivmodsi4.o)
 .text          0x0000000000004efc        0x0 /opt/local/lib/gcc/avr/4.7.2/avr51/libgcc.a(_divmodsi4.o)
 .text          0x0000000000004efc        0x0 /opt/local/lib/gcc/avr/4.7.2/avr51/libgcc.a(_udivdi3.o)
 .text          0x0000000000004efc        0x0 /opt/local/lib/gcc/avr/4.7.2/avr51/libgcc.a(_udivmod64.o)
 .text          0x0000000000004efc        0x0 /opt/local/lib/gcc/avr/4.7.2/avr51/libgcc.a(_exit.o)
 .text          0x0000000000004efc        0x0 /opt/local/lib/gcc/avr/4.7.2/avr51/libgcc.a(_tablejump.o)
 .text          0x0000000000004efc        0x0 /opt/local/lib/gcc/avr/4.7.2/avr51/libgcc.a(_copy_data.o)
 .text          0x0000000000004efc        0x0 /opt/local/lib/gcc/avr/4.7.2/avr51/libgcc.a(_clear_bss.o)
 .text          0x0000000000004efc        0x0 /opt/local/lib/gcc/avr/4.7.2/avr51/libgcc.a(_adddi3.o)
 .text          0x0000000000004efc        0x0 /opt/local/lib/gcc/avr/4.7.2/avr51/libgcc.a(_umulhisi3.o)
 .text          0x0000000000004efc        0x0 /opt/local/lib/gcc/avr/4.7.2/../../../../avr/lib/avr51/libc.a(strchr_P.o)
 .text          0x0000000000004efc        0x0 /opt/local/lib/gcc/avr/4.7.2/../../../../avr/lib/avr51/libc.a(memcpy.o)
 .text          0x0000000000004efc        0x0 /opt/local/lib/gcc/avr/4.7.2/../../../../avr/lib/avr51/libc.a(fdevopen.o)
 .text          0x0000000000004efc        0x0 /opt/local/lib/gcc/avr/4.7.2/../../../../avr/lib/avr51/libc.a(fputc.o)
 .text          0x0000000000004efc        0x0 /opt/local/lib/gcc/avr/4.7.2/../../../../avr/lib/avr51/libc.a(iob.o)
 .text          0x0000000000004efc        0x0 /opt/local/lib/gcc/avr/4.7.2/../../../../avr/lib/avr51/libc.a(printf.o)
 .text          0x0000000000004efc        0x0 /opt/local/lib/gcc/avr/4.7.2/../../../../avr/lib/avr51/libc.a(putchar.o)
 .text          0x0000000000004efc        0x0 /opt/local/lib/gcc/avr/4.7.2/../../../../avr/lib/avr51/libc.a(puts.o)
 .text          0x0000000000004efc        0x0 /opt/local/lib/gcc/avr/4.7.2/../../../../avr/lib/avr51/libc.a(sprintf.o)
 .text          0x0000000000004efc        0x0 /opt/local/lib/gcc/avr/4.7.2/../../../../avr/lib/avr51/libc.a(ultoa_invert.o)
 .text          0x0000000000004efc        0x0 /opt/local/lib/gcc/avr/4.7.2/../../../../avr/lib/avr51/libc.a(eerd_byte_atmega128rfa1.o)
 .text          0x0000000000004efc        0x0 /opt/local/lib/gcc/avr/4.7.2/../../../../avr/lib/avr51/libc.a(eewr_byte_atmega128rfa1.o)
 .text          0x0000000000004efc        0x0 /opt/local/lib/gcc/avr/4.7.2/../../../../avr/lib/avr51/libc.a(calloc.o)
 .text          0x0000000000004efc        0x0 /opt/local/lib/gcc/avr/4.7.2/../../../../avr/lib/avr51/libc.a(malloc.o)
 .text          0x0000000000004efc        0x0 /opt/local/lib/gcc/avr/4.7.2/../../../../avr/lib/avr51/libc.a(memset.o)
                0x0000000000004efc                . = ALIGN (0x2)
 *(.text.*)
 .text.startup  0x0000000000004efc       0x3a main.o
                0x0000000000004efc                main
 .text.avr-libc
                0x0000000000004f36      0x292 /opt/local/lib/gcc/avr/4.7.2/../../../../avr/lib/avr51/libprintf_min.a(vfprintf_min.o)
                0x0000000000004f36                vfprintf
 .text.libgcc.mul
                0x00000000000051c8       0x16 /opt/local/lib/gcc/avr/4.7.2/avr51/libgcc.a(_muluhisi3.o)
                0x00000000000051c8                __muluhisi3
 .text.libgcc.div
                0x00000000000051de        0x0 /opt/local/lib/gcc/avr/4.7.2/avr51/libgcc.a(_muluhisi3.o)
 .text.libgcc   0x00000000000051de        0x0 /opt/local/lib/gcc/avr/4.7.2/avr51/libgcc.a(_muluhisi3.o)
 .text.libgcc.prologue
                0x00000000000051de        0x0 /opt/local/lib/gcc/avr/4.7.2/avr51/libgcc.a(_muluhisi3.o)
 .text.libgcc.builtins
                0x00000000000051de        0x0 /opt/local/lib/gcc/avr/4.7.2/avr51/libgcc.a(_muluhisi3.o)
 .text.libgcc.fmul
                0x00000000000051de        0x0 /opt/local/lib/gcc/avr/4.7.2/avr51/libgcc.a(_muluhisi3.o)
 .text.libgcc.mul
                0x00000000000051de       0x10 /opt/local/lib/gcc/avr/4.7.2/avr51/libgcc.a(_mulshisi3.o)
                0x00000000000051de                __mulshisi3
                0x00000000000051e4                __mulohisi3
 .text.libgcc.div
                0x00000000000051ee        0x0 /opt/local/lib/gcc/avr/4.7.2/avr51/libgcc.a(_mulshisi3.o)
 .text.libgcc   0x00000000000051ee        0x0 /opt/local/lib/gcc/avr/4.7.2/avr51/libgcc.a(_mulshisi3.o)
 .text.libgcc.prologue
                0x00000000000051ee        0x0 /opt/local/lib/gcc/avr/4.7.2/avr51/libgcc.a(_mulshisi3.o)
 .text.libgcc.builtins
                0x00000000000051ee        0x0 /opt/local/lib/gcc/avr/4.7.2/avr51/libgcc.a(_mulshisi3.o)
 .text.libgcc.fmul
                0x00000000000051ee        0x0 /opt/local/lib/gcc/avr/4.7.2/avr51/libgcc.a(_mulshisi3.o)
 .text.libgcc.mul
                0x00000000000051ee       0x20 /opt/local/lib/gcc/avr/4.7.2/avr51/libgcc.a(_mulsi3.o)
                0x00000000000051ee                __mulsi3
 .text.libgcc.div
                0x000000000000520e        0x0 /opt/local/lib/gcc/avr/4.7.2/avr51/libgcc.a(_mulsi3.o)
 .text.libgcc   0x000000000000520e        0x0 /opt/local/lib/gcc/avr/4.7.2/avr51/libgcc.a(_mulsi3.o)
 .text.libgcc.prologue
                0x000000000000520e        0x0 /opt/local/lib/gcc/avr/4.7.2/avr51/libgcc.a(_mulsi3.o)
 .text.libgcc.builtins
                0x000000000000520e        0x0 /opt/local/lib/gcc/avr/4.7.2/avr51/libgcc.a(_mulsi3.o)
 .text.libgcc.fmul
                0x000000000000520e        0x0 /opt/local/lib/gcc/avr/4.7.2/avr51/libgcc.a(_mulsi3.o)
 .text.libgcc.mul
                0x000000000000520e        0x0 /opt/local/lib/gcc/avr/4.7.2/avr51/libgcc.a(_udivmodhi4.o)
 .text.libgcc.div
                0x000000000000520e       0x28 /opt/local/lib/gcc/avr/4.7.2/avr51/libgcc.a(_udivmodhi4.o)
                0x000000000000520e                __udivmodhi4
 .text.libgcc   0x0000000000005236        0x0 /opt/local/lib/gcc/avr/4.7.2/avr51/libgcc.a(_udivmodhi4.o)
 .text.libgcc.prologue
                0x0000000000005236        0x0 /opt/local/lib/gcc/avr/4.7.2/avr51/libgcc.a(_udivmodhi4.o)
 .text.libgcc.builtins
                0x0000000000005236        0x0 /opt/local/lib/gcc/avr/4.7.2/avr51/libgcc.a(_udivmodhi4.o)
 .text.libgcc.fmul
                0x0000000000005236        0x0 /opt/local/lib/gcc/avr/4.7.2/avr51/libgcc.a(_udivmodhi4.o)
 .text.libgcc.mul
                0x0000000000005236        0x0 /opt/local/lib/gcc/avr/4.7.2/avr51/libgcc.a(_udivmodsi4.o)
 .text.libgcc.div
                0x0000000000005236       0x44 /opt/local/lib/gcc/avr/4.7.2/avr51/libgcc.a(_udivmodsi4.o)
                0x0000000000005236                __udivmodsi4
 .text.libgcc   0x000000000000527a        0x0 /opt/local/lib/gcc/avr/4.7.2/avr51/libgcc.a(_udivmodsi4.o)
 .text.libgcc.prologue
                0x000000000000527a        0x0 /opt/local/lib/gcc/avr/4.7.2/avr51/libgcc.a(_udivmodsi4.o)
 .text.libgcc.builtins
                0x000000000000527a        0x0 /opt/local/lib/gcc/avr/4.7.2/avr51/libgcc.a(_udivmodsi4.o)
 .text.libgcc.fmul
                0x000000000000527a        0x0 /opt/local/lib/gcc/avr/4.7.2/avr51/libgcc.a(_udivmodsi4.o)
 .text.libgcc.mul
                0x000000000000527a        0x0 /opt/local/lib/gcc/avr/4.7.2/avr51/libgcc.a(_divmodsi4.o)
 .text.libgcc.div
                0x000000000000527a       0x38 /opt/local/lib/gcc/avr/4.7.2/avr51/libgcc.a(_divmodsi4.o)
                0x000000000000527a                __divmodsi4
 .text.libgcc   0x00000000000052b2        0x0 /opt/local/lib/gcc/avr/4.7.2/avr51/libgcc.a(_divmodsi4.o)
 .text.libgcc.prologue
                0x00000000000052b2        0x0 /opt/local/lib/gcc/avr/4.7.2/avr51/libgcc.a(_divmodsi4.o)
 .text.libgcc.builtins
                0x00000000000052b2        0x0 /opt/local/lib/gcc/avr/4.7.2/avr51/libgcc.a(_divmodsi4.o)
 .text.libgcc.fmul
                0x00000000000052b2        0x0 /opt/local/lib/gcc/avr/4.7.2/avr51/libgcc.a(_divmodsi4.o)
 .text.libgcc.mul
                0x00000000000052b2        0x0 /opt/local/lib/gcc/avr/4.7.2/avr51/libgcc.a(_udivdi3.o)
 .text.libgcc.div
                0x00000000000052b2       0x1c /opt/local/lib/gcc/avr/4.7.2/avr51/libgcc.a(_udivdi3.o)
                0x00000000000052b2                __umoddi3
                0x00000000000052b6                __udivdi3
                0x00000000000052b8                __udivdi3_umoddi3
 .text.libgcc   0x00000000000052ce        0x0 /opt/local/lib/gcc/avr/4.7.2/avr51/libgcc.a(_udivdi3.o)
 .text.libgcc.prologue
                0x00000000000052ce        0x0 /opt/local/lib/gcc/avr/4.7.2/avr51/libgcc.a(_udivdi3.o)
 .text.libgcc.builtins
                0x00000000000052ce        0x0 /opt/local/lib/gcc/avr/4.7.2/avr51/libgcc.a(_udivdi3.o)
 .text.libgcc.fmul
                0x00000000000052ce        0x0 /opt/local/lib/gcc/avr/4.7.2/avr51/libgcc.a(_udivdi3.o)
 .text.libgcc.mul
                0x00000000000052ce        0x0 /opt/local/lib/gcc/avr/4.7.2/avr51/libgcc.a(_udivmod64.o)
 .text.libgcc.div
                0x00000000000052ce       0xa2 /opt/local/lib/gcc/avr/4.7.2/avr51/libgcc.a(_udivmod64.o)
                0x00000000000052ce                __udivmod64
 .text.libgcc   0x0000000000005370        0x0 /opt/local/lib/gcc/avr/4.7.2/avr51/libgcc.a(_udivmod64.o)
 .text.libgcc.prologue
                0x0000000000005370        0x0 /opt/local/lib/gcc/avr/4.7.2/avr51/libgcc.a(_udivmod64.o)
 .text.libgcc.builtins
                0x0000000000005370        0x0 /opt/local/lib/gcc/avr/4.7.2/avr51/libgcc.a(_udivmod64.o)
 .text.libgcc.fmul
                0x0000000000005370        0x0 /opt/local/lib/gcc/avr/4.7.2/avr51/libgcc.a(_udivmod64.o)
 .text.libgcc.mul
                0x0000000000005370        0x0 /opt/local/lib/gcc/avr/4.7.2/avr51/libgcc.a(_exit.o)
 .text.libgcc.div
                0x0000000000005370        0x0 /opt/local/lib/gcc/avr/4.7.2/avr51/libgcc.a(_exit.o)
 .text.libgcc   0x0000000000005370        0x0 /opt/local/lib/gcc/avr/4.7.2/avr51/libgcc.a(_exit.o)
 .text.libgcc.prologue
                0x0000000000005370        0x0 /opt/local/lib/gcc/avr/4.7.2/avr51/libgcc.a(_exit.o)
 .text.libgcc.builtins
                0x0000000000005370        0x0 /opt/local/lib/gcc/avr/4.7.2/avr51/libgcc.a(_exit.o)
 .text.libgcc.fmul
                0x0000000000005370        0x0 /opt/local/lib/gcc/avr/4.7.2/avr51/libgcc.a(_exit.o)
 .text.libgcc.mul
                0x0000000000005370        0x0 /opt/local/lib/gcc/avr/4.7.2/avr51/libgcc.a(_tablejump.o)
 .text.libgcc.div
                0x0000000000005370        0x0 /opt/local/lib/gcc/avr/4.7.2/avr51/libgcc.a(_tablejump.o)
 .text.libgcc   0x0000000000005370        0xc /opt/local/lib/gcc/avr/4.7.2/avr51/libgcc.a(_tablejump.o)
                0x0000000000005370                __tablejump2__
                0x0000000000005374                __tablejump__
 .text.libgcc.prologue
                0x000000000000537c        0x0 /opt/local/lib/gcc/avr/4.7.2/avr51/libgcc.a(_tablejump.o)
 .text.libgcc.builtins
                0x000000000000537c        0x0 /opt/local/lib/gcc/avr/4.7.2/avr51/libgcc.a(_tablejump.o)
 .text.libgcc.fmul
                0x000000000000537c        0x0 /opt/local/lib/gcc/avr/4.7.2/avr51/libgcc.a(_tablejump.o)
 .text.libgcc.mul
                0x000000000000537c        0x0 /opt/local/lib/gcc/avr/4.7.2/avr51/libgcc.a(_copy_data.o)
 .text.libgcc.div
                0x000000000000537c        0x0 /opt/local/lib/gcc/avr/4.7.2/avr51/libgcc.a(_copy_data.o)
 .text.libgcc   0x000000000000537c        0x0 /opt/local/lib/gcc/avr/4.7.2/avr51/libgcc.a(_copy_data.o)
 .text.libgcc.prologue
                0x000000000000537c        0x0 /opt/local/lib/gcc/avr/4.7.2/avr51/libgcc.a(_copy_data.o)
 .text.libgcc.builtins
                0x000000000000537c        0x0 /opt/local/lib/gcc/avr/4.7.2/avr51/libgcc.a(_copy_data.o)
 .text.libgcc.fmul
                0x000000000000537c        0x0 /opt/local/lib/gcc/avr/4.7.2/avr51/libgcc.a(_copy_data.o)
 .text.libgcc.mul
                0x000000000000537c        0x0 /opt/local/lib/gcc/avr/4.7.2/avr51/libgcc.a(_clear_bss.o)
 .text.libgcc.div
                0x000000000000537c        0x0 /opt/local/lib/gcc/avr/4.7.2/avr51/libgcc.a(_clear_bss.o)
 .text.libgcc   0x000000000000537c        0x0 /opt/local/lib/gcc/avr/4.7.2/avr51/libgcc.a(_clear_bss.o)
 .text.libgcc.prologue
                0x000000000000537c        0x0 /opt/local/lib/gcc/avr/4.7.2/avr51/libgcc.a(_clear_bss.o)
 .text.libgcc.builtins
                0x000000000000537c        0x0 /opt/local/lib/gcc/avr/4.7.2/avr51/libgcc.a(_clear_bss.o)
 .text.libgcc.fmul
                0x000000000000537c        0x0 /opt/local/lib/gcc/avr/4.7.2/avr51/libgcc.a(_clear_bss.o)
 .text.libgcc.mul
                0x000000000000537c        0x0 /opt/local/lib/gcc/avr/4.7.2/avr51/libgcc.a(_adddi3.o)
 .text.libgcc.div
                0x000000000000537c        0x0 /opt/local/lib/gcc/avr/4.7.2/avr51/libgcc.a(_adddi3.o)
 .text.libgcc   0x000000000000537c       0x12 /opt/local/lib/gcc/avr/4.7.2/avr51/libgcc.a(_adddi3.o)
                0x000000000000537c                __adddi3
 .text.libgcc.prologue
                0x000000000000538e        0x0 /opt/local/lib/gcc/avr/4.7.2/avr51/libgcc.a(_adddi3.o)
 .text.libgcc.builtins
                0x000000000000538e        0x0 /opt/local/lib/gcc/avr/4.7.2/avr51/libgcc.a(_adddi3.o)
 .text.libgcc.fmul
                0x000000000000538e        0x0 /opt/local/lib/gcc/avr/4.7.2/avr51/libgcc.a(_adddi3.o)
 .text.libgcc.mul
                0x000000000000538e       0x18 /opt/local/lib/gcc/avr/4.7.2/avr51/libgcc.a(_umulhisi3.o)
                0x000000000000538e                __umulhisi3
 .text.libgcc.div
                0x00000000000053a6        0x0 /opt/local/lib/gcc/avr/4.7.2/avr51/libgcc.a(_umulhisi3.o)
 .text.libgcc   0x00000000000053a6        0x0 /opt/local/lib/gcc/avr/4.7.2/avr51/libgcc.a(_umulhisi3.o)
 .text.libgcc.prologue
                0x00000000000053a6        0x0 /opt/local/lib/gcc/avr/4.7.2/avr51/libgcc.a(_umulhisi3.o)
 .text.libgcc.builtins
                0x00000000000053a6        0x0 /opt/local/lib/gcc/avr/4.7.2/avr51/libgcc.a(_umulhisi3.o)
 .text.libgcc.fmul
                0x00000000000053a6        0x0 /opt/local/lib/gcc/avr/4.7.2/avr51/libgcc.a(_umulhisi3.o)
 .text.avr-libc
                0x00000000000053a6       0x16 /opt/local/lib/gcc/avr/4.7.2/../../../../avr/lib/avr51/libc.a(strchr_P.o)
                0x00000000000053a6                strchr_P
 .text.avr-libc
                0x00000000000053bc       0x12 /opt/local/lib/gcc/avr/4.7.2/../../../../avr/lib/avr51/libc.a(memcpy.o)
                0x00000000000053bc                memcpy
 .text.avr-libc
                0x00000000000053ce       0x96 /opt/local/lib/gcc/avr/4.7.2/../../../../avr/lib/avr51/libc.a(fdevopen.o)
                0x00000000000053ce                fdevopen
 .text.avr-libc
                0x0000000000005464       0x58 /opt/local/lib/gcc/avr/4.7.2/../../../../avr/lib/avr51/libc.a(fputc.o)
                0x0000000000005464                fputc
 .text.avr-libc
                0x00000000000054bc       0x2e /opt/local/lib/gcc/avr/4.7.2/../../../../avr/lib/avr51/libc.a(printf.o)
                0x00000000000054bc                printf
 .text.avr-libc
                0x00000000000054ea        0xc /opt/local/lib/gcc/avr/4.7.2/../../../../avr/lib/avr51/libc.a(putchar.o)
                0x00000000000054ea                putchar
 .text.avr-libc
                0x00000000000054f6       0x5e /opt/local/lib/gcc/avr/4.7.2/../../../../avr/lib/avr51/libc.a(puts.o)
                0x00000000000054f6                puts
 .text.avr-libc
                0x0000000000005554       0x62 /opt/local/lib/gcc/avr/4.7.2/../../../../avr/lib/avr51/libc.a(sprintf.o)
                0x0000000000005554                sprintf
 .text.avr-libc
                0x00000000000055b6       0xbc /opt/local/lib/gcc/avr/4.7.2/../../../../avr/lib/avr51/libc.a(ultoa_invert.o)
                0x00000000000055b6                __ultoa_invert
 .text.avr-libc
                0x0000000000005672       0x10 /opt/local/lib/gcc/avr/4.7.2/../../../../avr/lib/avr51/libc.a(eerd_byte_atmega128rfa1.o)
                0x0000000000005672                __eerd_byte_m128rfa1
 .text.avr-libc
                0x0000000000005682       0x1c /opt/local/lib/gcc/avr/4.7.2/../../../../avr/lib/avr51/libc.a(eewr_byte_atmega128rfa1.o)
                0x0000000000005682                __eewr_byte_m128rfa1
                0x0000000000005684                __eewr_r18_m128rfa1
 .text.avr-libc
                0x000000000000569e       0x3c /opt/local/lib/gcc/avr/4.7.2/../../../../avr/lib/avr51/libc.a(calloc.o)
                0x000000000000569e                calloc
 .text.avr-libc
                0x00000000000056da      0x272 /opt/local/lib/gcc/avr/4.7.2/../../../../avr/lib/avr51/libc.a(malloc.o)
                0x00000000000056da                malloc
                0x0000000000005810                free
 .text.avr-libc
                0x000000000000594c        0xe /opt/local/lib/gcc/avr/4.7.2/../../../../avr/lib/avr51/libc.a(memset.o)
                0x000000000000594c                memset
                0x000000000000595a                . = ALIGN (0x2)
 *(.fini9)
 .fini9         0x000000000000595a        0x0 /opt/local/lib/gcc/avr/4.7.2/avr51/libgcc.a(_exit.o)
                0x000000000000595a                exit
                0x000000000000595a                _exit
 *(.fini9)
 *(.fini8)
 *(.fini8)
 *(.fini7)
 *(.fini7)
 *(.fini6)
 *(.fini6)
 *(.fini5)
 *(.fini5)
 *(.fini4)
 *(.fini4)
 *(.fini3)
 *(.fini3)
 *(.fini2)
 *(.fini2)
 *(.fini1)
 *(.fini1)
 *(.fini0)
 .fini0         0x000000000000595a        0x4 /opt/local/lib/gcc/avr/4.7.2/avr51/libgcc.a(_exit.o)
 *(.fini0)
                0x000000000000595e                _etext = .

.data           0x0000000000800200      0x160 load address 0x000000000000595e
                0x0000000000800200                PROVIDE (__data_start, .)
 *(.data)
 .data          0x0000000000800200        0x0 /opt/local/lib/gcc/avr/4.7.2/../../../../avr/lib/avr51/crtm128rfa1.o
 .data          0x0000000000800200        0x0 main.o
 .data          0x0000000000800200        0x0 ../../../src/drivers/platform/firefly3/source/ff_basic_sensor.o
 .data          0x0000000000800200        0x0 ../../../src/drivers/platform/firefly3/source/twi_base_calls.o
 .data          0x0000000000800200        0x0 ../../../src/radio/rf231_soc/source/basic_rf.o
 .data          0x0000000000800200        0x0 ../../../src/platform/firefly3/source/ulib.o
 .data          0x0000000000800200        0x0 ../../../src/platform/firefly3/source/hal_wait.o
 .data          0x0000000000800200        0x0 ../../../src/platform/firefly3/source/nrk_eeprom.o
 .data          0x0000000000800200        0x0 ../../../src/kernel/source/nrk.o
 .data          0x0000000000800200        0x0 ../../../src/kernel/source/nrk_stats.o
 .data          0x0000000000800200        0x0 ../../../src/kernel/source/nrk_error.o
 .data          0x0000000000800200        0x0 ../../../src/kernel/source/nrk_stack_check.o
 .data          0x0000000000800200        0x0 ../../../src/kernel/source/nrk_events.o
 .data          0x0000000000800200        0x0 ../../../src/kernel/source/nrk_task.o
 .data          0x0000000000800200        0x0 ../../../src/kernel/source/nrk_time.o
 .data          0x0000000000800200        0x0 ../../../src/kernel/source/nrk_idle_task.o
 .data          0x0000000000800200        0x0 ../../../src/kernel/source/nrk_scheduler.o
 .data          0x0000000000800200        0x0 ../../../src/kernel/source/nrk_driver.o
 .data          0x0000000000800200        0x0 ../../../src/kernel/source/nrk_reserve.o
 .data          0x0000000000800200        0x0 ../../../src/kernel/source/nrk_sw_wdt.o
 .data          0x0000000000800200        0x0 ../../../src/kernel/hal/atmega128rfa1/nrk_timer.o
 .data          0x0000000000800200        0x0 ../../../src/kernel/hal/atmega128rfa1/nrk_status.o
 .data          0x0000000000800200        0x0 ../../../src/kernel/hal/atmega128rfa1/nrk_ext_int.o
 .data          0x0000000000800200        0x0 ../../../src/kernel/hal/atmega128rfa1/nrk_watchdog.o
 .data          0x0000000000800200        0x0 ../../../src/kernel/hal/atmega128rfa1/nrk_cpu.o
 .data          0x0000000000800200        0x0 ../../../src/kernel/hal/atmega128rfa1/atmel_hw_specific.o
 .data          0x0000000000800200        0x0 /opt/local/lib/gcc/avr/4.7.2/../../../../avr/lib/avr51/libprintf_min.a(vfprintf_min.o)
 .data          0x0000000000800200        0x0 /opt/local/lib/gcc/avr/4.7.2/avr51/libgcc.a(_muluhisi3.o)
 .data          0x0000000000800200        0x0 /opt/local/lib/gcc/avr/4.7.2/avr51/libgcc.a(_mulshisi3.o)
 .data          0x0000000000800200        0x0 /opt/local/lib/gcc/avr/4.7.2/avr51/libgcc.a(_mulsi3.o)
 .data          0x0000000000800200        0x0 /opt/local/lib/gcc/avr/4.7.2/avr51/libgcc.a(_udivmodhi4.o)
 .data          0x0000000000800200        0x0 /opt/local/lib/gcc/avr/4.7.2/avr51/libgcc.a(_udivmodsi4.o)
 .data          0x0000000000800200        0x0 /opt/local/lib/gcc/avr/4.7.2/avr51/libgcc.a(_divmodsi4.o)
 .data          0x0000000000800200        0x0 /opt/local/lib/gcc/avr/4.7.2/avr51/libgcc.a(_udivdi3.o)
 .data          0x0000000000800200        0x0 /opt/local/lib/gcc/avr/4.7.2/avr51/libgcc.a(_udivmod64.o)
 .data          0x0000000000800200        0x0 /opt/local/lib/gcc/avr/4.7.2/avr51/libgcc.a(_exit.o)
 .data          0x0000000000800200        0x0 /opt/local/lib/gcc/avr/4.7.2/avr51/libgcc.a(_tablejump.o)
 .data          0x0000000000800200        0x0 /opt/local/lib/gcc/avr/4.7.2/avr51/libgcc.a(_copy_data.o)
 .data          0x0000000000800200        0x0 /opt/local/lib/gcc/avr/4.7.2/avr51/libgcc.a(_clear_bss.o)
 .data          0x0000000000800200        0x0 /opt/local/lib/gcc/avr/4.7.2/avr51/libgcc.a(_adddi3.o)
 .data          0x0000000000800200        0x0 /opt/local/lib/gcc/avr/4.7.2/avr51/libgcc.a(_umulhisi3.o)
 .data          0x0000000000800200        0x0 /opt/local/lib/gcc/avr/4.7.2/../../../../avr/lib/avr51/libc.a(strchr_P.o)
 .data          0x0000000000800200        0x0 /opt/local/lib/gcc/avr/4.7.2/../../../../avr/lib/avr51/libc.a(memcpy.o)
 .data          0x0000000000800200        0x0 /opt/local/lib/gcc/avr/4.7.2/../../../../avr/lib/avr51/libc.a(fdevopen.o)
 .data          0x0000000000800200        0x0 /opt/local/lib/gcc/avr/4.7.2/../../../../avr/lib/avr51/libc.a(fputc.o)
 .data          0x0000000000800200        0x0 /opt/local/lib/gcc/avr/4.7.2/../../../../avr/lib/avr51/libc.a(iob.o)
 .data          0x0000000000800200        0x0 /opt/local/lib/gcc/avr/4.7.2/../../../../avr/lib/avr51/libc.a(printf.o)
 .data          0x0000000000800200        0x0 /opt/local/lib/gcc/avr/4.7.2/../../../../avr/lib/avr51/libc.a(putchar.o)
 .data          0x0000000000800200        0x0 /opt/local/lib/gcc/avr/4.7.2/../../../../avr/lib/avr51/libc.a(puts.o)
 .data          0x0000000000800200        0x0 /opt/local/lib/gcc/avr/4.7.2/../../../../avr/lib/avr51/libc.a(sprintf.o)
 .data          0x0000000000800200        0x0 /opt/local/lib/gcc/avr/4.7.2/../../../../avr/lib/avr51/libc.a(ultoa_invert.o)
 .data          0x0000000000800200        0x0 /opt/local/lib/gcc/avr/4.7.2/../../../../avr/lib/avr51/libc.a(eerd_byte_atmega128rfa1.o)
 .data          0x0000000000800200        0x0 /opt/local/lib/gcc/avr/4.7.2/../../../../avr/lib/avr51/libc.a(eewr_byte_atmega128rfa1.o)
 .data          0x0000000000800200        0x0 /opt/local/lib/gcc/avr/4.7.2/../../../../avr/lib/avr51/libc.a(calloc.o)
 .data          0x0000000000800200        0x6 /opt/local/lib/gcc/avr/4.7.2/../../../../avr/lib/avr51/libc.a(malloc.o)
                0x0000000000800200                __malloc_heap_end
                0x0000000000800202                __malloc_heap_start
                0x0000000000800204                __malloc_margin
 .data          0x0000000000800206        0x0 /opt/local/lib/gcc/avr/4.7.2/../../../../avr/lib/avr51/libc.a(memset.o)
 *(.data*)
 *(.rodata)
 .rodata        0x0000000000800206       0x1a ../../../src/platform/firefly3/source/ulib.o
                0x0000000000800206                NRK_ADC_INPUT_7
                0x0000000000800207                NRK_ADC_INPUT_6
                0x0000000000800208                NRK_ADC_INPUT_5
                0x0000000000800209                NRK_ADC_INPUT_4
                0x000000000080020a                NRK_ADC_INPUT_3
                0x000000000080020b                NRK_ADC_INPUT_2
                0x000000000080020c                NRK_ADC_INPUT_1
                0x000000000080020d                NRK_ADC_INPUT_0
                0x000000000080020e                NRK_GPIO34
                0x000000000080020f                NRK_UART0_TXD
                0x0000000000800210                NRK_UART0_RXD
                0x0000000000800211                NRK_LED_3
                0x0000000000800212                NRK_LED_2
                0x0000000000800213                NRK_LED_1
                0x0000000000800214                NRK_LED_0
                0x0000000000800215                NRK_UART1_TXD
                0x0000000000800216                NRK_UART1_RXD
                0x0000000000800217                NRK_BUTTON
                0x0000000000800218                NRK_MMC_9
                0x0000000000800219                NRK_MMC_10
                0x000000000080021a                NRK_MMC_11
                0x000000000080021b                NRK_GPIO26
                0x000000000080021c                NRK_MISO
                0x000000000080021d                NRK_MOSI
                0x000000000080021e                NRK_SCK
                0x000000000080021f                NRK_SPI_SS
 *(.rodata*)
 .rodata.str1.1
                0x0000000000800220       0x61 main.o
 .rodata.str1.1
                0x0000000000800281       0x17 ../../../src/drivers/platform/firefly3/source/twi_base_calls.o
 .rodata.str1.1
                0x0000000000800298       0x83 ../../../src/radio/rf231_soc/source/basic_rf.o
 .rodata.str1.1
                0x000000000080031b        0x3 ../../../src/kernel/source/nrk_error.o
 .rodata.str1.1
                0x000000000080031e       0x41 ../../../src/kernel/source/nrk_stack_check.o
                                         0x4e (size before relaxing)
 *(.gnu.linkonce.d*)
                0x0000000000800360                . = ALIGN (0x2)
 *fill*         0x000000000080035f        0x1 
                0x0000000000800360                _edata = .
                0x0000000000800360                PROVIDE (__data_end, .)

.bss            0x0000000000800360      0x23d
                0x0000000000800360                PROVIDE (__bss_start, .)
 *(.bss)
 .bss           0x0000000000800360        0x0 /opt/local/lib/gcc/avr/4.7.2/../../../../avr/lib/avr51/crtm128rfa1.o
 .bss           0x0000000000800360        0x0 main.o
 .bss           0x0000000000800360        0x0 ../../../src/drivers/platform/firefly3/source/ff_basic_sensor.o
 .bss           0x0000000000800360        0x0 ../../../src/drivers/platform/firefly3/source/twi_base_calls.o
 .bss           0x0000000000800360        0x4 ../../../src/radio/rf231_soc/source/basic_rf.o
                0x0000000000800360                rx_end_func
                0x0000000000800362                rx_start_func
 .bss           0x0000000000800364        0x0 ../../../src/platform/firefly3/source/ulib.o
 .bss           0x0000000000800364        0x0 ../../../src/platform/firefly3/source/hal_wait.o
 .bss           0x0000000000800364        0x0 ../../../src/platform/firefly3/source/nrk_eeprom.o
 .bss           0x0000000000800364        0x0 ../../../src/kernel/source/nrk.o
 .bss           0x0000000000800364        0x0 ../../../src/kernel/source/nrk_stats.o
 .bss           0x0000000000800364        0x0 ../../../src/kernel/source/nrk_error.o
 .bss           0x0000000000800364        0x0 ../../../src/kernel/source/nrk_stack_check.o
 .bss           0x0000000000800364        0x0 ../../../src/kernel/source/nrk_events.o
 .bss           0x0000000000800364        0x0 ../../../src/kernel/source/nrk_task.o
 .bss           0x0000000000800364        0x0 ../../../src/kernel/source/nrk_time.o
 .bss           0x0000000000800364        0x0 ../../../src/kernel/source/nrk_idle_task.o
 .bss           0x0000000000800364        0x0 ../../../src/kernel/source/nrk_scheduler.o
 .bss           0x0000000000800364        0x0 ../../../src/kernel/source/nrk_driver.o
 .bss           0x0000000000800364        0x0 ../../../src/kernel/source/nrk_reserve.o
 .bss           0x0000000000800364        0x0 ../../../src/kernel/source/nrk_sw_wdt.o
 .bss           0x0000000000800364        0x0 ../../../src/kernel/hal/atmega128rfa1/nrk_timer.o
 .bss           0x0000000000800364        0x0 ../../../src/kernel/hal/atmega128rfa1/nrk_status.o
 .bss           0x0000000000800364        0x0 ../../../src/kernel/hal/atmega128rfa1/nrk_ext_int.o
 .bss           0x0000000000800364        0x0 ../../../src/kernel/hal/atmega128rfa1/nrk_watchdog.o
 .bss           0x0000000000800364        0x0 ../../../src/kernel/hal/atmega128rfa1/nrk_cpu.o
 .bss           0x0000000000800364        0x0 ../../../src/kernel/hal/atmega128rfa1/atmel_hw_specific.o
 .bss           0x0000000000800364        0x0 /opt/local/lib/gcc/avr/4.7.2/../../../../avr/lib/avr51/libprintf_min.a(vfprintf_min.o)
 .bss           0x0000000000800364        0x0 /opt/local/lib/gcc/avr/4.7.2/avr51/libgcc.a(_muluhisi3.o)
 .bss           0x0000000000800364        0x0 /opt/local/lib/gcc/avr/4.7.2/avr51/libgcc.a(_mulshisi3.o)
 .bss           0x0000000000800364        0x0 /opt/local/lib/gcc/avr/4.7.2/avr51/libgcc.a(_mulsi3.o)
 .bss           0x0000000000800364        0x0 /opt/local/lib/gcc/avr/4.7.2/avr51/libgcc.a(_udivmodhi4.o)
 .bss           0x0000000000800364        0x0 /opt/local/lib/gcc/avr/4.7.2/avr51/libgcc.a(_udivmodsi4.o)
 .bss           0x0000000000800364        0x0 /opt/local/lib/gcc/avr/4.7.2/avr51/libgcc.a(_divmodsi4.o)
 .bss           0x0000000000800364        0x0 /opt/local/lib/gcc/avr/4.7.2/avr51/libgcc.a(_udivdi3.o)
 .bss           0x0000000000800364        0x0 /opt/local/lib/gcc/avr/4.7.2/avr51/libgcc.a(_udivmod64.o)
 .bss           0x0000000000800364        0x0 /opt/local/lib/gcc/avr/4.7.2/avr51/libgcc.a(_exit.o)
 .bss           0x0000000000800364        0x0 /opt/local/lib/gcc/avr/4.7.2/avr51/libgcc.a(_tablejump.o)
 .bss           0x0000000000800364        0x0 /opt/local/lib/gcc/avr/4.7.2/avr51/libgcc.a(_copy_data.o)
 .bss           0x0000000000800364        0x0 /opt/local/lib/gcc/avr/4.7.2/avr51/libgcc.a(_clear_bss.o)
 .bss           0x0000000000800364        0x0 /opt/local/lib/gcc/avr/4.7.2/avr51/libgcc.a(_adddi3.o)
 .bss           0x0000000000800364        0x0 /opt/local/lib/gcc/avr/4.7.2/avr51/libgcc.a(_umulhisi3.o)
 .bss           0x0000000000800364        0x0 /opt/local/lib/gcc/avr/4.7.2/../../../../avr/lib/avr51/libc.a(strchr_P.o)
 .bss           0x0000000000800364        0x0 /opt/local/lib/gcc/avr/4.7.2/../../../../avr/lib/avr51/libc.a(memcpy.o)
 .bss           0x0000000000800364        0x0 /opt/local/lib/gcc/avr/4.7.2/../../../../avr/lib/avr51/libc.a(fdevopen.o)
 .bss           0x0000000000800364        0x0 /opt/local/lib/gcc/avr/4.7.2/../../../../avr/lib/avr51/libc.a(fputc.o)
 .bss           0x0000000000800364        0x0 /opt/local/lib/gcc/avr/4.7.2/../../../../avr/lib/avr51/libc.a(iob.o)
 .bss           0x0000000000800364        0x0 /opt/local/lib/gcc/avr/4.7.2/../../../../avr/lib/avr51/libc.a(printf.o)
 .bss           0x0000000000800364        0x0 /opt/local/lib/gcc/avr/4.7.2/../../../../avr/lib/avr51/libc.a(putchar.o)
 .bss           0x0000000000800364        0x0 /opt/local/lib/gcc/avr/4.7.2/../../../../avr/lib/avr51/libc.a(puts.o)
 .bss           0x0000000000800364        0x0 /opt/local/lib/gcc/avr/4.7.2/../../../../avr/lib/avr51/libc.a(sprintf.o)
 .bss           0x0000000000800364        0x0 /opt/local/lib/gcc/avr/4.7.2/../../../../avr/lib/avr51/libc.a(ultoa_invert.o)
 .bss           0x0000000000800364        0x0 /opt/local/lib/gcc/avr/4.7.2/../../../../avr/lib/avr51/libc.a(eerd_byte_atmega128rfa1.o)
 .bss           0x0000000000800364        0x0 /opt/local/lib/gcc/avr/4.7.2/../../../../avr/lib/avr51/libc.a(eewr_byte_atmega128rfa1.o)
 .bss           0x0000000000800364        0x0 /opt/local/lib/gcc/avr/4.7.2/../../../../avr/lib/avr51/libc.a(calloc.o)
 .bss           0x0000000000800364        0x0 /opt/local/lib/gcc/avr/4.7.2/../../../../avr/lib/avr51/libc.a(malloc.o)
 .bss           0x0000000000800364        0x0 /opt/local/lib/gcc/avr/4.7.2/../../../../avr/lib/avr51/libc.a(memset.o)
 *(.bss*)
 *(COMMON)
 COMMON         0x0000000000800364      0x130 main.o
                0x0000000000800364                app_timer0_callback
                0x0000000000800366                error_task
                0x0000000000800367                _nrk_time_trigger
                0x0000000000800368                TaskOne
                0x000000000080038b                _nrk_signal_list
                0x000000000080038f                Stack1
                0x000000000080040f                nrk_kernel_stk_ptr
                0x0000000000800411                app_timer0_prescale
                0x0000000000800412                _nrk_prev_timer_val
                0x0000000000800413                error_num
                0x0000000000800414                nrk_idle_task_stk
 COMMON         0x0000000000800494       0x4c ../../../src/drivers/platform/firefly3/source/ff_basic_sensor.o
                0x0000000000800494                eeprom_values
                0x00000000008004aa                B6
                0x00000000008004ae                UT
                0x00000000008004b2                X2
                0x00000000008004b6                T
                0x00000000008004ba                B5
                0x00000000008004be                is_open
                0x00000000008004bf                X1
                0x00000000008004c3                channel
                0x00000000008004c4                X3
                0x00000000008004c8                B4
                0x00000000008004cc                h_cnt
                0x00000000008004d0                B7
                0x00000000008004d4                UP
                0x00000000008004d8                P
                0x00000000008004dc                B3
 COMMON         0x00000000008004e0        0x2 ../../../src/drivers/platform/firefly3/source/twi_base_calls.o
                0x00000000008004e0                twst
                0x00000000008004e1                i2c_address
 COMMON         0x00000000008004e2       0x33 ../../../src/radio/rf231_soc/source/basic_rf.o
                0x00000000008004e2                rx_ctr
                0x00000000008004e6                radio_sem
                0x00000000008004e8                use_glossy
                0x00000000008004e9                mdmctrl0
                0x00000000008004eb                rfSettings
                0x00000000008004f4                curr_t
                0x00000000008004fc                tx_done
                0x00000000008004fd                rf_ready
                0x00000000008004fe                target_t
                0x0000000000800506                tx_ctr
                0x000000000080050c                rx_ready
                0x000000000080050d                dummy_t
 COMMON         0x0000000000800515       0x6f ../../../src/kernel/source/nrk.o
                0x0000000000800515                _free_node
                0x0000000000800517                nrk_task_TCB
                0x0000000000800559                next_next_wakeup
                0x000000000080055b                nrk_sem_list
                0x0000000000800561                nrk_task_init_cnt
                0x0000000000800562                nrk_wakeup_signal
                0x0000000000800563                nrk_high_ready_TCB
                0x0000000000800565                nrk_cur_task_prio
                0x0000000000800566                _nrk_cpu_state
                0x0000000000800567                _head_node
                0x0000000000800569                nrk_system_time
                0x0000000000800571                _nrk_resource_cnt
                0x0000000000800572                nrk_cur_task_TCB
                0x0000000000800574                nrk_high_ready_prio
                0x0000000000800575                _nrk_readyQ
 COMMON         0x0000000000800584        0x1 ../../../src/kernel/source/nrk_scheduler.o
                0x0000000000800584                t
 COMMON         0x0000000000800585        0x6 ../../../src/kernel/source/nrk_driver.o
                0x0000000000800585                _nrk_driver_count
                0x0000000000800586                nrk_drivers
                0x000000000080058a                nrk_driver_init
 COMMON         0x000000000080058b        0x8 ../../../src/kernel/hal/atmega128rfa1/nrk_ext_int.o
                0x000000000080058b                ext_int1_callback
                0x000000000080058d                ext_int0_callback
                0x000000000080058f                ext_int2_callback
                0x0000000000800591                pc_int0_callback
 COMMON         0x0000000000800593        0x6 /opt/local/lib/gcc/avr/4.7.2/../../../../avr/lib/avr51/libc.a(iob.o)
                0x0000000000800593                __iob
 COMMON         0x0000000000800599        0x4 /opt/local/lib/gcc/avr/4.7.2/../../../../avr/lib/avr51/libc.a(malloc.o)
                0x0000000000800599                __brkval
                0x000000000080059b                __flp
                0x000000000080059d                PROVIDE (__bss_end, .)
                0x000000000000595e                __data_load_start = LOADADDR (.data)
                0x0000000000005abe                __data_load_end = (__data_load_start + SIZEOF (.data))

.noinit         0x000000000080059d        0x0
                0x000000000080059d                PROVIDE (__noinit_start, .)
 *(.noinit*)
                0x000000000080059d                PROVIDE (__noinit_end, .)
                0x000000000080059d                _end = .
                0x000000000080059d                PROVIDE (__heap_start, .)

.eeprom         0x0000000000810000        0x0
 *(.eeprom*)
                0x0000000000810000                __eeprom_end = .

.fuse
 *(.fuse)
 *(.lfuse)
 *(.hfuse)
 *(.efuse)

.lock
 *(.lock*)

.signature
 *(.signature*)

.stab           0x0000000000000000    0x11a18
 *(.stab)
 .stab          0x0000000000000000      0x6cc /opt/local/lib/gcc/avr/4.7.2/../../../../avr/lib/avr51/crtm128rfa1.o
 .stab          0x00000000000006cc     0x10c8 main.o
                                       0x10d4 (size before relaxing)
 .stab          0x0000000000001794     0x114c ../../../src/drivers/platform/firefly3/source/ff_basic_sensor.o
                                       0x1c80 (size before relaxing)
 .stab          0x00000000000028e0      0x9b4 ../../../src/drivers/platform/firefly3/source/twi_base_calls.o
                                       0x14e8 (size before relaxing)
 .stab          0x0000000000003294     0x1cbc ../../../src/radio/rf231_soc/source/basic_rf.o
                                       0x2754 (size before relaxing)
 .stab          0x0000000000004f50     0x1158 ../../../src/platform/firefly3/source/ulib.o
                                       0x1be4 (size before relaxing)
 .stab          0x00000000000060a8      0x1f8 ../../../src/platform/firefly3/source/hal_wait.o
                                        0xbd0 (size before relaxing)
 .stab          0x00000000000062a0      0x66c ../../../src/platform/firefly3/source/nrk_eeprom.o
                                       0x10d4 (size before relaxing)
 .stab          0x000000000000690c      0x930 ../../../src/kernel/source/nrk.o
                                       0x1428 (size before relaxing)
 .stab          0x000000000000723c      0x2a0 ../../../src/kernel/source/nrk_stats.o
                                        0xdbc (size before relaxing)
 .stab          0x00000000000074dc      0xa2c ../../../src/kernel/source/nrk_error.o
                                       0x1554 (size before relaxing)
 .stab          0x0000000000007f08      0x4a4 ../../../src/kernel/source/nrk_stack_check.o
                                        0xfc0 (size before relaxing)
 .stab          0x00000000000083ac      0xf18 ../../../src/kernel/source/nrk_events.o
                                       0x1a4c (size before relaxing)
 .stab          0x00000000000092c4      0xf60 ../../../src/kernel/source/nrk_task.o
                                       0x1a94 (size before relaxing)
 .stab          0x000000000000a224      0x7d4 ../../../src/kernel/source/nrk_time.o
                                       0x1308 (size before relaxing)
 .stab          0x000000000000a9f8      0x33c ../../../src/kernel/source/nrk_idle_task.o
                                        0xe70 (size before relaxing)
 .stab          0x000000000000ad34      0x7ec ../../../src/kernel/source/nrk_scheduler.o
                                       0x1320 (size before relaxing)
 .stab          0x000000000000b520      0x6fc ../../../src/kernel/source/nrk_driver.o
                                       0x1254 (size before relaxing)
 .stab          0x000000000000bc1c       0xe4 ../../../src/kernel/source/nrk_reserve.o
                                         0xf0 (size before relaxing)
 .stab          0x000000000000bd00      0x210 ../../../src/kernel/source/nrk_sw_wdt.o
                                        0xd2c (size before relaxing)
 .stab          0x000000000000bf10      0xf90 ../../../src/kernel/hal/atmega128rfa1/nrk_timer.o
                                       0x1ab8 (size before relaxing)
 .stab          0x000000000000cea0      0x2f4 ../../../src/kernel/hal/atmega128rfa1/nrk_status.o
                                        0xd80 (size before relaxing)
 .stab          0x000000000000d194      0x894 ../../../src/kernel/hal/atmega128rfa1/nrk_ext_int.o
                                       0x1320 (size before relaxing)
 .stab          0x000000000000da28      0x3b4 ../../../src/kernel/hal/atmega128rfa1/nrk_watchdog.o
                                        0xec4 (size before relaxing)
 .stab          0x000000000000dddc      0x714 ../../../src/kernel/hal/atmega128rfa1/nrk_cpu.o
                                       0x123c (size before relaxing)
 .stab          0x000000000000e4f0      0x204 ../../../src/kernel/hal/atmega128rfa1/atmel_hw_specific.o
                                        0x210 (size before relaxing)
 .stab          0x000000000000e6f4      0x7f8 /opt/local/lib/gcc/avr/4.7.2/../../../../avr/lib/avr51/libprintf_min.a(vfprintf_min.o)
                                        0x804 (size before relaxing)
 .stab          0x000000000000eeec       0xcc /opt/local/lib/gcc/avr/4.7.2/avr51/libgcc.a(_muluhisi3.o)
                                         0xd8 (size before relaxing)
 .stab          0x000000000000efb8       0xcc /opt/local/lib/gcc/avr/4.7.2/avr51/libgcc.a(_mulshisi3.o)
                                         0xd8 (size before relaxing)
 .stab          0x000000000000f084      0x108 /opt/local/lib/gcc/avr/4.7.2/avr51/libgcc.a(_mulsi3.o)
                                        0x114 (size before relaxing)
 .stab          0x000000000000f18c      0x15c /opt/local/lib/gcc/avr/4.7.2/avr51/libgcc.a(_udivmodhi4.o)
                                        0x168 (size before relaxing)
 .stab          0x000000000000f2e8      0x228 /opt/local/lib/gcc/avr/4.7.2/avr51/libgcc.a(_udivmodsi4.o)
                                        0x234 (size before relaxing)
 .stab          0x000000000000f510      0x198 /opt/local/lib/gcc/avr/4.7.2/avr51/libgcc.a(_divmodsi4.o)
                                        0x1a4 (size before relaxing)
 .stab          0x000000000000f6a8      0x150 /opt/local/lib/gcc/avr/4.7.2/avr51/libgcc.a(_udivdi3.o)
                                        0x15c (size before relaxing)
 .stab          0x000000000000f7f8      0x234 /opt/local/lib/gcc/avr/4.7.2/avr51/libgcc.a(_udivmod64.o)
                                        0x240 (size before relaxing)
 .stab          0x000000000000fa2c       0x6c /opt/local/lib/gcc/avr/4.7.2/avr51/libgcc.a(_exit.o)
                                         0x78 (size before relaxing)
 .stab          0x000000000000fa98       0xcc /opt/local/lib/gcc/avr/4.7.2/avr51/libgcc.a(_tablejump.o)
                                         0xd8 (size before relaxing)
 .stab          0x000000000000fb64       0xf0 /opt/local/lib/gcc/avr/4.7.2/avr51/libgcc.a(_copy_data.o)
                                         0xfc (size before relaxing)
 .stab          0x000000000000fc54       0xb4 /opt/local/lib/gcc/avr/4.7.2/avr51/libgcc.a(_clear_bss.o)
                                         0xc0 (size before relaxing)
 .stab          0x000000000000fd08       0x78 /opt/local/lib/gcc/avr/4.7.2/avr51/libgcc.a(_adddi3.o)
                                         0x84 (size before relaxing)
 .stab          0x000000000000fd80       0xe4 /opt/local/lib/gcc/avr/4.7.2/avr51/libgcc.a(_umulhisi3.o)
                                         0xf0 (size before relaxing)
 .stab          0x000000000000fe64       0x9c /opt/local/lib/gcc/avr/4.7.2/../../../../avr/lib/avr51/libc.a(strchr_P.o)
                                         0xa8 (size before relaxing)
 .stab          0x000000000000ff00       0x84 /opt/local/lib/gcc/avr/4.7.2/../../../../avr/lib/avr51/libc.a(memcpy.o)
                                         0x90 (size before relaxing)
 .stab          0x000000000000ff84      0x288 /opt/local/lib/gcc/avr/4.7.2/../../../../avr/lib/avr51/libc.a(fdevopen.o)
                                        0x4b0 (size before relaxing)
 .stab          0x000000000001020c      0x1d4 /opt/local/lib/gcc/avr/4.7.2/../../../../avr/lib/avr51/libc.a(fputc.o)
                                        0x3b4 (size before relaxing)
 .stab          0x00000000000103e0      0x12c /opt/local/lib/gcc/avr/4.7.2/../../../../avr/lib/avr51/libc.a(iob.o)
                                        0x30c (size before relaxing)
 .stab          0x000000000001050c      0x1bc /opt/local/lib/gcc/avr/4.7.2/../../../../avr/lib/avr51/libc.a(printf.o)
                                        0x39c (size before relaxing)
 .stab          0x00000000000106c8      0x174 /opt/local/lib/gcc/avr/4.7.2/../../../../avr/lib/avr51/libc.a(putchar.o)
                                        0x354 (size before relaxing)
 .stab          0x000000000001083c      0x204 /opt/local/lib/gcc/avr/4.7.2/../../../../avr/lib/avr51/libc.a(puts.o)
                                        0x3e4 (size before relaxing)
 .stab          0x0000000000010a40      0x204 /opt/local/lib/gcc/avr/4.7.2/../../../../avr/lib/avr51/libc.a(sprintf.o)
                                        0x3e4 (size before relaxing)
 .stab          0x0000000000010c44      0x480 /opt/local/lib/gcc/avr/4.7.2/../../../../avr/lib/avr51/libc.a(ultoa_invert.o)
                                        0x48c (size before relaxing)
 .stab          0x00000000000110c4       0x90 /opt/local/lib/gcc/avr/4.7.2/../../../../avr/lib/avr51/libc.a(eerd_byte_atmega128rfa1.o)
                                         0x9c (size before relaxing)
 .stab          0x0000000000011154       0xe4 /opt/local/lib/gcc/avr/4.7.2/../../../../avr/lib/avr51/libc.a(eewr_byte_atmega128rfa1.o)
                                         0xf0 (size before relaxing)
 .stab          0x0000000000011238      0x1bc /opt/local/lib/gcc/avr/4.7.2/../../../../avr/lib/avr51/libc.a(calloc.o)
                                        0x1f8 (size before relaxing)
 .stab          0x00000000000113f4      0x5b8 /opt/local/lib/gcc/avr/4.7.2/../../../../avr/lib/avr51/libc.a(malloc.o)
                                        0x798 (size before relaxing)
 .stab          0x00000000000119ac       0x6c /opt/local/lib/gcc/avr/4.7.2/../../../../avr/lib/avr51/libc.a(memset.o)
                                         0x78 (size before relaxing)

.stabstr        0x0000000000000000     0x9226
 *(.stabstr)
 .stabstr       0x0000000000000000     0x9226 /opt/local/lib/gcc/avr/4.7.2/../../../../avr/lib/avr51/crtm128rfa1.o

.stab.excl
 *(.stab.excl)

.stab.exclstr
 *(.stab.exclstr)

.stab.index
 *(.stab.index)

.stab.indexstr
 *(.stab.indexstr)

.comment        0x0000000000000000       0x22
 *(.comment)
 .comment       0x0000000000000000       0x11 main.o
                                         0x12 (size before relaxing)
 .comment       0x0000000000000000       0x12 ../../../src/drivers/platform/firefly3/source/ff_basic_sensor.o
 .comment       0x0000000000000000       0x12 ../../../src/drivers/platform/firefly3/source/twi_base_calls.o
 .comment       0x0000000000000000       0x12 ../../../src/radio/rf231_soc/source/basic_rf.o
 .comment       0x0000000000000000       0x12 ../../../src/platform/firefly3/source/ulib.o
 .comment       0x0000000000000000       0x12 ../../../src/platform/firefly3/source/hal_wait.o
 .comment       0x0000000000000000       0x12 ../../../src/platform/firefly3/source/nrk_eeprom.o
 .comment       0x0000000000000000       0x12 ../../../src/kernel/source/nrk.o
 .comment       0x0000000000000000       0x12 ../../../src/kernel/source/nrk_stats.o
 .comment       0x0000000000000000       0x12 ../../../src/kernel/source/nrk_error.o
 .comment       0x0000000000000000       0x12 ../../../src/kernel/source/nrk_stack_check.o
 .comment       0x0000000000000000       0x12 ../../../src/kernel/source/nrk_events.o
 .comment       0x0000000000000000       0x12 ../../../src/kernel/source/nrk_task.o
 .comment       0x0000000000000000       0x12 ../../../src/kernel/source/nrk_time.o
 .comment       0x0000000000000000       0x12 ../../../src/kernel/source/nrk_idle_task.o
 .comment       0x0000000000000000       0x12 ../../../src/kernel/source/nrk_scheduler.o
 .comment       0x0000000000000000       0x12 ../../../src/kernel/source/nrk_driver.o
 .comment       0x0000000000000000       0x12 ../../../src/kernel/source/nrk_reserve.o
 .comment       0x0000000000000000       0x12 ../../../src/kernel/source/nrk_sw_wdt.o
 .comment       0x0000000000000000       0x12 ../../../src/kernel/hal/atmega128rfa1/nrk_timer.o
 .comment       0x0000000000000000       0x12 ../../../src/kernel/hal/atmega128rfa1/nrk_status.o
 .comment       0x0000000000000000       0x12 ../../../src/kernel/hal/atmega128rfa1/nrk_ext_int.o
 .comment       0x0000000000000000       0x12 ../../../src/kernel/hal/atmega128rfa1/nrk_watchdog.o
 .comment       0x0000000000000000       0x12 ../../../src/kernel/hal/atmega128rfa1/nrk_cpu.o
 .comment       0x0000000000000011       0x11 /opt/local/lib/gcc/avr/4.7.2/../../../../avr/lib/avr51/libprintf_min.a(vfprintf_min.o)
                                         0x12 (size before relaxing)
 .comment       0x0000000000000000       0x12 /opt/local/lib/gcc/avr/4.7.2/../../../../avr/lib/avr51/libc.a(fdevopen.o)
 .comment       0x0000000000000000       0x12 /opt/local/lib/gcc/avr/4.7.2/../../../../avr/lib/avr51/libc.a(fputc.o)
 .comment       0x0000000000000000       0x12 /opt/local/lib/gcc/avr/4.7.2/../../../../avr/lib/avr51/libc.a(iob.o)
 .comment       0x0000000000000000       0x12 /opt/local/lib/gcc/avr/4.7.2/../../../../avr/lib/avr51/libc.a(printf.o)
 .comment       0x0000000000000000       0x12 /opt/local/lib/gcc/avr/4.7.2/../../../../avr/lib/avr51/libc.a(putchar.o)
 .comment       0x0000000000000000       0x12 /opt/local/lib/gcc/avr/4.7.2/../../../../avr/lib/avr51/libc.a(puts.o)
 .comment       0x0000000000000000       0x12 /opt/local/lib/gcc/avr/4.7.2/../../../../avr/lib/avr51/libc.a(sprintf.o)
 .comment       0x0000000000000000       0x12 /opt/local/lib/gcc/avr/4.7.2/../../../../avr/lib/avr51/libc.a(calloc.o)
 .comment       0x0000000000000000       0x12 /opt/local/lib/gcc/avr/4.7.2/../../../../avr/lib/avr51/libc.a(malloc.o)

.debug
 *(.debug)

.line
 *(.line)

.debug_srcinfo
 *(.debug_srcinfo)

.debug_sfnames
 *(.debug_sfnames)

.debug_aranges
 *(.debug_aranges)

.debug_pubnames
 *(.debug_pubnames)

.debug_info
 *(.debug_info)
 *(.gnu.linkonce.wi.*)

.debug_abbrev
 *(.debug_abbrev)

.debug_line
 *(.debug_line)

.debug_frame
 *(.debug_frame)

.debug_str
 *(.debug_str)

.debug_loc
 *(.debug_loc)

.debug_macinfo
 *(.debug_macinfo)

.debug_pubtypes
 *(.debug_pubtypes)

.debug_ranges
 *(.debug_ranges)

.debug_macro
 *(.debug_macro)
OUTPUT(main.elf elf32-avr)
LOAD linker stubs

Cross Reference Table

Symbol                                            File
B3                                                ../../../src/drivers/platform/firefly3/source/ff_basic_sensor.o
B4                                                ../../../src/drivers/platform/firefly3/source/ff_basic_sensor.o
B5                                                ../../../src/drivers/platform/firefly3/source/ff_basic_sensor.o
B6                                                ../../../src/drivers/platform/firefly3/source/ff_basic_sensor.o
B7                                                ../../../src/drivers/platform/firefly3/source/ff_basic_sensor.o
NRK_ADC_INPUT_0                                   ../../../src/platform/firefly3/source/ulib.o
NRK_ADC_INPUT_1                                   ../../../src/platform/firefly3/source/ulib.o
NRK_ADC_INPUT_2                                   ../../../src/platform/firefly3/source/ulib.o
NRK_ADC_INPUT_3                                   ../../../src/platform/firefly3/source/ulib.o
NRK_ADC_INPUT_4                                   ../../../src/platform/firefly3/source/ulib.o
NRK_ADC_INPUT_5                                   ../../../src/platform/firefly3/source/ulib.o
NRK_ADC_INPUT_6                                   ../../../src/platform/firefly3/source/ulib.o
NRK_ADC_INPUT_7                                   ../../../src/platform/firefly3/source/ulib.o
NRK_BUTTON                                        ../../../src/platform/firefly3/source/ulib.o
NRK_GPIO26                                        ../../../src/platform/firefly3/source/ulib.o
NRK_GPIO34                                        ../../../src/platform/firefly3/source/ulib.o
NRK_LED_0                                         ../../../src/platform/firefly3/source/ulib.o
NRK_LED_1                                         ../../../src/platform/firefly3/source/ulib.o
NRK_LED_2                                         ../../../src/platform/firefly3/source/ulib.o
NRK_LED_3                                         ../../../src/platform/firefly3/source/ulib.o
NRK_MISO                                          ../../../src/platform/firefly3/source/ulib.o
NRK_MMC_10                                        ../../../src/platform/firefly3/source/ulib.o
NRK_MMC_11                                        ../../../src/platform/firefly3/source/ulib.o
NRK_MMC_9                                         ../../../src/platform/firefly3/source/ulib.o
NRK_MOSI                                          ../../../src/platform/firefly3/source/ulib.o
NRK_SCK                                           ../../../src/platform/firefly3/source/ulib.o
NRK_SPI_SS                                        ../../../src/platform/firefly3/source/ulib.o
NRK_UART0_RXD                                     ../../../src/platform/firefly3/source/ulib.o
NRK_UART0_TXD                                     ../../../src/platform/firefly3/source/ulib.o
NRK_UART1_RXD                                     ../../../src/platform/firefly3/source/ulib.o
NRK_UART1_TXD                                     ../../../src/platform/firefly3/source/ulib.o
P                                                 ../../../src/drivers/platform/firefly3/source/ff_basic_sensor.o
PORT_INIT                                         ../../../src/platform/firefly3/source/ulib.o
SIG_OUTPUT_COMPARE1A                              ../../../src/kernel/hal/atmega128rfa1/nrk_timer.o
Stack1                                            main.o
T                                                 ../../../src/drivers/platform/firefly3/source/ff_basic_sensor.o
Task1                                             main.o
TaskOne                                           main.o
UP                                                ../../../src/drivers/platform/firefly3/source/ff_basic_sensor.o
UT                                                ../../../src/drivers/platform/firefly3/source/ff_basic_sensor.o
X1                                                ../../../src/drivers/platform/firefly3/source/ff_basic_sensor.o
X2                                                ../../../src/drivers/platform/firefly3/source/ff_basic_sensor.o
X3                                                ../../../src/drivers/platform/firefly3/source/ff_basic_sensor.o
__adddi3                                          /opt/local/lib/gcc/avr/4.7.2/avr51/libgcc.a(_adddi3.o)
                                                  ../../../src/kernel/source/nrk_time.o
__bad_interrupt                                   /opt/local/lib/gcc/avr/4.7.2/../../../../avr/lib/avr51/crtm128rfa1.o
__brkval                                          /opt/local/lib/gcc/avr/4.7.2/../../../../avr/lib/avr51/libc.a(malloc.o)
__bss_end                                         /opt/local/lib/gcc/avr/4.7.2/avr51/libgcc.a(_clear_bss.o)
__bss_start                                       /opt/local/lib/gcc/avr/4.7.2/avr51/libgcc.a(_clear_bss.o)
__data_end                                        /opt/local/lib/gcc/avr/4.7.2/avr51/libgcc.a(_copy_data.o)
__data_load_start                                 /opt/local/lib/gcc/avr/4.7.2/avr51/libgcc.a(_copy_data.o)
__data_start                                      /opt/local/lib/gcc/avr/4.7.2/avr51/libgcc.a(_copy_data.o)
__divmodsi4                                       /opt/local/lib/gcc/avr/4.7.2/avr51/libgcc.a(_divmodsi4.o)
                                                  ../../../src/drivers/platform/firefly3/source/ff_basic_sensor.o
__do_clear_bss                                    /opt/local/lib/gcc/avr/4.7.2/avr51/libgcc.a(_clear_bss.o)
                                                  /opt/local/lib/gcc/avr/4.7.2/../../../../avr/lib/avr51/libc.a(malloc.o)
                                                  /opt/local/lib/gcc/avr/4.7.2/../../../../avr/lib/avr51/libc.a(iob.o)
                                                  ../../../src/kernel/hal/atmega128rfa1/nrk_cpu.o
                                                  ../../../src/kernel/hal/atmega128rfa1/nrk_watchdog.o
                                                  ../../../src/kernel/hal/atmega128rfa1/nrk_ext_int.o
                                                  ../../../src/kernel/hal/atmega128rfa1/nrk_status.o
                                                  ../../../src/kernel/hal/atmega128rfa1/nrk_timer.o
                                                  ../../../src/kernel/source/nrk_sw_wdt.o
                                                  ../../../src/kernel/source/nrk_driver.o
                                                  ../../../src/kernel/source/nrk_scheduler.o
                                                  ../../../src/kernel/source/nrk_idle_task.o
                                                  ../../../src/kernel/source/nrk_time.o
                                                  ../../../src/kernel/source/nrk_task.o
                                                  ../../../src/kernel/source/nrk_events.o
                                                  ../../../src/kernel/source/nrk_stack_check.o
                                                  ../../../src/kernel/source/nrk_error.o
                                                  ../../../src/kernel/source/nrk_stats.o
                                                  ../../../src/kernel/source/nrk.o
                                                  ../../../src/platform/firefly3/source/nrk_eeprom.o
                                                  ../../../src/platform/firefly3/source/ulib.o
                                                  ../../../src/radio/rf231_soc/source/basic_rf.o
                                                  ../../../src/drivers/platform/firefly3/source/twi_base_calls.o
                                                  ../../../src/drivers/platform/firefly3/source/ff_basic_sensor.o
                                                  main.o
__do_copy_data                                    /opt/local/lib/gcc/avr/4.7.2/avr51/libgcc.a(_copy_data.o)
                                                  /opt/local/lib/gcc/avr/4.7.2/../../../../avr/lib/avr51/libc.a(malloc.o)
                                                  ../../../src/kernel/source/nrk_stack_check.o
                                                  ../../../src/kernel/source/nrk_error.o
                                                  ../../../src/platform/firefly3/source/ulib.o
                                                  ../../../src/radio/rf231_soc/source/basic_rf.o
                                                  ../../../src/drivers/platform/firefly3/source/twi_base_calls.o
                                                  main.o
__eerd_byte_m128rfa1                              /opt/local/lib/gcc/avr/4.7.2/../../../../avr/lib/avr51/libc.a(eerd_byte_atmega128rfa1.o)
                                                  ../../../src/platform/firefly3/source/nrk_eeprom.o
__eewr_byte_m128rfa1                              /opt/local/lib/gcc/avr/4.7.2/../../../../avr/lib/avr51/libc.a(eewr_byte_atmega128rfa1.o)
                                                  ../../../src/platform/firefly3/source/nrk_eeprom.o
__eewr_r18_m128rfa1                               /opt/local/lib/gcc/avr/4.7.2/../../../../avr/lib/avr51/libc.a(eewr_byte_atmega128rfa1.o)
__flp                                             /opt/local/lib/gcc/avr/4.7.2/../../../../avr/lib/avr51/libc.a(malloc.o)
__heap_end                                        /opt/local/lib/gcc/avr/4.7.2/../../../../avr/lib/avr51/crtm128rfa1.o
                                                  /opt/local/lib/gcc/avr/4.7.2/../../../../avr/lib/avr51/libc.a(malloc.o)
__heap_start                                      /opt/local/lib/gcc/avr/4.7.2/../../../../avr/lib/avr51/libc.a(malloc.o)
__init                                            /opt/local/lib/gcc/avr/4.7.2/../../../../avr/lib/avr51/crtm128rfa1.o
__iob                                             /opt/local/lib/gcc/avr/4.7.2/../../../../avr/lib/avr51/libc.a(puts.o)
                                                  /opt/local/lib/gcc/avr/4.7.2/../../../../avr/lib/avr51/libc.a(putchar.o)
                                                  /opt/local/lib/gcc/avr/4.7.2/../../../../avr/lib/avr51/libc.a(printf.o)
                                                  /opt/local/lib/gcc/avr/4.7.2/../../../../avr/lib/avr51/libc.a(iob.o)
                                                  /opt/local/lib/gcc/avr/4.7.2/../../../../avr/lib/avr51/libc.a(fdevopen.o)
                                                  ../../../src/kernel/source/nrk_error.o
                                                  ../../../src/platform/firefly3/source/ulib.o
__malloc_heap_end                                 /opt/local/lib/gcc/avr/4.7.2/../../../../avr/lib/avr51/libc.a(malloc.o)
__malloc_heap_start                               /opt/local/lib/gcc/avr/4.7.2/../../../../avr/lib/avr51/libc.a(malloc.o)
__malloc_margin                                   /opt/local/lib/gcc/avr/4.7.2/../../../../avr/lib/avr51/libc.a(malloc.o)
__mulohisi3                                       /opt/local/lib/gcc/avr/4.7.2/avr51/libgcc.a(_mulshisi3.o)
                                                  ../../../src/drivers/platform/firefly3/source/ff_basic_sensor.o
__mulshisi3                                       /opt/local/lib/gcc/avr/4.7.2/avr51/libgcc.a(_mulshisi3.o)
                                                  ../../../src/drivers/platform/firefly3/source/ff_basic_sensor.o
__mulsi3                                          /opt/local/lib/gcc/avr/4.7.2/avr51/libgcc.a(_mulsi3.o)
                                                  ../../../src/kernel/source/nrk_time.o
                                                  ../../../src/drivers/platform/firefly3/source/ff_basic_sensor.o
__muluhisi3                                       /opt/local/lib/gcc/avr/4.7.2/avr51/libgcc.a(_muluhisi3.o)
                                                  /opt/local/lib/gcc/avr/4.7.2/avr51/libgcc.a(_mulsi3.o)
                                                  /opt/local/lib/gcc/avr/4.7.2/avr51/libgcc.a(_mulshisi3.o)
                                                  ../../../src/kernel/source/nrk_scheduler.o
                                                  ../../../src/kernel/source/nrk_time.o
                                                  ../../../src/radio/rf231_soc/source/basic_rf.o
                                                  ../../../src/drivers/platform/firefly3/source/ff_basic_sensor.o
__stack                                           /opt/local/lib/gcc/avr/4.7.2/../../../../avr/lib/avr51/crtm128rfa1.o
__tablejump2__                                    /opt/local/lib/gcc/avr/4.7.2/avr51/libgcc.a(_tablejump.o)
                                                  ../../../src/kernel/source/nrk_error.o
__tablejump__                                     /opt/local/lib/gcc/avr/4.7.2/avr51/libgcc.a(_tablejump.o)
__udivdi3                                         /opt/local/lib/gcc/avr/4.7.2/avr51/libgcc.a(_udivdi3.o)
                                                  ../../../src/kernel/source/nrk_time.o
__udivdi3_umoddi3                                 /opt/local/lib/gcc/avr/4.7.2/avr51/libgcc.a(_udivdi3.o)
__udivmod64                                       /opt/local/lib/gcc/avr/4.7.2/avr51/libgcc.a(_udivmod64.o)
                                                  /opt/local/lib/gcc/avr/4.7.2/avr51/libgcc.a(_udivdi3.o)
__udivmodhi4                                      /opt/local/lib/gcc/avr/4.7.2/avr51/libgcc.a(_udivmodhi4.o)
                                                  ../../../src/kernel/source/nrk_scheduler.o
__udivmodsi4                                      /opt/local/lib/gcc/avr/4.7.2/avr51/libgcc.a(_udivmodsi4.o)
                                                  /opt/local/lib/gcc/avr/4.7.2/avr51/libgcc.a(_divmodsi4.o)
                                                  ../../../src/kernel/source/nrk_scheduler.o
                                                  ../../../src/kernel/source/nrk_time.o
                                                  ../../../src/drivers/platform/firefly3/source/ff_basic_sensor.o
__ultoa_invert                                    /opt/local/lib/gcc/avr/4.7.2/../../../../avr/lib/avr51/libc.a(ultoa_invert.o)
                                                  /opt/local/lib/gcc/avr/4.7.2/../../../../avr/lib/avr51/libprintf_min.a(vfprintf_min.o)
__umoddi3                                         /opt/local/lib/gcc/avr/4.7.2/avr51/libgcc.a(_udivdi3.o)
__umulhisi3                                       /opt/local/lib/gcc/avr/4.7.2/avr51/libgcc.a(_umulhisi3.o)
                                                  /opt/local/lib/gcc/avr/4.7.2/avr51/libgcc.a(_muluhisi3.o)
__vector_1                                        ../../../src/kernel/hal/atmega128rfa1/nrk_ext_int.o
                                                  /opt/local/lib/gcc/avr/4.7.2/../../../../avr/lib/avr51/crtm128rfa1.o
__vector_10                                       /opt/local/lib/gcc/avr/4.7.2/../../../../avr/lib/avr51/crtm128rfa1.o
__vector_11                                       /opt/local/lib/gcc/avr/4.7.2/../../../../avr/lib/avr51/crtm128rfa1.o