Archive member included because of file (symbol)

/opt/local/lib/gcc/avr/4.7.2/../../../../avr/lib/avr51/libprintf_min.a(vfprintf_min.o)
                              (vfprintf)
/opt/local/lib/gcc/avr/4.7.2/avr51/libgcc.a(_muluhisi3.o)
                              ../../../src/drivers/platform/firefly3/source/ff_basic_sensor.o (__muluhisi3)
/opt/local/lib/gcc/avr/4.7.2/avr51/libgcc.a(_mulshisi3.o)
                              ../../../src/drivers/platform/firefly3/source/ff_basic_sensor.o (__mulshisi3)
/opt/local/lib/gcc/avr/4.7.2/avr51/libgcc.a(_mulsi3.o)
                              ../../../src/drivers/platform/firefly3/source/ff_basic_sensor.o (__mulsi3)
/opt/local/lib/gcc/avr/4.7.2/avr51/libgcc.a(_udivmodhi4.o)
                              ../../../src/kernel/source/nrk_scheduler.o (__udivmodhi4)
/opt/local/lib/gcc/avr/4.7.2/avr51/libgcc.a(_udivmodsi4.o)
                              ../../../src/drivers/platform/firefly3/source/ff_basic_sensor.o (__udivmodsi4)
/opt/local/lib/gcc/avr/4.7.2/avr51/libgcc.a(_divmodsi4.o)
                              ../../../src/drivers/platform/firefly3/source/ff_basic_sensor.o (__divmodsi4)
/opt/local/lib/gcc/avr/4.7.2/avr51/libgcc.a(_udivdi3.o)
                              ../../../src/kernel/source/nrk_time.o (__udivdi3)
/opt/local/lib/gcc/avr/4.7.2/avr51/libgcc.a(_udivmod64.o)
                              /opt/local/lib/gcc/avr/4.7.2/avr51/libgcc.a(_udivdi3.o) (__udivmod64)
/opt/local/lib/gcc/avr/4.7.2/avr51/libgcc.a(_exit.o)
                              /opt/local/lib/gcc/avr/4.7.2/../../../../avr/lib/avr51/crtm128rfa1.o (exit)
/opt/local/lib/gcc/avr/4.7.2/avr51/libgcc.a(_tablejump.o)
                              ../../../src/kernel/source/nrk_error.o (__tablejump2__)
/opt/local/lib/gcc/avr/4.7.2/avr51/libgcc.a(_copy_data.o)
                              main.o (__do_copy_data)
/opt/local/lib/gcc/avr/4.7.2/avr51/libgcc.a(_clear_bss.o)
                              main.o (__do_clear_bss)
/opt/local/lib/gcc/avr/4.7.2/avr51/libgcc.a(_adddi3.o)
                              ../../../src/kernel/source/nrk_time.o (__adddi3)
/opt/local/lib/gcc/avr/4.7.2/avr51/libgcc.a(_umulhisi3.o)
                              /opt/local/lib/gcc/avr/4.7.2/avr51/libgcc.a(_muluhisi3.o) (__umulhisi3)
/opt/local/lib/gcc/avr/4.7.2/../../../../avr/lib/avr51/libc.a(strchr_P.o)
                              /opt/local/lib/gcc/avr/4.7.2/../../../../avr/lib/avr51/libprintf_min.a(vfprintf_min.o) (strchr_P)
/opt/local/lib/gcc/avr/4.7.2/../../../../avr/lib/avr51/libc.a(memcpy.o)
                              ../../../src/radio/rf231_soc/source/basic_rf.o (memcpy)
/opt/local/lib/gcc/avr/4.7.2/../../../../avr/lib/avr51/libc.a(fdevopen.o)
                              ../../../src/platform/firefly3/source/ulib.o (fdevopen)
/opt/local/lib/gcc/avr/4.7.2/../../../../avr/lib/avr51/libc.a(fputc.o)
                              ../../../src/platform/firefly3/source/ulib.o (fputc)
/opt/local/lib/gcc/avr/4.7.2/../../../../avr/lib/avr51/libc.a(iob.o)
                              ../../../src/platform/firefly3/source/ulib.o (__iob)
/opt/local/lib/gcc/avr/4.7.2/../../../../avr/lib/avr51/libc.a(printf.o)
                              main.o (printf)
/opt/local/lib/gcc/avr/4.7.2/../../../../avr/lib/avr51/libc.a(putchar.o)
                              ../../../src/radio/rf231_soc/source/basic_rf.o (putchar)
/opt/local/lib/gcc/avr/4.7.2/../../../../avr/lib/avr51/libc.a(puts.o)
                              main.o (puts)
/opt/local/lib/gcc/avr/4.7.2/../../../../avr/lib/avr51/libc.a(sprintf.o)
                              ../../../src/kernel/source/nrk_error.o (sprintf)
/opt/local/lib/gcc/avr/4.7.2/../../../../avr/lib/avr51/libc.a(ultoa_invert.o)
                              /opt/local/lib/gcc/avr/4.7.2/../../../../avr/lib/avr51/libprintf_min.a(vfprintf_min.o) (__ultoa_invert)
/opt/local/lib/gcc/avr/4.7.2/../../../../avr/lib/avr51/libc.a(eerd_byte_atmega128rfa1.o)
                              ../../../src/platform/firefly3/source/nrk_eeprom.o (__eerd_byte_m128rfa1)
/opt/local/lib/gcc/avr/4.7.2/../../../../avr/lib/avr51/libc.a(eewr_byte_atmega128rfa1.o)
                              ../../../src/platform/firefly3/source/nrk_eeprom.o (__eewr_byte_m128rfa1)
/opt/local/lib/gcc/avr/4.7.2/../../../../avr/lib/avr51/libc.a(calloc.o)
                              /opt/local/lib/gcc/avr/4.7.2/../../../../avr/lib/avr51/libc.a(fdevopen.o) (calloc)
/opt/local/lib/gcc/avr/4.7.2/../../../../avr/lib/avr51/libc.a(malloc.o)
                              /opt/local/lib/gcc/avr/4.7.2/../../../../avr/lib/avr51/libc.a(calloc.o) (malloc)
/opt/local/lib/gcc/avr/4.7.2/../../../../avr/lib/avr51/libc.a(memset.o)
                              /opt/local/lib/gcc/avr/4.7.2/../../../../avr/lib/avr51/libc.a(calloc.o) (memset)

Allocating common symbols
Common symbol       size              file

rx_ctr              0x4               ../../../src/radio/rf231_soc/source/basic_rf.o
[...]
Memory Configuration

Name             Origin             Length             Attributes
text             0x0000000000000000 0x0000000000020000 xr
data             0x0000000000800100 0x000000000000ff00 rw !x
eeprom           0x0000000000810000 0x0000000000010000 rw !x
fuse             0x0000000000820000 0x0000000000000400 rw !x
lock             0x0000000000830000 0x0000000000000400 rw !x
signature        0x0000000000840000 0x0000000000000400 rw !x
*default*        0x0000000000000000 0xffffffffffffffff

Linker script and memory map

Address of section .data set to 0x800200
LOAD /opt/local/lib/gcc/avr/4.7.2/../../../../avr/lib/avr51/crtm128rfa1.o
LOAD main.o
LOAD ../../../src/drivers/platform/firefly3/source/ff_basic_sensor.o
LOAD ../../../src/drivers/platform/firefly3/source/twi_base_calls.o
LOAD ../../../src/radio/rf231_soc/source/basic_rf.o
LOAD ../../../src/platform/firefly3/source/ulib.o
LOAD ../../../src/platform/firefly3/source/hal_wait.o
LOAD ../../../src/platform/firefly3/source/nrk_eeprom.o
LOAD ../../../src/kernel/source/nrk.o
LOAD ../../../src/kernel/source/nrk_stats.o
LOAD ../../../src/kernel/source/nrk_error.o
LOAD ../../../src/kernel/source/nrk_stack_check.o
LOAD ../../../src/kernel/source/nrk_events.o
LOAD ../../../src/kernel/source/nrk_task.o
LOAD ../../../src/kernel/source/nrk_time.o
LOAD ../../../src/kernel/source/nrk_idle_task.o
LOAD ../../../src/kernel/source/nrk_scheduler.o
LOAD ../../../src/kernel/source/nrk_driver.o
LOAD ../../../src/kernel/source/nrk_reserve.o
LOAD ../../../src/kernel/source/nrk_sw_wdt.o
LOAD ../../../src/kernel/hal/atmega128rfa1/nrk_timer.o
LOAD ../../../src/kernel/hal/atmega128rfa1/nrk_status.o
LOAD ../../../src/kernel/hal/atmega128rfa1/nrk_ext_int.o
LOAD ../../../src/kernel/hal/atmega128rfa1/nrk_watchdog.o
LOAD ../../../src/kernel/hal/atmega128rfa1/nrk_cpu.o
LOAD ../../../src/kernel/hal/atmega128rfa1/atmel_hw_specific.o
LOAD /opt/local/lib/gcc/avr/4.7.2/../../../../avr/lib/avr51/libprintf_min.a
LOAD /opt/local/lib/gcc/avr/4.7.2/../../../../avr/lib/avr51/libm.a
LOAD /opt/local/lib/gcc/avr/4.7.2/avr51/libgcc.a
LOAD /opt/local/lib/gcc/avr/4.7.2/../../../../avr/lib/avr51/libc.a
LOAD /opt/local/lib/gcc/avr/4.7.2/avr51/libgcc.a

.hash
 *(.hash)

.dynsym
 *(.dynsym)

.dynstr
 *(.dynstr)

.gnu.version
 *(.gnu.version)

.gnu.version_d
 *(.gnu.version_d)

.gnu.version_r
 *(.gnu.version_r)

.rel.init
 *(.rel.init)

.rela.init
 *(.rela.init)

.rel.text
 *(.rel.text)
 *(.rel.text.*)
 *(.rel.gnu.linkonce.t*)

.rela.text
 *(.rela.text)
 *(.rela.text.*)
 *(.rela.gnu.linkonce.t*)

.rel.fini
 *(.rel.fini)

.rela.fini
 *(.rela.fini)

.rel.rodata
 *(.rel.rodata)
 *(.rel.rodata.*)
 *(.rel.gnu.linkonce.r*)

.rela.rodata
 *(.rela.rodata)
 *(.rela.rodata.*)
 *(.rela.gnu.linkonce.r*)

.rel.data
 *(.rel.data)
 *(.rel.data.*)
 *(.rel.gnu.linkonce.d*)

.rela.data
 *(.rela.data)
 *(.rela.data.*)
 *(.rela.gnu.linkonce.d*)

.rel.ctors
 *(.rel.ctors)

.rela.ctors
 *(.rela.ctors)

.rel.dtors
 *(.rel.dtors)

.rela.dtors
 *(.rela.dtors)

.rel.got
 *(.rel.got)

.rela.got
 *(.rela.got)

.rel.bss
 *(.rel.bss)

.rela.bss
 *(.rela.bss)

.rel.plt
 *(.rel.plt)

.rela.plt
 *(.rela.plt)

.text           0x0000000000000000     0x598c
 *(.vectors)
 .vectors       0x0000000000000000      0x120 /opt/local/lib/gcc/avr/4.7.2/../../../../avr/lib/avr51/crtm128rfa1.o
                0x0000000000000000                __vectors
 *(.vectors)
 *(.progmem.gcc*)
 .progmem.gcc_sw_table
                0x0000000000000120       0x2c ../../../src/kernel/source/nrk_error.o
 *(.progmem*)
 .progmem.data  0x000000000000014c       0x3e main.o
 .progmem.data  0x000000000000018a      0x238 ../../../src/kernel/source/nrk_error.o
 .progmem.data  0x00000000000003c2        0xf ../../../src/kernel/source/nrk_stack_check.o
 .progmem.data  0x00000000000003d1       0x17 /opt/local/lib/gcc/avr/4.7.2/../../../../avr/lib/avr51/libprintf_min.a(vfprintf_min.o)
                0x00000000000003e8                . = ALIGN (0x2)
                0x00000000000003e8                __trampolines_start = .
 *(.trampolines)
 .trampolines   0x00000000000003e8        0x0 linker stubs
 *(.trampolines*)
                0x00000000000003e8                __trampolines_end = .
 *(.jumptables)
 *(.jumptables*)
 *(.lowtext)
 *(.lowtext*)
                0x00000000000003e8                __ctors_start = .
 *(.ctors)
                0x00000000000003e8                __ctors_end = .
                0x00000000000003e8                __dtors_start = .
 *(.dtors)
                0x00000000000003e8                __dtors_end = .
 SORT(*)(.ctors)
 SORT(*)(.dtors)
 *(.init0)
 .init0         0x00000000000003e8        0x0 /opt/local/lib/gcc/avr/4.7.2/../../../../avr/lib/avr51/crtm128rfa1.o
                0x00000000000003e8                __init
 *(.init0)
 *(.init1)
 *(.init1)
 *(.init2)
 .init2         0x00000000000003e8        0xc /opt/local/lib/gcc/avr/4.7.2/../../../../avr/lib/avr51/crtm128rfa1.o
 *(.init2)
 *(.init3)
 *(.init3)
 *(.init4)
 .init4         0x00000000000003f4       0x1a /opt/local/lib/gcc/avr/4.7.2/avr51/libgcc.a(_copy_data.o)
                0x00000000000003f4                __do_copy_data
 .init4         0x000000000000040e       0x10 /opt/local/lib/gcc/avr/4.7.2/avr51/libgcc.a(_clear_bss.o)
                0x000000000000040e                __do_clear_bss
 *(.init4)
 *(.init5)
 *(.init5)
 *(.init6)
 *(.init6)
 *(.init7)
 *(.init7)
 *(.init8)
 *(.init8)
 *(.init9)
 .init9         0x000000000000041e        0x8 /opt/local/lib/gcc/avr/4.7.2/../../../../avr/lib/avr51/crtm128rfa1.o
 *(.init9)
 *(.text)
 .text          0x0000000000000426        0x4 /opt/local/lib/gcc/avr/4.7.2/../../../../avr/lib/avr51/crtm128rfa1.o
                0x0000000000000426                __vector_65
                0x0000000000000426                __vector_22
                0x0000000000000426                __vector_28
                0x0000000000000426                __vector_67
                0x0000000000000426                __vector_71
                0x0000000000000426                __vector_34
                0x0000000000000426                __vector_24
                0x0000000000000426                __vector_12
                0x0000000000000426                __vector_55
                0x0000000000000426                __vector_69
                0x0000000000000426                __vector_46
                0x0000000000000426                __bad_interrupt
                0x0000000000000426                __vector_6
                0x0000000000000426                __vector_31
                0x0000000000000426                __vector_35
                0x0000000000000426                __vector_39
                0x0000000000000426                __vector_23
                0x0000000000000426                __vector_68
                0x0000000000000426                __vector_30
                0x0000000000000426                __vector_45
                0x0000000000000426                __vector_25
                0x0000000000000426                __vector_11
                0x0000000000000426                __vector_54
                0x0000000000000426                __vector_17
                0x0000000000000426                __vector_19
                0x0000000000000426                __vector_56
                0x0000000000000426                __vector_7
                0x0000000000000426                __vector_49
                0x0000000000000426                __vector_41
                0x0000000000000426                __vector_43
                0x0000000000000426                __vector_27
                0x0000000000000426                __vector_5
                0x0000000000000426                __vector_33
                0x0000000000000426                __vector_47
                0x0000000000000426                __vector_52
                0x0000000000000426                __vector_37
                0x0000000000000426                __vector_4
                0x0000000000000426                __vector_44
                0x0000000000000426                __vector_51
                0x0000000000000426                __vector_21
                0x0000000000000426                __vector_66
                0x0000000000000426                __vector_36
                0x0000000000000426                __vector_70
                0x0000000000000426                __vector_29
                0x0000000000000426                __vector_40
                0x0000000000000426                __vector_8
                0x0000000000000426                __vector_26
                0x0000000000000426                __vector_48
                0x0000000000000426                __vector_14
                0x0000000000000426                __vector_53
                0x0000000000000426                __vector_10
                0x0000000000000426                __vector_50
                0x0000000000000426                __vector_16
                0x0000000000000426                __vector_18
                0x0000000000000426                __vector_20
                0x0000000000000426                __vector_42
                0x0000000000000426                __vector_38
 .text          0x000000000000042a      0x19c main.o
                0x000000000000042a                Task1
                0x0000000000000508                nrk_create_taskset
                0x00000000000005ae                nrk_register_drivers
 .text          0x00000000000005c6      0x8a8 ../../../src/drivers/platform/firefly3/source/ff_basic_sensor.o
                0x00000000000005c6                open
                0x0000000000000614                close
                0x000000000000062c                get_status
                0x000000000000063a                set_status
                0x0000000000000698                get_eeprom_values
                0x0000000000000708                init_adc
                0x0000000000000736                init
                0x0000000000000756                delay
                0x000000000000075e                get_adc_val
                0x000000000000078a                calc_true_press
                0x0000000000000aa0                calc_true_temp
                0x0000000000000b8c                read_uncomp_temp
                0x0000000000000bf4                calc_temp
                0x0000000000000bfc                read_uncomp_press
                0x0000000000000c98                calc_press
                0x0000000000000ca8                read
                0x0000000000000e1a                dev_manager_ff3_sensors
 .text          0x0000000000000e6e      0x2f0 ../../../src/drivers/platform/firefly3/source/twi_base_calls.o
                0x0000000000000e6e                set_i2c_device
                0x0000000000000e74                init_i2c
                0x0000000000000e94                close_i2c
                0x0000000000000ea8                ee24xx_read_bytes
                0x0000000000000fea                ee24xx_write_page
                0x00000000000010e4                ee24xx_write_bytes
                0x0000000000001140                error
 .text          0x000000000000115e      0x932 ../../../src/radio/rf231_soc/source/basic_rf.o
                0x000000000000116e                rf_enable_glossy
                0x0000000000001176                rf_disable_glossy
                0x000000000000117c                rf_power_down
                0x00000000000011c8                rf_power_up
                0x00000000000011f4                rf_tx_power
                0x0000000000001208                rf_addr_decode_enable
                0x0000000000001214                rf_addr_decode_disable
                0x0000000000001220                rf_auto_ack_enable
                0x000000000000122c                rf_auto_ack_disable
                0x0000000000001238                rf_addr_decode_set_my_mac
                0x000000000000124a                rf_set_rx
                0x0000000000001264                rx_start_callback
                0x000000000000126e                rx_end_callback
                0x0000000000001278                rf_init
                0x000000000000135e                rf_rx_on
                0x0000000000001364                rf_polling_rx_on
                0x000000000000136a                rf_rx_off
                0x0000000000001376                rf_tx_packet_repeat
                0x0000000000001606                rf_tx_packet
                0x000000000000160e                rf_cca_check
                0x0000000000001672                rf_rx_packet_nonblock
                0x000000000000178a                __vector_64
                0x00000000000017a8                __vector_63
                0x00000000000017cc                __vector_62
                0x00000000000017ea                __vector_61
                0x0000000000001808                __vector_59
                0x0000000000001868                __vector_58
                0x0000000000001886                __vector_57
                0x00000000000018a4                rf_set_cca_thresh
                0x00000000000018b8                rf_security_last_pkt_status
                0x00000000000018bc                rf_security_set_ctr_counter
                0x00000000000018be                rf_security_set_key
                0x00000000000018c0                rf_security_disable
                0x00000000000018c2                rf_tx_tdma_packet
                0x00000000000018c6                rf_get_sem
                0x00000000000018d0                rf_rx_packet
                0x00000000000018d4                rf_flush_rx_fifo
                0x00000000000018d6                rf_busy
                0x00000000000018da                rf_rx_check_fifop
                0x00000000000018de                rf_rx_check_sfd
                0x00000000000018e2                rf_carrier_on
                0x00000000000018e4                rf_carrier_off
                0x00000000000018e6                rf_test_mode
                0x00000000000018e8                rf_data_mode
                0x00000000000018ea                rf_rx_set_serial
                0x00000000000018ec                rf_tx_set_serial
                0x00000000000018ee                rf_set_preamble_length
                0x00000000000018f0                rf_set_cca_mode
                0x00000000000018f2                rf_cc2591_tx_on
                0x000000000000190e                rf_cc2591_rx_on
                0x000000000000192a                rf_glossy_interrupt
                0x0000000000001a06                __vector_60
 .text          0x0000000000001a90      0x7ac ../../../src/platform/firefly3/source/ulib.o
                0x0000000000001a90                getc0
                0x0000000000001aa8                putc0
                0x0000000000001ac0                nrk_uart_rx_signal_get
                0x0000000000001ac4                nrk_uart_data_ready
                0x0000000000001ae2                nrk_kprintf
                0x0000000000001b08                PORT_INIT
                0x0000000000001b22                nrk_setup_ports
                0x0000000000001b26                nrk_gpio_set
                0x0000000000001bfc                nrk_gpio_clr
                0x0000000000001ce0                nrk_gpio_get
                0x0000000000001d36                nrk_gpio_toggle
                0x0000000000001f0e                nrk_gpio_direction
                0x00000000000020e2                nrk_get_button
                0x00000000000020f6                nrk_led_toggle
                0x0000000000002124                nrk_led_clr
                0x0000000000002152                nrk_led_set
                0x0000000000002180                nrk_gpio_pullups
                0x0000000000002194                putc1
                0x00000000000021a2                setup_uart0
                0x00000000000021cc                setup_uart1
                0x00000000000021f6                nrk_setup_uart
                0x0000000000002224                getc1
 .text          0x000000000000223c        0xe ../../../src/platform/firefly3/source/hal_wait.o
                0x000000000000223c                halWait
 .text          0x000000000000224a      0x130 ../../../src/platform/firefly3/source/nrk_eeprom.o
                0x000000000000224a                nrk_eeprom_read_byte
                0x000000000000224e                nrk_eeprom_write_byte
                0x0000000000002254                read_eeprom_mac_address
                0x00000000000022ba                read_eeprom_channel
                0x00000000000022d2                write_eeprom_load_img_pages
                0x00000000000022e2                read_eeprom_load_img_pages
                0x00000000000022fa                read_eeprom_aes_key
                0x0000000000002326                write_eeprom_aes_key
                0x0000000000002352                read_eeprom_current_image_checksum
                0x000000000000236a                write_eeprom_current_image_checksum
 .text          0x000000000000237a      0x34a ../../../src/kernel/source/nrk.o
                0x000000000000237a                nrk_int_disable
                0x000000000000237e                nrk_int_enable
                0x0000000000002382                nrk_halt
                0x0000000000002388                nrk_init
                0x00000000000024cc                nrk_start
                0x0000000000002530                nrk_TCB_init
                0x00000000000026ba                _nrk_timer_tick
                0x00000000000026be                nrk_version
 .text          0x00000000000026c4        0x0 ../../../src/kernel/source/nrk_stats.o
 .text          0x00000000000026c4      0x312 ../../../src/kernel/source/nrk_error.o
                0x00000000000026c4                _nrk_errno_set
                0x00000000000026d0                nrk_errno_get
                0x00000000000026dc                nrk_error_get
                0x00000000000026f8                nrk_error_print
                0x000000000000280c                nrk_kernel_error_add
                0x0000000000002818                nrk_error_add
                0x000000000000282e                pause
                0x0000000000002858                blink_dot
                0x0000000000002870                blink_dash
                0x0000000000002890                blink_morse_code_error
 .text          0x00000000000029d6      0x1f2 ../../../src/kernel/source/nrk_stack_check.o
                0x00000000000029d6                dump_stack_info
                0x0000000000002b4a                nrk_stack_check
                0x0000000000002b94                nrk_stack_check_pid
 .text          0x0000000000002bc8      0x680 ../../../src/kernel/source/nrk_events.o
                0x0000000000002bc8                nrk_signal_create
                0x0000000000002c3a                nrk_signal_get_registered_mask
                0x0000000000002c4c                nrk_signal_delete
                0x0000000000002d78                nrk_signal_unregister
                0x0000000000002df2                nrk_signal_register
                0x0000000000002e54                nrk_event_signal
                0x0000000000002f36                nrk_event_wait
                0x0000000000002fb0                nrk_sem_create
                0x0000000000002ff8                nrk_get_resource_index
                0x0000000000003012                nrk_sem_delete
                0x0000000000003054                nrk_sem_post
                0x0000000000003166                nrk_sem_pend
                0x0000000000003218                nrk_sem_query
 .text          0x0000000000003248      0x668 ../../../src/kernel/source/nrk_task.o
                0x0000000000003248                nrk_get_high_ready_task_ID
                0x0000000000003254                nrk_print_readyQ
                0x000000000000326a                nrk_add_to_readyQ
                0x00000000000033ae                nrk_rem_from_readyQ
                0x000000000000344e                nrk_activate_task
                0x00000000000034dc                nrk_set_next_wakeup
                0x0000000000003548                _nrk_wait_for_scheduler
                0x000000000000355c                nrk_wait
                0x000000000000360a                nrk_wait_until_nw
                0x0000000000003658                nrk_wait_until_ticks
                0x00000000000036ae                nrk_wait_ticks
                0x000000000000371c                nrk_wait_until_next_n_periods
                0x000000000000377e                nrk_wait_until_next_period
                0x00000000000037d6                nrk_terminate_task
                0x00000000000037f8                nrk_wait_until
                0x00000000000038a4                nrk_get_pid
 .text          0x00000000000038b0      0x63a ../../../src/kernel/source/nrk_time.o
                0x00000000000038b0                nrk_time_get
                0x0000000000003968                nrk_time_sub
                0x0000000000003a92                nrk_time_compact_nanos
                0x0000000000003ad6                nrk_time_add
                0x0000000000003b8c                nrk_time_set
                0x0000000000003bae                _nrk_time_to_ticks
                0x0000000000003d1e                _nrk_ticks_to_time
                0x0000000000003d8c                _nrk_time_to_ticks_long
 .text          0x0000000000003eea       0x48 ../../../src/kernel/source/nrk_idle_task.o
                0x0000000000003eea                nrk_idle_task
 .text          0x0000000000003f32      0x49c ../../../src/kernel/source/nrk_scheduler.o
                0x0000000000003f32                _nrk_scheduler
 .text          0x00000000000043ce      0x1e6 ../../../src/kernel/source/nrk_driver.o
                0x00000000000043ce                nrk_register_driver
                0x00000000000043fe                nrk_open
                0x0000000000004490                nrk_close
                0x00000000000044cc                nrk_write
                0x0000000000004506                nrk_read
                0x0000000000004540                nrk_set_status
                0x000000000000457a                nrk_get_status
 .text          0x00000000000045b4        0x0 ../../../src/kernel/source/nrk_reserve.o
 .text          0x00000000000045b4        0x0 ../../../src/kernel/source/nrk_sw_wdt.o
 .text          0x00000000000045b4      0x396 ../../../src/kernel/hal/atmega128rfa1/nrk_timer.o
                0x00000000000045b4                nrk_spin_wait_us
                0x00000000000045d2                _nrk_precision_os_timer_stop
                0x00000000000045d8                _nrk_precision_os_timer_start
                0x00000000000045ec                _nrk_precision_os_timer_reset
                0x00000000000045f6                _nrk_precision_os_timer_get
                0x000000000000461c                _nrk_high_speed_timer_stop
                0x0000000000004622                _nrk_high_speed_timer_start
                0x000000000000462a                _nrk_high_speed_timer_reset
                0x000000000000463a                _nrk_high_speed_timer_get
                0x0000000000004660                nrk_high_speed_timer_wait
                0x00000000000046c0                _nrk_os_timer_stop
                0x00000000000046d6                _nrk_os_timer_set
                0x00000000000046dc                _nrk_os_timer_start
                0x00000000000046ee                _nrk_os_timer_reset
                0x0000000000004702                _nrk_setup_timer
                0x0000000000004784                _nrk_get_next_wakeup
                0x000000000000478c                _nrk_set_next_wakeup
                0x0000000000004794                nrk_timer_int_stop
                0x00000000000047a0                nrk_timer_int_reset
                0x00000000000047b4                nrk_timer_int_read
                0x00000000000047ca                nrk_timer_int_start
                0x00000000000047dc                nrk_timer_int_configure
                0x0000000000004852                _nrk_os_timer_get
                0x0000000000004858                __vector_default
                0x000000000000486c                __vector_13
                0x000000000000486c                __vector_15
                0x00000000000048d2                __vector_32
                0x0000000000004936                SIG_OUTPUT_COMPARE1A
 .text          0x000000000000494a       0x4c ../../../src/kernel/hal/atmega128rfa1/nrk_status.o
                0x000000000000494a                _nrk_startup_error
 .text          0x0000000000004996      0x3aa ../../../src/kernel/hal/atmega128rfa1/nrk_ext_int.o
                0x0000000000004996                nrk_ext_int_enable
                0x0000000000004a18                nrk_ext_int_disable
                0x0000000000004a9a                nrk_ext_int_configure
                0x0000000000004bb0                __vector_9
                0x0000000000004c14                __vector_1
                0x0000000000004c78                __vector_2
                0x0000000000004cdc                __vector_3
 .text          0x0000000000004d40       0x4c ../../../src/kernel/hal/atmega128rfa1/nrk_watchdog.o
                0x0000000000004d40                nrk_watchdog_disable
                0x0000000000004d5c                nrk_watchdog_enable
                0x0000000000004d7a                nrk_watchdog_check
                0x0000000000004d88                nrk_watchdog_reset
 .text          0x0000000000004d8c      0x148 ../../../src/kernel/hal/atmega128rfa1/nrk_cpu.o
                0x0000000000004d8c                nrk_battery_save
                0x0000000000004d8e                nrk_sleep
                0x0000000000004da6                nrk_idle
                0x0000000000004dbc                nrk_task_set_entry_function
                0x0000000000004dc4                nrk_task_set_stk
                0x0000000000004e02                nrk_task_stk_init
                0x0000000000004ea0                nrk_stack_pointer_init
                0x0000000000004ebe                nrk_stack_pointer_restore
                0x0000000000004ecc                nrk_target_start
 .text          0x0000000000004ed4       0x56 ../../../src/kernel/hal/atmega128rfa1/atmel_hw_specific.o
                0x0000000000004ed4                nrk_start_high_ready_task
 .text          0x0000000000004f2a        0x0 /opt/local/lib/gcc/avr/4.7.2/../../../../avr/lib/avr51/libprintf_min.a(vfprintf_min.o)
 .text          0x0000000000004f2a        0x0 /opt/local/lib/gcc/avr/4.7.2/avr51/libgcc.a(_muluhisi3.o)
 .text          0x0000000000004f2a        0x0 /opt/local/lib/gcc/avr/4.7.2/avr51/libgcc.a(_mulshisi3.o)
 .text          0x0000000000004f2a        0x0 /opt/local/lib/gcc/avr/4.7.2/avr51/libgcc.a(_mulsi3.o)
 .text          0x0000000000004f2a        0x0 /opt/local/lib/gcc/avr/4.7.2/avr51/libgcc.a(_udivmodhi4.o)
 .text          0x0000000000004f2a        0x0 /opt/local/lib/gcc/avr/4.7.2/avr51/libgcc.a(_udivmodsi4.o)
 .text          0x0000000000004f2a        0x0 /opt/local/lib/gcc/avr/4.7.2/avr51/libgcc.a(_divmodsi4.o)
 .text          0x0000000000004f2a        0x0 /opt/local/lib/gcc/avr/4.7.2/avr51/libgcc.a(_udivdi3.o)
 .text          0x0000000000004f2a        0x0 /opt/local/lib/gcc/avr/4.7.2/avr51/libgcc.a(_udivmod64.o)
 .text          0x0000000000004f2a        0x0 /opt/local/lib/gcc/avr/4.7.2/avr51/libgcc.a(_exit.o)
 .text          0x0000000000004f2a        0x0 /opt/local/lib/gcc/avr/4.7.2/avr51/libgcc.a(_tablejump.o)
 .text          0x0000000000004f2a        0x0 /opt/local/lib/gcc/avr/4.7.2/avr51/libgcc.a(_copy_data.o)
 .text          0x0000000000004f2a        0x0 /opt/local/lib/gcc/avr/4.7.2/avr51/libgcc.a(_clear_bss.o)
 .text          0x0000000000004f2a        0x0 /opt/local/lib/gcc/avr/4.7.2/avr51/libgcc.a(_adddi3.o)
 .text          0x0000000000004f2a        0x0 /opt/local/lib/gcc/avr/4.7.2/avr51/libgcc.a(_umulhisi3.o)
 .text          0x0000000000004f2a        0x0 /opt/local/lib/gcc/avr/4.7.2/../../../../avr/lib/avr51/libc.a(strchr_P.o)
 .text          0x0000000000004f2a        0x0 /opt/local/lib/gcc/avr/4.7.2/../../../../avr/lib/avr51/libc.a(memcpy.o)
 .text          0x0000000000004f2a        0x0 /opt/local/lib/gcc/avr/4.7.2/../../../../avr/lib/avr51/libc.a(fdevopen.o)
 .text          0x0000000000004f2a        0x0 /opt/local/lib/gcc/avr/4.7.2/../../../../avr/lib/avr51/libc.a(fputc.o)
 .text          0x0000000000004f2a        0x0 /opt/local/lib/gcc/avr/4.7.2/../../../../avr/lib/avr51/libc.a(iob.o)
 .text          0x0000000000004f2a        0x0 /opt/local/lib/gcc/avr/4.7.2/../../../../avr/lib/avr51/libc.a(printf.o)
 .text          0x0000000000004f2a        0x0 /opt/local/lib/gcc/avr/4.7.2/../../../../avr/lib/avr51/libc.a(putchar.o)
 .text          0x0000000000004f2a        0x0 /opt/local/lib/gcc/avr/4.7.2/../../../../avr/lib/avr51/libc.a(puts.o)
 .text          0x0000000000004f2a        0x0 /opt/local/lib/gcc/avr/4.7.2/../../../../avr/lib/avr51/libc.a(sprintf.o)
 .text          0x0000000000004f2a        0x0 /opt/local/lib/gcc/avr/4.7.2/../../../../avr/lib/avr51/libc.a(ultoa_invert.o)
 .text          0x0000000000004f2a        0x0 /opt/local/lib/gcc/avr/4.7.2/../../../../avr/lib/avr51/libc.a(eerd_byte_atmega128rfa1.o)
 .text          0x0000000000004f2a        0x0 /opt/local/lib/gcc/avr/4.7.2/../../../../avr/lib/avr51/libc.a(eewr_byte_atmega128rfa1.o)
 .text          0x0000000000004f2a        0x0 /opt/local/lib/gcc/avr/4.7.2/../../../../avr/lib/avr51/libc.a(calloc.o)
 .text          0x0000000000004f2a        0x0 /opt/local/lib/gcc/avr/4.7.2/../../../../avr/lib/avr51/libc.a(malloc.o)
 .text          0x0000000000004f2a        0x0 /opt/local/lib/gcc/avr/4.7.2/../../../../avr/lib/avr51/libc.a(memset.o)
                0x0000000000004f2a                . = ALIGN (0x2)
 *(.text.*)
 .text.startup  0x0000000000004f2a       0x3a main.o
                0x0000000000004f2a                main
 .text.avr-libc
                0x0000000000004f64      0x292 /opt/local/lib/gcc/avr/4.7.2/../../../../avr/lib/avr51/libprintf_min.a(vfprintf_min.o)
                0x0000000000004f64                vfprintf
 .text.libgcc.mul
                0x00000000000051f6       0x16 /opt/local/lib/gcc/avr/4.7.2/avr51/libgcc.a(_muluhisi3.o)
                0x00000000000051f6                __muluhisi3
 .text.libgcc.div
                0x000000000000520c        0x0 /opt/local/lib/gcc/avr/4.7.2/avr51/libgcc.a(_muluhisi3.o)
 .text.libgcc   0x000000000000520c        0x0 /opt/local/lib/gcc/avr/4.7.2/avr51/libgcc.a(_muluhisi3.o)
 .text.libgcc.prologue
                0x000000000000520c        0x0 /opt/local/lib/gcc/avr/4.7.2/avr51/libgcc.a(_muluhisi3.o)
 .text.libgcc.builtins
                0x000000000000520c        0x0 /opt/local/lib/gcc/avr/4.7.2/avr51/libgcc.a(_muluhisi3.o)
 .text.libgcc.fmul
                0x000000000000520c        0x0 /opt/local/lib/gcc/avr/4.7.2/avr51/libgcc.a(_muluhisi3.o)
 .text.libgcc.mul
                0x000000000000520c       0x10 /opt/local/lib/gcc/avr/4.7.2/avr51/libgcc.a(_mulshisi3.o)
                0x000000000000520c                __mulshisi3
                0x0000000000005212                __mulohisi3
 .text.libgcc.div
                0x000000000000521c        0x0 /opt/local/lib/gcc/avr/4.7.2/avr51/libgcc.a(_mulshisi3.o)
 .text.libgcc   0x000000000000521c        0x0 /opt/local/lib/gcc/avr/4.7.2/avr51/libgcc.a(_mulshisi3.o)
 .text.libgcc.prologue
                0x000000000000521c        0x0 /opt/local/lib/gcc/avr/4.7.2/avr51/libgcc.a(_mulshisi3.o)
 .text.libgcc.builtins
                0x000000000000521c        0x0 /opt/local/lib/gcc/avr/4.7.2/avr51/libgcc.a(_mulshisi3.o)
 .text.libgcc.fmul
                0x000000000000521c        0x0 /opt/local/lib/gcc/avr/4.7.2/avr51/libgcc.a(_mulshisi3.o)
 .text.libgcc.mul
                0x000000000000521c       0x20 /opt/local/lib/gcc/avr/4.7.2/avr51/libgcc.a(_mulsi3.o)
                0x000000000000521c                __mulsi3
 .text.libgcc.div
                0x000000000000523c        0x0 /opt/local/lib/gcc/avr/4.7.2/avr51/libgcc.a(_mulsi3.o)
 .text.libgcc   0x000000000000523c        0x0 /opt/local/lib/gcc/avr/4.7.2/avr51/libgcc.a(_mulsi3.o)
 .text.libgcc.prologue
                0x000000000000523c        0x0 /opt/local/lib/gcc/avr/4.7.2/avr51/libgcc.a(_mulsi3.o)
 .text.libgcc.builtins
                0x000000000000523c        0x0 /opt/local/lib/gcc/avr/4.7.2/avr51/libgcc.a(_mulsi3.o)
 .text.libgcc.fmul
                0x000000000000523c        0x0 /opt/local/lib/gcc/avr/4.7.2/avr51/libgcc.a(_mulsi3.o)
 .text.libgcc.mul
                0x000000000000523c        0x0 /opt/local/lib/gcc/avr/4.7.2/avr51/libgcc.a(_udivmodhi4.o)
 .text.libgcc.div
                0x000000000000523c       0x28 /opt/local/lib/gcc/avr/4.7.2/avr51/libgcc.a(_udivmodhi4.o)
                0x000000000000523c                __udivmodhi4
 .text.libgcc   0x0000000000005264        0x0 /opt/local/lib/gcc/avr/4.7.2/avr51/libgcc.a(_udivmodhi4.o)
 .text.libgcc.prologue
                0x0000000000005264        0x0 /opt/local/lib/gcc/avr/4.7.2/avr51/libgcc.a(_udivmodhi4.o)
 .text.libgcc.builtins
                0x0000000000005264        0x0 /opt/local/lib/gcc/avr/4.7.2/avr51/libgcc.a(_udivmodhi4.o)
 .text.libgcc.fmul
                0x0000000000005264        0x0 /opt/local/lib/gcc/avr/4.7.2/avr51/libgcc.a(_udivmodhi4.o)
 .text.libgcc.mul
                0x0000000000005264        0x0 /opt/local/lib/gcc/avr/4.7.2/avr51/libgcc.a(_udivmodsi4.o)
 .text.libgcc.div
                0x0000000000005264       0x44 /opt/local/lib/gcc/avr/4.7.2/avr51/libgcc.a(_udivmodsi4.o)
                0x0000000000005264                __udivmodsi4
 .text.libgcc   0x00000000000052a8        0x0 /opt/local/lib/gcc/avr/4.7.2/avr51/libgcc.a(_udivmodsi4.o)
 .text.libgcc.prologue
                0x00000000000052a8        0x0 /opt/local/lib/gcc/avr/4.7.2/avr51/libgcc.a(_udivmodsi4.o)
 .text.libgcc.builtins
                0x00000000000052a8        0x0 /opt/local/lib/gcc/avr/4.7.2/avr51/libgcc.a(_udivmodsi4.o)
 .text.libgcc.fmul
                0x00000000000052a8        0x0 /opt/local/lib/gcc/avr/4.7.2/avr51/libgcc.a(_udivmodsi4.o)
 .text.libgcc.mul
                0x00000000000052a8        0x0 /opt/local/lib/gcc/avr/4.7.2/avr51/libgcc.a(_divmodsi4.o)
 .text.libgcc.div
                0x00000000000052a8       0x38 /opt/local/lib/gcc/avr/4.7.2/avr51/libgcc.a(_divmodsi4.o)
                0x00000000000052a8                __divmodsi4
 .text.libgcc   0x00000000000052e0        0x0 /opt/local/lib/gcc/avr/4.7.2/avr51/libgcc.a(_divmodsi4.o)
 .text.libgcc.prologue
                0x00000000000052e0        0x0 /opt/local/lib/gcc/avr/4.7.2/avr51/libgcc.a(_divmodsi4.o)
 .text.libgcc.builtins
                0x00000000000052e0        0x0 /opt/local/lib/gcc/avr/4.7.2/avr51/libgcc.a(_divmodsi4.o)
 .text.libgcc.fmul
                0x00000000000052e0        0x0 /opt/local/lib/gcc/avr/4.7.2/avr51/libgcc.a(_divmodsi4.o)
 .text.libgcc.mul
                0x00000000000052e0        0x0 /opt/local/lib/gcc/avr/4.7.2/avr51/libgcc.a(_udivdi3.o)
 .text.libgcc.div
                0x00000000000052e0       0x1c /opt/local/lib/gcc/avr/4.7.2/avr51/libgcc.a(_udivdi3.o)
                0x00000000000052e0                __umoddi3
                0x00000000000052e4                __udivdi3
                0x00000000000052e6                __udivdi3_umoddi3
 .text.libgcc   0x00000000000052fc        0x0 /opt/local/lib/gcc/avr/4.7.2/avr51/libgcc.a(_udivdi3.o)
 .text.libgcc.prologue
                0x00000000000052fc        0x0 /opt/local/lib/gcc/avr/4.7.2/avr51/libgcc.a(_udivdi3.o)
 .text.libgcc.builtins
                0x00000000000052fc        0x0 /opt/local/lib/gcc/avr/4.7.2/avr51/libgcc.a(_udivdi3.o)
 .text.libgcc.fmul
                0x00000000000052fc        0x0 /opt/local/lib/gcc/avr/4.7.2/avr51/libgcc.a(_udivdi3.o)
 .text.libgcc.mul
                0x00000000000052fc        0x0 /opt/local/lib/gcc/avr/4.7.2/avr51/libgcc.a(_udivmod64.o)
 .text.libgcc.div
                0x00000000000052fc       0xa2 /opt/local/lib/gcc/avr/4.7.2/avr51/libgcc.a(_udivmod64.o)
                0x00000000000052fc                __udivmod64
 .text.libgcc   0x000000000000539e        0x0 /opt/local/lib/gcc/avr/4.7.2/avr51/libgcc.a(_udivmod64.o)
 .text.libgcc.prologue
                0x000000000000539e        0x0 /opt/local/lib/gcc/avr/4.7.2/avr51/libgcc.a(_udivmod64.o)
 .text.libgcc.builtins
                0x000000000000539e        0x0 /opt/local/lib/gcc/avr/4.7.2/avr51/libgcc.a(_udivmod64.o)
 .text.libgcc.fmul
                0x000000000000539e        0x0 /opt/local/lib/gcc/avr/4.7.2/avr51/libgcc.a(_udivmod64.o)
 .text.libgcc.mul
                0x000000000000539e        0x0 /opt/local/lib/gcc/avr/4.7.2/avr51/libgcc.a(_exit.o)
 .text.libgcc.div
                0x000000000000539e        0x0 /opt/local/lib/gcc/avr/4.7.2/avr51/libgcc.a(_exit.o)
 .text.libgcc   0x000000000000539e        0x0 /opt/local/lib/gcc/avr/4.7.2/avr51/libgcc.a(_exit.o)
 .text.libgcc.prologue
                0x000000000000539e        0x0 /opt/local/lib/gcc/avr/4.7.2/avr51/libgcc.a(_exit.o)
 .text.libgcc.builtins
                0x000000000000539e        0x0 /opt/local/lib/gcc/avr/4.7.2/avr51/libgcc.a(_exit.o)
 .text.libgcc.fmul
                0x000000000000539e        0x0 /opt/local/lib/gcc/avr/4.7.2/avr51/libgcc.a(_exit.o)
 .text.libgcc.mul
                0x000000000000539e        0x0 /opt/local/lib/gcc/avr/4.7.2/avr51/libgcc.a(_tablejump.o)
 .text.libgcc.div
                0x000000000000539e        0x0 /opt/local/lib/gcc/avr/4.7.2/avr51/libgcc.a(_tablejump.o)
 .text.libgcc   0x000000000000539e        0xc /opt/local/lib/gcc/avr/4.7.2/avr51/libgcc.a(_tablejump.o)
                0x000000000000539e                __tablejump2__
                0x00000000000053a2                __tablejump__
 .text.libgcc.prologue
                0x00000000000053aa        0x0 /opt/local/lib/gcc/avr/4.7.2/avr51/libgcc.a(_tablejump.o)
 .text.libgcc.builtins
                0x00000000000053aa        0x0 /opt/local/lib/gcc/avr/4.7.2/avr51/libgcc.a(_tablejump.o)
 .text.libgcc.fmul
                0x00000000000053aa        0x0 /opt/local/lib/gcc/avr/4.7.2/avr51/libgcc.a(_tablejump.o)
 .text.libgcc.mul
                0x00000000000053aa        0x0 /opt/local/lib/gcc/avr/4.7.2/avr51/libgcc.a(_copy_data.o)
 .text.libgcc.div
                0x00000000000053aa        0x0 /opt/local/lib/gcc/avr/4.7.2/avr51/libgcc.a(_copy_data.o)
 .text.libgcc   0x00000000000053aa        0x0 /opt/local/lib/gcc/avr/4.7.2/avr51/libgcc.a(_copy_data.o)
 .text.libgcc.prologue
                0x00000000000053aa        0x0 /opt/local/lib/gcc/avr/4.7.2/avr51/libgcc.a(_copy_data.o)
 .text.libgcc.builtins
                0x00000000000053aa        0x0 /opt/local/lib/gcc/avr/4.7.2/avr51/libgcc.a(_copy_data.o)
 .text.libgcc.fmul
                0x00000000000053aa        0x0 /opt/local/lib/gcc/avr/4.7.2/avr51/libgcc.a(_copy_data.o)
 .text.libgcc.mul
                0x00000000000053aa        0x0 /opt/local/lib/gcc/avr/4.7.2/avr51/libgcc.a(_clear_bss.o)
 .text.libgcc.div
                0x00000000000053aa        0x0 /opt/local/lib/gcc/avr/4.7.2/avr51/libgcc.a(_clear_bss.o)
 .text.libgcc   0x00000000000053aa        0x0 /opt/local/lib/gcc/avr/4.7.2/avr51/libgcc.a(_clear_bss.o)
 .text.libgcc.prologue
                0x00000000000053aa        0x0 /opt/local/lib/gcc/avr/4.7.2/avr51/libgcc.a(_clear_bss.o)
 .text.libgcc.builtins
                0x00000000000053aa        0x0 /opt/local/lib/gcc/avr/4.7.2/avr51/libgcc.a(_clear_bss.o)
 .text.libgcc.fmul
                0x00000000000053aa        0x0 /opt/local/lib/gcc/avr/4.7.2/avr51/libgcc.a(_clear_bss.o)
 .text.libgcc.mul
                0x00000000000053aa        0x0 /opt/local/lib/gcc/avr/4.7.2/avr51/libgcc.a(_adddi3.o)
 .text.libgcc.div
                0x00000000000053aa        0x0 /opt/local/lib/gcc/avr/4.7.2/avr51/libgcc.a(_adddi3.o)
 .text.libgcc   0x00000000000053aa       0x12 /opt/local/lib/gcc/avr/4.7.2/avr51/libgcc.a(_adddi3.o)
                0x00000000000053aa                __adddi3
 .text.libgcc.prologue
                0x00000000000053bc        0x0 /opt/local/lib/gcc/avr/4.7.2/avr51/libgcc.a(_adddi3.o)
 .text.libgcc.builtins
                0x00000000000053bc        0x0 /opt/local/lib/gcc/avr/4.7.2/avr51/libgcc.a(_adddi3.o)
 .text.libgcc.fmul
                0x00000000000053bc        0x0 /opt/local/lib/gcc/avr/4.7.2/avr51/libgcc.a(_adddi3.o)
 .text.libgcc.mul
                0x00000000000053bc       0x18 /opt/local/lib/gcc/avr/4.7.2/avr51/libgcc.a(_umulhisi3.o)
                0x00000000000053bc                __umulhisi3
 .text.libgcc.div
                0x00000000000053d4        0x0 /opt/local/lib/gcc/avr/4.7.2/avr51/libgcc.a(_umulhisi3.o)
 .text.libgcc   0x00000000000053d4        0x0 /opt/local/lib/gcc/avr/4.7.2/avr51/libgcc.a(_umulhisi3.o)
 .text.libgcc.prologue
                0x00000000000053d4        0x0 /opt/local/lib/gcc/avr/4.7.2/avr51/libgcc.a(_umulhisi3.o)
 .text.libgcc.builtins
                0x00000000000053d4        0x0 /opt/local/lib/gcc/avr/4.7.2/avr51/libgcc.a(_umulhisi3.o)
 .text.libgcc.fmul
                0x00000000000053d4        0x0 /opt/local/lib/gcc/avr/4.7.2/avr51/libgcc.a(_umulhisi3.o)
 .text.avr-libc
                0x00000000000053d4       0x16 /opt/local/lib/gcc/avr/4.7.2/../../../../avr/lib/avr51/libc.a(strchr_P.o)
                0x00000000000053d4                strchr_P
 .text.avr-libc
                0x00000000000053ea       0x12 /opt/local/lib/gcc/avr/4.7.2/../../../../avr/lib/avr51/libc.a(memcpy.o)
                0x00000000000053ea                memcpy
 .text.avr-libc
                0x00000000000053fc       0x96 /opt/local/lib/gcc/avr/4.7.2/../../../../avr/lib/avr51/libc.a(fdevopen.o)
                0x00000000000053fc                fdevopen
 .text.avr-libc
                0x0000000000005492       0x58 /opt/local/lib/gcc/avr/4.7.2/../../../../avr/lib/avr51/libc.a(fputc.o)
                0x0000000000005492                fputc
 .text.avr-libc
                0x00000000000054ea       0x2e /opt/local/lib/gcc/avr/4.7.2/../../../../avr/lib/avr51/libc.a(printf.o)
                0x00000000000054ea                printf
 .text.avr-libc
                0x0000000000005518        0xc /opt/local/lib/gcc/avr/4.7.2/../../../../avr/lib/avr51/libc.a(putchar.o)
                0x0000000000005518                putchar
 .text.avr-libc
                0x0000000000005524       0x5e /opt/local/lib/gcc/avr/4.7.2/../../../../avr/lib/avr51/libc.a(puts.o)
                0x0000000000005524                puts
 .text.avr-libc
                0x0000000000005582       0x62 /opt/local/lib/gcc/avr/4.7.2/../../../../avr/lib/avr51/libc.a(sprintf.o)
                0x0000000000005582                sprintf
 .text.avr-libc
                0x00000000000055e4       0xbc /opt/local/lib/gcc/avr/4.7.2/../../../../avr/lib/avr51/libc.a(ultoa_invert.o)
                0x00000000000055e4                __ultoa_invert
 .text.avr-libc
                0x00000000000056a0       0x10 /opt/local/lib/gcc/avr/4.7.2/../../../../avr/lib/avr51/libc.a(eerd_byte_atmega128rfa1.o)
                0x00000000000056a0                __eerd_byte_m128rfa1
 .text.avr-libc
                0x00000000000056b0       0x1c /opt/local/lib/gcc/avr/4.7.2/../../../../avr/lib/avr51/libc.a(eewr_byte_atmega128rfa1.o)
                0x00000000000056b0                __eewr_byte_m128rfa1
                0x00000000000056b2                __eewr_r18_m128rfa1
 .text.avr-libc
                0x00000000000056cc       0x3c /opt/local/lib/gcc/avr/4.7.2/../../../../avr/lib/avr51/libc.a(calloc.o)
                0x00000000000056cc                calloc
 .text.avr-libc
                0x0000000000005708      0x272 /opt/local/lib/gcc/avr/4.7.2/../../../../avr/lib/avr51/libc.a(malloc.o)
                0x0000000000005708                malloc
                0x000000000000583e                free
 .text.avr-libc
                0x000000000000597a        0xe /opt/local/lib/gcc/avr/4.7.2/../../../../avr/lib/avr51/libc.a(memset.o)
                0x000000000000597a                memset
                0x0000000000005988                . = ALIGN (0x2)
 *(.fini9)
 .fini9         0x0000000000005988        0x0 /opt/local/lib/gcc/avr/4.7.2/avr51/libgcc.a(_exit.o)
                0x0000000000005988                exit
                0x0000000000005988                _exit
 *(.fini9)
 *(.fini8)
 *(.fini8)
 *(.fini7)
 *(.fini7)
 *(.fini6)
 *(.fini6)
 *(.fini5)
 *(.fini5)
 *(.fini4)
 *(.fini4)
 *(.fini3)
 *(.fini3)
 *(.fini2)
 *(.fini2)
 *(.fini1)
 *(.fini1)
 *(.fini0)
 .fini0         0x0000000000005988        0x4 /opt/local/lib/gcc/avr/4.7.2/avr51/libgcc.a(_exit.o)
 *(.fini0)
                0x000000000000598c                _etext = .

.data           0x0000000000800200      0x198 load address 0x000000000000598c
                0x0000000000800200                PROVIDE (__data_start, .)
 *(.data)
 .data          0x0000000000800200        0x0 /opt/local/lib/gcc/avr/4.7.2/../../../../avr/lib/avr51/crtm128rfa1.o
 .data          0x0000000000800200        0x0 main.o
 .data          0x0000000000800200        0x0 ../../../src/drivers/platform/firefly3/source/ff_basic_sensor.o
 .data          0x0000000000800200        0x0 ../../../src/drivers/platform/firefly3/source/twi_base_calls.o
 .data          0x0000000000800200        0x0 ../../../src/radio/rf231_soc/source/basic_rf.o
 .data          0x0000000000800200        0x0 ../../../src/platform/firefly3/source/ulib.o
 .data          0x0000000000800200        0x0 ../../../src/platform/firefly3/source/hal_wait.o
 .data          0x0000000000800200        0x0 ../../../src/platform/firefly3/source/nrk_eeprom.o
 .data          0x0000000000800200        0x0 ../../../src/kernel/source/nrk.o
 .data          0x0000000000800200        0x0 ../../../src/kernel/source/nrk_stats.o
 .data          0x0000000000800200        0x0 ../../../src/kernel/source/nrk_error.o
 .data          0x0000000000800200        0x0 ../../../src/kernel/source/nrk_stack_check.o
 .data          0x0000000000800200        0x0 ../../../src/kernel/source/nrk_events.o
 .data          0x0000000000800200        0x0 ../../../src/kernel/source/nrk_task.o
 .data          0x0000000000800200        0x0 ../../../src/kernel/source/nrk_time.o
 .data          0x0000000000800200        0x0 ../../../src/kernel/source/nrk_idle_task.o
 .data          0x0000000000800200        0x0 ../../../src/kernel/source/nrk_scheduler.o
 .data          0x0000000000800200        0x0 ../../../src/kernel/source/nrk_driver.o
 .data          0x0000000000800200        0x0 ../../../src/kernel/source/nrk_reserve.o
 .data          0x0000000000800200        0x0 ../../../src/kernel/source/nrk_sw_wdt.o
 .data          0x0000000000800200        0x0 ../../../src/kernel/hal/atmega128rfa1/nrk_timer.o
 .data          0x0000000000800200        0x0 ../../../src/kernel/hal/atmega128rfa1/nrk_status.o
 .data          0x0000000000800200        0x0 ../../../src/kernel/hal/atmega128rfa1/nrk_ext_int.o
 .data          0x0000000000800200        0x0 ../../../src/kernel/hal/atmega128rfa1/nrk_watchdog.o
 .data          0x0000000000800200        0x0 ../../../src/kernel/hal/atmega128rfa1/nrk_cpu.o
 .data          0x0000000000800200        0x0 ../../../src/kernel/hal/atmega128rfa1/atmel_hw_specific.o
 .data          0x0000000000800200        0x0 /opt/local/lib/gcc/avr/4.7.2/../../../../avr/lib/avr51/libprintf_min.a(vfprintf_min.o)
 .data          0x0000000000800200        0x0 /opt/local/lib/gcc/avr/4.7.2/avr51/libgcc.a(_muluhisi3.o)
 .data          0x0000000000800200        0x0 /opt/local/lib/gcc/avr/4.7.2/avr51/libgcc.a(_mulshisi3.o)
 .data          0x0000000000800200        0x0 /opt/local/lib/gcc/avr/4.7.2/avr51/libgcc.a(_mulsi3.o)
 .data          0x0000000000800200        0x0 /opt/local/lib/gcc/avr/4.7.2/avr51/libgcc.a(_udivmodhi4.o)
 .data          0x0000000000800200        0x0 /opt/local/lib/gcc/avr/4.7.2/avr51/libgcc.a(_udivmodsi4.o)
 .data          0x0000000000800200        0x0 /opt/local/lib/gcc/avr/4.7.2/avr51/libgcc.a(_divmodsi4.o)
 .data          0x0000000000800200        0x0 /opt/local/lib/gcc/avr/4.7.2/avr51/libgcc.a(_udivdi3.o)
 .data          0x0000000000800200        0x0 /opt/local/lib/gcc/avr/4.7.2/avr51/libgcc.a(_udivmod64.o)
 .data          0x0000000000800200        0x0 /opt/local/lib/gcc/avr/4.7.2/avr51/libgcc.a(_exit.o)
 .data          0x0000000000800200        0x0 /opt/local/lib/gcc/avr/4.7.2/avr51/libgcc.a(_tablejump.o)
 .data          0x0000000000800200        0x0 /opt/local/lib/gcc/avr/4.7.2/avr51/libgcc.a(_copy_data.o)
 .data          0x0000000000800200        0x0 /opt/local/lib/gcc/avr/4.7.2/avr51/libgcc.a(_clear_bss.o)
 .data          0x0000000000800200        0x0 /opt/local/lib/gcc/avr/4.7.2/avr51/libgcc.a(_adddi3.o)
 .data          0x0000000000800200        0x0 /opt/local/lib/gcc/avr/4.7.2/avr51/libgcc.a(_umulhisi3.o)
 .data          0x0000000000800200        0x0 /opt/local/lib/gcc/avr/4.7.2/../../../../avr/lib/avr51/libc.a(strchr_P.o)
 .data          0x0000000000800200        0x0 /opt/local/lib/gcc/avr/4.7.2/../../../../avr/lib/avr51/libc.a(memcpy.o)
 .data          0x0000000000800200        0x0 /opt/local/lib/gcc/avr/4.7.2/../../../../avr/lib/avr51/libc.a(fdevopen.o)
 .data          0x0000000000800200        0x0 /opt/local/lib/gcc/avr/4.7.2/../../../../avr/lib/avr51/libc.a(fputc.o)
 .data          0x0000000000800200        0x0 /opt/local/lib/gcc/avr/4.7.2/../../../../avr/lib/avr51/libc.a(iob.o)
 .data          0x0000000000800200        0x0 /opt/local/lib/gcc/avr/4.7.2/../../../../avr/lib/avr51/libc.a(printf.o)
 .data          0x0000000000800200        0x0 /opt/local/lib/gcc/avr/4.7.2/../../../../avr/lib/avr51/libc.a(putchar.o)
 .data          0x0000000000800200        0x0 /opt/local/lib/gcc/avr/4.7.2/../../../../avr/lib/avr51/libc.a(puts.o)
 .data          0x0000000000800200        0x0 /opt/local/lib/gcc/avr/4.7.2/../../../../avr/lib/avr51/libc.a(sprintf.o)
 .data          0x0000000000800200        0x0 /opt/local/lib/gcc/avr/4.7.2/../../../../avr/lib/avr51/libc.a(ultoa_invert.o)
 .data          0x0000000000800200        0x0 /opt/local/lib/gcc/avr/4.7.2/../../../../avr/lib/avr51/libc.a(eerd_byte_atmega128rfa1.o)
 .data          0x0000000000800200        0x0 /opt/local/lib/gcc/avr/4.7.2/../../../../avr/lib/avr51/libc.a(eewr_byte_atmega128rfa1.o)
 .data          0x0000000000800200        0x0 /opt/local/lib/gcc/avr/4.7.2/../../../../avr/lib/avr51/libc.a(calloc.o)
 .data          0x0000000000800200        0x6 /opt/local/lib/gcc/avr/4.7.2/../../../../avr/lib/avr51/libc.a(malloc.o)
                0x0000000000800200                __malloc_heap_end
                0x0000000000800202                __malloc_heap_start
                0x0000000000800204                __malloc_margin
 .data          0x0000000000800206        0x0 /opt/local/lib/gcc/avr/4.7.2/../../../../avr/lib/avr51/libc.a(memset.o)
 *(.data*)
 *(.rodata)
 .rodata        0x0000000000800206       0x1a ../../../src/platform/firefly3/source/ulib.o
                0x0000000000800206                NRK_ADC_INPUT_7
                0x0000000000800207                NRK_ADC_INPUT_6
                0x0000000000800208                NRK_ADC_INPUT_5
                0x0000000000800209                NRK_ADC_INPUT_4
                0x000000000080020a                NRK_ADC_INPUT_3
                0x000000000080020b                NRK_ADC_INPUT_2
                0x000000000080020c                NRK_ADC_INPUT_1
                0x000000000080020d                NRK_ADC_INPUT_0
                0x000000000080020e                NRK_GPIO34
                0x000000000080020f                NRK_UART0_TXD
                0x0000000000800210                NRK_UART0_RXD
                0x0000000000800211                NRK_LED_3
                0x0000000000800212                NRK_LED_2
                0x0000000000800213                NRK_LED_1
                0x0000000000800214                NRK_LED_0
                0x0000000000800215                NRK_UART1_TXD
                0x0000000000800216                NRK_UART1_RXD
                0x0000000000800217                NRK_BUTTON
                0x0000000000800218                NRK_MMC_9
                0x0000000000800219                NRK_MMC_10
                0x000000000080021a                NRK_MMC_11
                0x000000000080021b                NRK_GPIO26
                0x000000000080021c                NRK_MISO
                0x000000000080021d                NRK_MOSI
                0x000000000080021e                NRK_SCK
                0x000000000080021f                NRK_SPI_SS
 *(.rodata*)
 .rodata.str1.1
                0x0000000000800220       0x99 main.o
 .rodata.str1.1
                0x00000000008002b9       0x17 ../../../src/drivers/platform/firefly3/source/twi_base_calls.o
 .rodata.str1.1
                0x00000000008002d0       0x83 ../../../src/radio/rf231_soc/source/basic_rf.o
 .rodata.str1.1
                0x0000000000800353        0x3 ../../../src/kernel/source/nrk_error.o
 .rodata.str1.1
                0x0000000000800356       0x41 ../../../src/kernel/source/nrk_stack_check.o
                                         0x4e (size before relaxing)
 *(.gnu.linkonce.d*)
                0x0000000000800398                . = ALIGN (0x2)
 *fill*         0x0000000000800397        0x1 
                0x0000000000800398                _edata = .
                0x0000000000800398                PROVIDE (__data_end, .)

.bss            0x0000000000800398      0x23d
                0x0000000000800398                PROVIDE (__bss_start, .)
 *(.bss)
 .bss           0x0000000000800398        0x0 /opt/local/lib/gcc/avr/4.7.2/../../../../avr/lib/avr51/crtm128rfa1.o
 .bss           0x0000000000800398        0x0 main.o
 .bss           0x0000000000800398        0x0 ../../../src/drivers/platform/firefly3/source/ff_basic_sensor.o
 .bss           0x0000000000800398        0x0 ../../../src/drivers/platform/firefly3/source/twi_base_calls.o
 .bss           0x0000000000800398        0x4 ../../../src/radio/rf231_soc/source/basic_rf.o
                0x0000000000800398                rx_end_func
                0x000000000080039a                rx_start_func
 .bss           0x000000000080039c        0x0 ../../../src/platform/firefly3/source/ulib.o
 .bss           0x000000000080039c        0x0 ../../../src/platform/firefly3/source/hal_wait.o
 .bss           0x000000000080039c        0x0 ../../../src/platform/firefly3/source/nrk_eeprom.o
 .bss           0x000000000080039c        0x0 ../../../src/kernel/source/nrk.o
 .bss           0x000000000080039c        0x0 ../../../src/kernel/source/nrk_stats.o
 .bss           0x000000000080039c        0x0 ../../../src/kernel/source/nrk_error.o
 .bss           0x000000000080039c        0x0 ../../../src/kernel/source/nrk_stack_check.o
 .bss           0x000000000080039c        0x0 ../../../src/kernel/source/nrk_events.o
 .bss           0x000000000080039c        0x0 ../../../src/kernel/source/nrk_task.o
 .bss           0x000000000080039c        0x0 ../../../src/kernel/source/nrk_time.o
 .bss           0x000000000080039c        0x0 ../../../src/kernel/source/nrk_idle_task.o
 .bss           0x000000000080039c        0x0 ../../../src/kernel/source/nrk_scheduler.o
 .bss           0x000000000080039c        0x0 ../../../src/kernel/source/nrk_driver.o
 .bss           0x000000000080039c        0x0 ../../../src/kernel/source/nrk_reserve.o
 .bss           0x000000000080039c        0x0 ../../../src/kernel/source/nrk_sw_wdt.o
 .bss           0x000000000080039c        0x0 ../../../src/kernel/hal/atmega128rfa1/nrk_timer.o
 .bss           0x000000000080039c        0x0 ../../../src/kernel/hal/atmega128rfa1/nrk_status.o
 .bss           0x000000000080039c        0x0 ../../../src/kernel/hal/atmega128rfa1/nrk_ext_int.o
 .bss           0x000000000080039c        0x0 ../../../src/kernel/hal/atmega128rfa1/nrk_watchdog.o
 .bss           0x000000000080039c        0x0 ../../../src/kernel/hal/atmega128rfa1/nrk_cpu.o
 .bss           0x000000000080039c        0x0 ../../../src/kernel/hal/atmega128rfa1/atmel_hw_specific.o
 .bss           0x000000000080039c        0x0 /opt/local/lib/gcc/avr/4.7.2/../../../../avr/lib/avr51/libprintf_min.a(vfprintf_min.o)
 .bss           0x000000000080039c        0x0 /opt/local/lib/gcc/avr/4.7.2/avr51/libgcc.a(_muluhisi3.o)
 .bss           0x000000000080039c        0x0 /opt/local/lib/gcc/avr/4.7.2/avr51/libgcc.a(_mulshisi3.o)
 .bss           0x000000000080039c        0x0 /opt/local/lib/gcc/avr/4.7.2/avr51/libgcc.a(_mulsi3.o)
 .bss           0x000000000080039c        0x0 /opt/local/lib/gcc/avr/4.7.2/avr51/libgcc.a(_udivmodhi4.o)
 .bss           0x000000000080039c        0x0 /opt/local/lib/gcc/avr/4.7.2/avr51/libgcc.a(_udivmodsi4.o)
 .bss           0x000000000080039c        0x0 /opt/local/lib/gcc/avr/4.7.2/avr51/libgcc.a(_divmodsi4.o)
 .bss           0x000000000080039c        0x0 /opt/local/lib/gcc/avr/4.7.2/avr51/libgcc.a(_udivdi3.o)
 .bss           0x000000000080039c        0x0 /opt/local/lib/gcc/avr/4.7.2/avr51/libgcc.a(_udivmod64.o)
 .bss           0x000000000080039c        0x0 /opt/local/lib/gcc/avr/4.7.2/avr51/libgcc.a(_exit.o)
 .bss           0x000000000080039c        0x0 /opt/local/lib/gcc/avr/4.7.2/avr51/libgcc.a(_tablejump.o)
 .bss           0x000000000080039c        0x0 /opt/local/lib/gcc/avr/4.7.2/avr51/libgcc.a(_copy_data.o)
 .bss           0x000000000080039c        0x0 /opt/local/lib/gcc/avr/4.7.2/avr51/libgcc.a(_clear_bss.o)
 .bss           0x000000000080039c        0x0 /opt/local/lib/gcc/avr/4.7.2/avr51/libgcc.a(_adddi3.o)
 .bss           0x000000000080039c        0x0 /opt/local/lib/gcc/avr/4.7.2/avr51/libgcc.a(_umulhisi3.o)
 .bss           0x000000000080039c        0x0 /opt/local/lib/gcc/avr/4.7.2/../../../../avr/lib/avr51/libc.a(strchr_P.o)
 .bss           0x000000000080039c        0x0 /opt/local/lib/gcc/avr/4.7.2/../../../../avr/lib/avr51/libc.a(memcpy.o)
 .bss           0x000000000080039c        0x0 /opt/local/lib/gcc/avr/4.7.2/../../../../avr/lib/avr51/libc.a(fdevopen.o)
 .bss           0x000000000080039c        0x0 /opt/local/lib/gcc/avr/4.7.2/../../../../avr/lib/avr51/libc.a(fputc.o)
 .bss           0x000000000080039c        0x0 /opt/local/lib/gcc/avr/4.7.2/../../../../avr/lib/avr51/libc.a(iob.o)
 .bss           0x000000000080039c        0x0 /opt/local/lib/gcc/avr/4.7.2/../../../../avr/lib/avr51/libc.a(printf.o)
 .bss           0x000000000080039c        0x0 /opt/local/lib/gcc/avr/4.7.2/../../../../avr/lib/avr51/libc.a(putchar.o)
 .bss           0x000000000080039c        0x0 /opt/local/lib/gcc/avr/4.7.2/../../../../avr/lib/avr51/libc.a(puts.o)
 .bss           0x000000000080039c        0x0 /opt/local/lib/gcc/avr/4.7.2/../../../../avr/lib/avr51/libc.a(sprintf.o)
 .bss           0x000000000080039c        0x0 /opt/local/lib/gcc/avr/4.7.2/../../../../avr/lib/avr51/libc.a(ultoa_invert.o)
 .bss           0x000000000080039c        0x0 /opt/local/lib/gcc/avr/4.7.2/../../../../avr/lib/avr51/libc.a(eerd_byte_atmega128rfa1.o)
 .bss           0x000000000080039c        0x0 /opt/local/lib/gcc/avr/4.7.2/../../../../avr/lib/avr51/libc.a(eewr_byte_atmega128rfa1.o)
 .bss           0x000000000080039c        0x0 /opt/local/lib/gcc/avr/4.7.2/../../../../avr/lib/avr51/libc.a(calloc.o)
 .bss           0x000000000080039c        0x0 /opt/local/lib/gcc/avr/4.7.2/../../../../avr/lib/avr51/libc.a(malloc.o)
 .bss           0x000000000080039c        0x0 /opt/local/lib/gcc/avr/4.7.2/../../../../avr/lib/avr51/libc.a(memset.o)
 *(.bss*)
 *(COMMON)
 COMMON         0x000000000080039c      0x130 main.o
                0x000000000080039c                app_timer0_callback
                0x000000000080039e                error_task
                0x000000000080039f                _nrk_time_trigger
                0x00000000008003a0                TaskOne
                0x00000000008003c3                _nrk_signal_list
                0x00000000008003c7                Stack1
                0x0000000000800447                nrk_kernel_stk_ptr
                0x0000000000800449                app_timer0_prescale
                0x000000000080044a                _nrk_prev_timer_val
                0x000000000080044b                error_num
                0x000000000080044c                nrk_idle_task_stk
 COMMON         0x00000000008004cc       0x4c ../../../src/drivers/platform/firefly3/source/ff_basic_sensor.o
                0x00000000008004cc                eeprom_values
                0x00000000008004e2                B6
                0x00000000008004e6                UT
                0x00000000008004ea                X2
                0x00000000008004ee                T
                0x00000000008004f2                B5
                0x00000000008004f6                is_open
                0x00000000008004f7                X1
                0x00000000008004fb                channel
                0x00000000008004fc                X3
                0x0000000000800500                B4
                0x0000000000800504                h_cnt
                0x0000000000800508                B7
                0x000000000080050c                UP
                0x0000000000800510                P
                0x0000000000800514                B3
 COMMON         0x0000000000800518        0x2 ../../../src/drivers/platform/firefly3/source/twi_base_calls.o
                0x0000000000800518                twst
                0x0000000000800519                i2c_address
 COMMON         0x000000000080051a       0x33 ../../../src/radio/rf231_soc/source/basic_rf.o
                0x000000000080051a                rx_ctr
                0x000000000080051e                radio_sem
                0x0000000000800520                use_glossy
                0x0000000000800521                mdmctrl0
                0x0000000000800523                rfSettings
                0x000000000080052c                curr_t
                0x0000000000800534                tx_done
                0x0000000000800535                rf_ready
                0x0000000000800536                target_t
                0x000000000080053e                tx_ctr
                0x0000000000800544                rx_ready
                0x0000000000800545                dummy_t
 COMMON         0x000000000080054d       0x6f ../../../src/kernel/source/nrk.o
                0x000000000080054d                _free_node
                0x000000000080054f                nrk_task_TCB
                0x0000000000800591                next_next_wakeup
                0x0000000000800593                nrk_sem_list
                0x0000000000800599                nrk_task_init_cnt
                0x000000000080059a                nrk_wakeup_signal
                0x000000000080059b                nrk_high_ready_TCB
                0x000000000080059d                nrk_cur_task_prio
                0x000000000080059e                _nrk_cpu_state
                0x000000000080059f                _head_node
                0x00000000008005a1                nrk_system_time
                0x00000000008005a9                _nrk_resource_cnt
                0x00000000008005aa                nrk_cur_task_TCB
                0x00000000008005ac                nrk_high_ready_prio
                0x00000000008005ad                _nrk_readyQ
 COMMON         0x00000000008005bc        0x1 ../../../src/kernel/source/nrk_scheduler.o
                0x00000000008005bc                t
 COMMON         0x00000000008005bd        0x6 ../../../src/kernel/source/nrk_driver.o
                0x00000000008005bd                _nrk_driver_count
                0x00000000008005be                nrk_drivers
                0x00000000008005c2                nrk_driver_init
 COMMON         0x00000000008005c3        0x8 ../../../src/kernel/hal/atmega128rfa1/nrk_ext_int.o
                0x00000000008005c3                ext_int1_callback
                0x00000000008005c5                ext_int0_callback
                0x00000000008005c7                ext_int2_callback
                0x00000000008005c9                pc_int0_callback
 COMMON         0x00000000008005cb        0x6 /opt/local/lib/gcc/avr/4.7.2/../../../../avr/lib/avr51/libc.a(iob.o)
                0x00000000008005cb                __iob
 COMMON         0x00000000008005d1        0x4 /opt/local/lib/gcc/avr/4.7.2/../../../../avr/lib/avr51/libc.a(malloc.o)
                0x00000000008005d1                __brkval
                0x00000000008005d3                __flp
                0x00000000008005d5                PROVIDE (__bss_end, .)
                0x000000000000598c                __data_load_start = LOADADDR (.data)
                0x0000000000005b24                __data_load_end = (__data_load_start + SIZEOF (.data))

.noinit         0x00000000008005d5        0x0
                0x00000000008005d5                PROVIDE (__noinit_start, .)
 *(.noinit*)
                0x00000000008005d5                PROVIDE (__noinit_end, .)
                0x00000000008005d5                _end = .
                0x00000000008005d5                PROVIDE (__heap_start, .)

.eeprom         0x0000000000810000        0x0
 *(.eeprom*)
                0x0000000000810000                __eeprom_end = .

.fuse
 *(.fuse)
 *(.lfuse)
 *(.hfuse)
 *(.efuse)

.lock
 *(.lock*)

.signature
 *(.signature*)

.stab           0x0000000000000000    0x11a54
 *(.stab)
 .stab          0x0000000000000000      0x6cc /opt/local/lib/gcc/avr/4.7.2/../../../../avr/lib/avr51/crtm128rfa1.o
 .stab          0x00000000000006cc     0x1104 main.o
                                       0x1110 (size before relaxing)
 .stab          0x00000000000017d0     0x114c ../../../src/drivers/platform/firefly3/source/ff_basic_sensor.o
                                       0x1c80 (size before relaxing)
 .stab          0x000000000000291c      0x9b4 ../../../src/drivers/platform/firefly3/source/twi_base_calls.o
                                       0x14e8 (size before relaxing)
 .stab          0x00000000000032d0     0x1cbc ../../../src/radio/rf231_soc/source/basic_rf.o
                                       0x2754 (size before relaxing)
 .stab          0x0000000000004f8c     0x1158 ../../../src/platform/firefly3/source/ulib.o
                                       0x1be4 (size before relaxing)
 .stab          0x00000000000060e4      0x1f8 ../../../src/platform/firefly3/source/hal_wait.o
                                        0xbd0 (size before relaxing)
 .stab          0x00000000000062dc      0x66c ../../../src/platform/firefly3/source/nrk_eeprom.o
                                       0x10d4 (size before relaxing)
 .stab          0x0000000000006948      0x930 ../../../src/kernel/source/nrk.o
                                       0x1428 (size before relaxing)
 .stab          0x0000000000007278      0x2a0 ../../../src/kernel/source/nrk_stats.o
                                        0xdbc (size before relaxing)
 .stab          0x0000000000007518      0xa2c ../../../src/kernel/source/nrk_error.o
                                       0x1554 (size before relaxing)
 .stab          0x0000000000007f44      0x4a4 ../../../src/kernel/source/nrk_stack_check.o
                                        0xfc0 (size before relaxing)
 .stab          0x00000000000083e8      0xf18 ../../../src/kernel/source/nrk_events.o
                                       0x1a4c (size before relaxing)
 .stab          0x0000000000009300      0xf60 ../../../src/kernel/source/nrk_task.o
                                       0x1a94 (size before relaxing)
 .stab          0x000000000000a260      0x7d4 ../../../src/kernel/source/nrk_time.o
                                       0x1308 (size before relaxing)
 .stab          0x000000000000aa34      0x33c ../../../src/kernel/source/nrk_idle_task.o
                                        0xe70 (size before relaxing)
 .stab          0x000000000000ad70      0x7ec ../../../src/kernel/source/nrk_scheduler.o
                                       0x1320 (size before relaxing)
 .stab          0x000000000000b55c      0x6fc ../../../src/kernel/source/nrk_driver.o
                                       0x1254 (size before relaxing)
 .stab          0x000000000000bc58       0xe4 ../../../src/kernel/source/nrk_reserve.o
                                         0xf0 (size before relaxing)
 .stab          0x000000000000bd3c      0x210 ../../../src/kernel/source/nrk_sw_wdt.o
                                        0xd2c (size before relaxing)
 .stab          0x000000000000bf4c      0xf90 ../../../src/kernel/hal/atmega128rfa1/nrk_timer.o
                                       0x1ab8 (size before relaxing)
 .stab          0x000000000000cedc      0x2f4 ../../../src/kernel/hal/atmega128rfa1/nrk_status.o
                                        0xd80 (size before relaxing)
 .stab          0x000000000000d1d0      0x894 ../../../src/kernel/hal/atmega128rfa1/nrk_ext_int.o
                                       0x1320 (size before relaxing)
 .stab          0x000000000000da64      0x3b4 ../../../src/kernel/hal/atmega128rfa1/nrk_watchdog.o
                                        0xec4 (size before relaxing)
 .stab          0x000000000000de18      0x714 ../../../src/kernel/hal/atmega128rfa1/nrk_cpu.o
                                       0x123c (size before relaxing)
 .stab          0x000000000000e52c      0x204 ../../../src/kernel/hal/atmega128rfa1/atmel_hw_specific.o
                                        0x210 (size before relaxing)
 .stab          0x000000000000e730      0x7f8 /opt/local/lib/gcc/avr/4.7.2/../../../../avr/lib/avr51/libprintf_min.a(vfprintf_min.o)
                                        0x804 (size before relaxing)
 .stab          0x000000000000ef28       0xcc /opt/local/lib/gcc/avr/4.7.2/avr51/libgcc.a(_muluhisi3.o)
                                         0xd8 (size before relaxing)
 .stab          0x000000000000eff4       0xcc /opt/local/lib/gcc/avr/4.7.2/avr51/libgcc.a(_mulshisi3.o)
                                         0xd8 (size before relaxing)
 .stab          0x000000000000f0c0      0x108 /opt/local/lib/gcc/avr/4.7.2/avr51/libgcc.a(_mulsi3.o)
                                        0x114 (size before relaxing)
 .stab          0x000000000000f1c8      0x15c /opt/local/lib/gcc/avr/4.7.2/avr51/libgcc.a(_udivmodhi4.o)
                                        0x168 (size before relaxing)
 .stab          0x000000000000f324      0x228 /opt/local/lib/gcc/avr/4.7.2/avr51/libgcc.a(_udivmodsi4.o)
                                        0x234 (size before relaxing)
 .stab          0x000000000000f54c      0x198 /opt/local/lib/gcc/avr/4.7.2/avr51/libgcc.a(_divmodsi4.o)
                                        0x1a4 (size before relaxing)
 .stab          0x000000000000f6e4      0x150 /opt/local/lib/gcc/avr/4.7.2/avr51/libgcc.a(_udivdi3.o)
                                        0x15c (size before relaxing)
 .stab          0x000000000000f834      0x234 /opt/local/lib/gcc/avr/4.7.2/avr51/libgcc.a(_udivmod64.o)
                                        0x240 (size before relaxing)
 .stab          0x000000000000fa68       0x6c /opt/local/lib/gcc/avr/4.7.2/avr51/libgcc.a(_exit.o)
                                         0x78 (size before relaxing)
 .stab          0x000000000000fad4       0xcc /opt/local/lib/gcc/avr/4.7.2/avr51/libgcc.a(_tablejump.o)
                                         0xd8 (size before relaxing)
 .stab          0x000000000000fba0       0xf0 /opt/local/lib/gcc/avr/4.7.2/avr51/libgcc.a(_copy_data.o)
                                         0xfc (size before relaxing)
 .stab          0x000000000000fc90       0xb4 /opt/local/lib/gcc/avr/4.7.2/avr51/libgcc.a(_clear_bss.o)
                                         0xc0 (size before relaxing)
 .stab          0x000000000000fd44       0x78 /opt/local/lib/gcc/avr/4.7.2/avr51/libgcc.a(_adddi3.o)
                                         0x84 (size before relaxing)
 .stab          0x000000000000fdbc       0xe4 /opt/local/lib/gcc/avr/4.7.2/avr51/libgcc.a(_umulhisi3.o)
                                         0xf0 (size before relaxing)
 .stab          0x000000000000fea0       0x9c /opt/local/lib/gcc/avr/4.7.2/../../../../avr/lib/avr51/libc.a(strchr_P.o)
                                         0xa8 (size before relaxing)
 .stab          0x000000000000ff3c       0x84 /opt/local/lib/gcc/avr/4.7.2/../../../../avr/lib/avr51/libc.a(memcpy.o)
                                         0x90 (size before relaxing)
 .stab          0x000000000000ffc0      0x288 /opt/local/lib/gcc/avr/4.7.2/../../../../avr/lib/avr51/libc.a(fdevopen.o)
                                        0x4b0 (size before relaxing)
 .stab          0x0000000000010248      0x1d4 /opt/local/lib/gcc/avr/4.7.2/../../../../avr/lib/avr51/libc.a(fputc.o)
                                        0x3b4 (size before relaxing)
 .stab          0x000000000001041c      0x12c /opt/local/lib/gcc/avr/4.7.2/../../../../avr/lib/avr51/libc.a(iob.o)
                                        0x30c (size before relaxing)
 .stab          0x0000000000010548      0x1bc /opt/local/lib/gcc/avr/4.7.2/../../../../avr/lib/avr51/libc.a(printf.o)
                                        0x39c (size before relaxing)
 .stab          0x0000000000010704      0x174 /opt/local/lib/gcc/avr/4.7.2/../../../../avr/lib/avr51/libc.a(putchar.o)
                                        0x354 (size before relaxing)
 .stab          0x0000000000010878      0x204 /opt/local/lib/gcc/avr/4.7.2/../../../../avr/lib/avr51/libc.a(puts.o)
                                        0x3e4 (size before relaxing)
 .stab          0x0000000000010a7c      0x204 /opt/local/lib/gcc/avr/4.7.2/../../../../avr/lib/avr51/libc.a(sprintf.o)
                                        0x3e4 (size before relaxing)
 .stab          0x0000000000010c80      0x480 /opt/local/lib/gcc/avr/4.7.2/../../../../avr/lib/avr51/libc.a(ultoa_invert.o)
                                        0x48c (size before relaxing)
 .stab          0x0000000000011100       0x90 /opt/local/lib/gcc/avr/4.7.2/../../../../avr/lib/avr51/libc.a(eerd_byte_atmega128rfa1.o)
                                         0x9c (size before relaxing)
 .stab          0x0000000000011190       0xe4 /opt/local/lib/gcc/avr/4.7.2/../../../../avr/lib/avr51/libc.a(eewr_byte_atmega128rfa1.o)
                                         0xf0 (size before relaxing)
 .stab          0x0000000000011274      0x1bc /opt/local/lib/gcc/avr/4.7.2/../../../../avr/lib/avr51/libc.a(calloc.o)
                                        0x1f8 (size before relaxing)
 .stab          0x0000000000011430      0x5b8 /opt/local/lib/gcc/avr/4.7.2/../../../../avr/lib/avr51/libc.a(malloc.o)
                                        0x798 (size before relaxing)
 .stab          0x00000000000119e8       0x6c /opt/local/lib/gcc/avr/4.7.2/../../../../avr/lib/avr51/libc.a(memset.o)
                                         0x78 (size before relaxing)

.stabstr        0x0000000000000000     0x9239
 *(.stabstr)
 .stabstr       0x0000000000000000     0x9239 /opt/local/lib/gcc/avr/4.7.2/../../../../avr/lib/avr51/crtm128rfa1.o

.stab.excl
 *(.stab.excl)

.stab.exclstr
 *(.stab.exclstr)

.stab.index
 *(.stab.index)

.stab.indexstr
 *(.stab.indexstr)

.comment        0x0000000000000000       0x22
 *(.comment)
 .comment       0x0000000000000000       0x11 main.o
                                         0x12 (size before relaxing)
 .comment       0x0000000000000000       0x12 ../../../src/drivers/platform/firefly3/source/ff_basic_sensor.o
 .comment       0x0000000000000000       0x12 ../../../src/drivers/platform/firefly3/source/twi_base_calls.o
 .comment       0x0000000000000000       0x12 ../../../src/radio/rf231_soc/source/basic_rf.o
 .comment       0x0000000000000000       0x12 ../../../src/platform/firefly3/source/ulib.o
 .comment       0x0000000000000000       0x12 ../../../src/platform/firefly3/source/hal_wait.o
 .comment       0x0000000000000000       0x12 ../../../src/platform/firefly3/source/nrk_eeprom.o
 .comment       0x0000000000000000       0x12 ../../../src/kernel/source/nrk.o
 .comment       0x0000000000000000       0x12 ../../../src/kernel/source/nrk_stats.o
 .comment       0x0000000000000000       0x12 ../../../src/kernel/source/nrk_error.o
 .comment       0x0000000000000000       0x12 ../../../src/kernel/source/nrk_stack_check.o
 .comment       0x0000000000000000       0x12 ../../../src/kernel/source/nrk_events.o
 .comment       0x0000000000000000       0x12 ../../../src/kernel/source/nrk_task.o
 .comment       0x0000000000000000       0x12 ../../../src/kernel/source/nrk_time.o
 .comment       0x0000000000000000       0x12 ../../../src/kernel/source/nrk_idle_task.o
 .comment       0x0000000000000000       0x12 ../../../src/kernel/source/nrk_scheduler.o
 .comment       0x0000000000000000       0x12 ../../../src/kernel/source/nrk_driver.o
 .comment       0x0000000000000000       0x12 ../../../src/kernel/source/nrk_reserve.o
 .comment       0x0000000000000000       0x12 ../../../src/kernel/source/nrk_sw_wdt.o
 .comment       0x0000000000000000       0x12 ../../../src/kernel/hal/atmega128rfa1/nrk_timer.o
 .comment       0x0000000000000000       0x12 ../../../src/kernel/hal/atmega128rfa1/nrk_status.o
 .comment       0x0000000000000000       0x12 ../../../src/kernel/hal/atmega128rfa1/nrk_ext_int.o
 .comment       0x0000000000000000       0x12 ../../../src/kernel/hal/atmega128rfa1/nrk_watchdog.o
 .comment       0x0000000000000000       0x12 ../../../src/kernel/hal/atmega128rfa1/nrk_cpu.o
 .comment       0x0000000000000011       0x11 /opt/local/lib/gcc/avr/4.7.2/../../../../avr/lib/avr51/libprintf_min.a(vfprintf_min.o)
                                         0x12 (size before relaxing)
 .comment       0x0000000000000000       0x12 /opt/local/lib/gcc/avr/4.7.2/../../../../avr/lib/avr51/libc.a(fdevopen.o)
 .comment       0x0000000000000000       0x12 /opt/local/lib/gcc/avr/4.7.2/../../../../avr/lib/avr51/libc.a(fputc.o)
 .comment       0x0000000000000000       0x12 /opt/local/lib/gcc/avr/4.7.2/../../../../avr/lib/avr51/libc.a(iob.o)
 .comment       0x0000000000000000       0x12 /opt/local/lib/gcc/avr/4.7.2/../../../../avr/lib/avr51/libc.a(printf.o)
 .comment       0x0000000000000000       0x12 /opt/local/lib/gcc/avr/4.7.2/../../../../avr/lib/avr51/libc.a(putchar.o)
 .comment       0x0000000000000000       0x12 /opt/local/lib/gcc/avr/4.7.2/../../../../avr/lib/avr51/libc.a(puts.o)
 .comment       0x0000000000000000       0x12 /opt/local/lib/gcc/avr/4.7.2/../../../../avr/lib/avr51/libc.a(sprintf.o)
 .comment       0x0000000000000000       0x12 /opt/local/lib/gcc/avr/4.7.2/../../../../avr/lib/avr51/libc.a(calloc.o)
 .comment       0x0000000000000000       0x12 /opt/local/lib/gcc/avr/4.7.2/../../../../avr/lib/avr51/libc.a(malloc.o)

.debug
 *(.debug)

.line
 *(.line)

.debug_srcinfo
 *(.debug_srcinfo)

.debug_sfnames
 *(.debug_sfnames)

.debug_aranges
 *(.debug_aranges)

.debug_pubnames
 *(.debug_pubnames)

.debug_info
 *(.debug_info)
 *(.gnu.linkonce.wi.*)

.debug_abbrev
 *(.debug_abbrev)

.debug_line
 *(.debug_line)

.debug_frame
 *(.debug_frame)

.debug_str
 *(.debug_str)

.debug_loc
 *(.debug_loc)

.debug_macinfo
 *(.debug_macinfo)

.debug_pubtypes
 *(.debug_pubtypes)

.debug_ranges
 *(.debug_ranges)

.debug_macro
 *(.debug_macro)
OUTPUT(main.elf elf32-avr)
LOAD linker stubs

Cross Reference Table

Symbol                                            File
B3                                                ../../../src/drivers/platform/firefly3/source/ff_basic_sensor.o
B4                                                ../../../src/drivers/platform/firefly3/source/ff_basic_sensor.o
B5                                                ../../../src/drivers/platform/firefly3/source/ff_basic_sensor.o
B6                                                ../../../src/drivers/platform/firefly3/source/ff_basic_sensor.o
B7                                                ../../../src/drivers/platform/firefly3/source/ff_basic_sensor.o
NRK_ADC_INPUT_0                                   ../../../src/platform/firefly3/source/ulib.o
NRK_ADC_INPUT_1                                   ../../../src/platform/firefly3/source/ulib.o
NRK_ADC_INPUT_2                                   ../../../src/platform/firefly3/source/ulib.o
NRK_ADC_INPUT_3                                   ../../../src/platform/firefly3/source/ulib.o
NRK_ADC_INPUT_4                                   ../../../src/platform/firefly3/source/ulib.o
NRK_ADC_INPUT_5                                   ../../../src/platform/firefly3/source/ulib.o
NRK_ADC_INPUT_6                                   ../../../src/platform/firefly3/source/ulib.o
NRK_ADC_INPUT_7                                   ../../../src/platform/firefly3/source/ulib.o
NRK_BUTTON                                        ../../../src/platform/firefly3/source/ulib.o
NRK_GPIO26                                        ../../../src/platform/firefly3/source/ulib.o
NRK_GPIO34                                        ../../../src/platform/firefly3/source/ulib.o
NRK_LED_0                                         ../../../src/platform/firefly3/source/ulib.o
NRK_LED_1                                         ../../../src/platform/firefly3/source/ulib.o
NRK_LED_2                                         ../../../src/platform/firefly3/source/ulib.o
NRK_LED_3                                         ../../../src/platform/firefly3/source/ulib.o
NRK_MISO                                          ../../../src/platform/firefly3/source/ulib.o
NRK_MMC_10                                        ../../../src/platform/firefly3/source/ulib.o
NRK_MMC_11                                        ../../../src/platform/firefly3/source/ulib.o
NRK_MMC_9                                         ../../../src/platform/firefly3/source/ulib.o
NRK_MOSI                                          ../../../src/platform/firefly3/source/ulib.o
NRK_SCK                                           ../../../src/platform/firefly3/source/ulib.o
NRK_SPI_SS                                        ../../../src/platform/firefly3/source/ulib.o
NRK_UART0_RXD                                     ../../../src/platform/firefly3/source/ulib.o
NRK_UART0_TXD                                     ../../../src/platform/firefly3/source/ulib.o
NRK_UART1_RXD                                     ../../../src/platform/firefly3/source/ulib.o
NRK_UART1_TXD                                     ../../../src/platform/firefly3/source/ulib.o
P                                                 ../../../src/drivers/platform/firefly3/source/ff_basic_sensor.o
PORT_INIT                                         ../../../src/platform/firefly3/source/ulib.o
SIG_OUTPUT_COMPARE1A                              ../../../src/kernel/hal/atmega128rfa1/nrk_timer.o
Stack1                                            main.o
T                                                 ../../../src/drivers/platform/firefly3/source/ff_basic_sensor.o
Task1                                             main.o
TaskOne                                           main.o
UP                                                ../../../src/drivers/platform/firefly3/source/ff_basic_sensor.o
UT                                                ../../../src/drivers/platform/firefly3/source/ff_basic_sensor.o
X1                                                ../../../src/drivers/platform/firefly3/source/ff_basic_sensor.o
X2                                                ../../../src/drivers/platform/firefly3/source/ff_basic_sensor.o
X3                                                ../../../src/drivers/platform/firefly3/source/ff_basic_sensor.o
__adddi3                                          /opt/local/lib/gcc/avr/4.7.2/avr51/libgcc.a(_adddi3.o)
                                                  ../../../src/kernel/source/nrk_time.o
__bad_interrupt                                   /opt/local/lib/gcc/avr/4.7.2/../../../../avr/lib/avr51/crtm128rfa1.o
__brkval                                          /opt/local/lib/gcc/avr/4.7.2/../../../../avr/lib/avr51/libc.a(malloc.o)
__bss_end                                         /opt/local/lib/gcc/avr/4.7.2/avr51/libgcc.a(_clear_bss.o)
__bss_start                                       /opt/local/lib/gcc/avr/4.7.2/avr51/libgcc.a(_clear_bss.o)
__data_end                                        /opt/local/lib/gcc/avr/4.7.2/avr51/libgcc.a(_copy_data.o)
__data_load_start                                 /opt/local/lib/gcc/avr/4.7.2/avr51/libgcc.a(_copy_data.o)
__data_start                                      /opt/local/lib/gcc/avr/4.7.2/avr51/libgcc.a(_copy_data.o)
__divmodsi4                                       /opt/local/lib/gcc/avr/4.7.2/avr51/libgcc.a(_divmodsi4.o)
                                                  ../../../src/drivers/platform/firefly3/source/ff_basic_sensor.o
__do_clear_bss                                    /opt/local/lib/gcc/avr/4.7.2/avr51/libgcc.a(_clear_bss.o)
                                                  /opt/local/lib/gcc/avr/4.7.2/../../../../avr/lib/avr51/libc.a(malloc.o)
                                                  /opt/local/lib/gcc/avr/4.7.2/../../../../avr/lib/avr51/libc.a(iob.o)
                                                  ../../../src/kernel/hal/atmega128rfa1/nrk_cpu.o
                                                  ../../../src/kernel/hal/atmega128rfa1/nrk_watchdog.o
                                                  ../../../src/kernel/hal/atmega128rfa1/nrk_ext_int.o
                                                  ../../../src/kernel/hal/atmega128rfa1/nrk_status.o
                                                  ../../../src/kernel/hal/atmega128rfa1/nrk_timer.o
                                                  ../../../src/kernel/source/nrk_sw_wdt.o
                                                  ../../../src/kernel/source/nrk_driver.o
                                                  ../../../src/kernel/source/nrk_scheduler.o
                                                  ../../../src/kernel/source/nrk_idle_task.o
                                                  ../../../src/kernel/source/nrk_time.o
                                                  ../../../src/kernel/source/nrk_task.o
                                                  ../../../src/kernel/source/nrk_events.o
                                                  ../../../src/kernel/source/nrk_stack_check.o
                                                  ../../../src/kernel/source/nrk_error.o
                                                  ../../../src/kernel/source/nrk_stats.o
                                                  ../../../src/kernel/source/nrk.o
                                                  ../../../src/platform/firefly3/source/nrk_eeprom.o
                                                  ../../../src/platform/firefly3/source/ulib.o
                                                  ../../../src/radio/rf231_soc/source/basic_rf.o
                                                  ../../../src/drivers/platform/firefly3/source/twi_base_calls.o
                                                  ../../../src/drivers/platform/firefly3/source/ff_basic_sensor.o
                                                  main.o
__do_copy_data                                    /opt/local/lib/gcc/avr/4.7.2/avr51/libgcc.a(_copy_data.o)
                                                  /opt/local/lib/gcc/avr/4.7.2/../../../../avr/lib/avr51/libc.a(malloc.o)
                                                  ../../../src/kernel/source/nrk_stack_check.o
                                                  ../../../src/kernel/source/nrk_error.o
                                                  ../../../src/platform/firefly3/source/ulib.o
                                                  ../../../src/radio/rf231_soc/source/basic_rf.o
                                                  ../../../src/drivers/platform/firefly3/source/twi_base_calls.o
                                                  main.o
__eerd_byte_m128rfa1                              /opt/local/lib/gcc/avr/4.7.2/../../../../avr/lib/avr51/libc.a(eerd_byte_atmega128rfa1.o)
                                                  ../../../src/platform/firefly3/source/nrk_eeprom.o
__eewr_byte_m128rfa1                              /opt/local/lib/gcc/avr/4.7.2/../../../../avr/lib/avr51/libc.a(eewr_byte_atmega128rfa1.o)
                                                  ../../../src/platform/firefly3/source/nrk_eeprom.o
__eewr_r18_m128rfa1                               /opt/local/lib/gcc/avr/4.7.2/../../../../avr/lib/avr51/libc.a(eewr_byte_atmega128rfa1.o)
__flp                                             /opt/local/lib/gcc/avr/4.7.2/../../../../avr/lib/avr51/libc.a(malloc.o)
__heap_end                                        /opt/local/lib/gcc/avr/4.7.2/../../../../avr/lib/avr51/crtm128rfa1.o
                                                  /opt/local/lib/gcc/avr/4.7.2/../../../../avr/lib/avr51/libc.a(malloc.o)
__heap_start                                      /opt/local/lib/gcc/avr/4.7.2/../../../../avr/lib/avr51/libc.a(malloc.o)
__init                                            /opt/local/lib/gcc/avr/4.7.2/../../../../avr/lib/avr51/crtm128rfa1.o
__iob                                             /opt/local/lib/gcc/avr/4.7.2/../../../../avr/lib/avr51/libc.a(puts.o)
                                                  /opt/local/lib/gcc/avr/4.7.2/../../../../avr/lib/avr51/libc.a(putchar.o)
                                                  /opt/local/lib/gcc/avr/4.7.2/../../../../avr/lib/avr51/libc.a(printf.o)
                                                  /opt/local/lib/gcc/avr/4.7.2/../../../../avr/lib/avr51/libc.a(iob.o)
                                                  /opt/local/lib/gcc/avr/4.7.2/../../../../avr/lib/avr51/libc.a(fdevopen.o)
                                                  ../../../src/kernel/source/nrk_error.o
                                                  ../../../src/platform/firefly3/source/ulib.o
__malloc_heap_end                                 /opt/local/lib/gcc/avr/4.7.2/../../../../avr/lib/avr51/libc.a(malloc.o)
__malloc_heap_start                               /opt/local/lib/gcc/avr/4.7.2/../../../../avr/lib/avr51/libc.a(malloc.o)
__malloc_margin                                   /opt/local/lib/gcc/avr/4.7.2/../../../../avr/lib/avr51/libc.a(malloc.o)
__mulohisi3                                       /opt/local/lib/gcc/avr/4.7.2/avr51/libgcc.a(_mulshisi3.o)
                                                  ../../../src/drivers/platform/firefly3/source/ff_basic_sensor.o
__mulshisi3                                       /opt/local/lib/gcc/avr/4.7.2/avr51/libgcc.a(_mulshisi3.o)
                                                  ../../../src/drivers/platform/firefly3/source/ff_basic_sensor.o
__mulsi3                                          /opt/local/lib/gcc/avr/4.7.2/avr51/libgcc.a(_mulsi3.o)
                                                  ../../../src/kernel/source/nrk_time.o
                                                  ../../../src/drivers/platform/firefly3/source/ff_basic_sensor.o
__muluhisi3                                       /opt/local/lib/gcc/avr/4.7.2/avr51/libgcc.a(_muluhisi3.o)
                                                  /opt/local/lib/gcc/avr/4.7.2/avr51/libgcc.a(_mulsi3.o)
                                                  /opt/local/lib/gcc/avr/4.7.2/avr51/libgcc.a(_mulshisi3.o)
                                                  ../../../src/kernel/source/nrk_scheduler.o
                                                  ../../../src/kernel/source/nrk_time.o
                                                  ../../../src/radio/rf231_soc/source/basic_rf.o
                                                  ../../../src/drivers/platform/firefly3/source/ff_basic_sensor.o
__stack                                           /opt/local/lib/gcc/avr/4.7.2/../../../../avr/lib/avr51/crtm128rfa1.o
__tablejump2__                                    /opt/local/lib/gcc/avr/4.7.2/avr51/libgcc.a(_tablejump.o)
                                                  ../../../src/kernel/source/nrk_error.o
__tablejump__                                     /opt/local/lib/gcc/avr/4.7.2/avr51/libgcc.a(_tablejump.o)
__udivdi3                                         /opt/local/lib/gcc/avr/4.7.2/avr51/libgcc.a(_udivdi3.o)
                                                  ../../../src/kernel/source/nrk_time.o
__udivdi3_umoddi3                                 /opt/local/lib/gcc/avr/4.7.2/avr51/libgcc.a(_udivdi3.o)
__udivmod64                                       /opt/local/lib/gcc/avr/4.7.2/avr51/libgcc.a(_udivmod64.o)
                                                  /opt/local/lib/gcc/avr/4.7.2/avr51/libgcc.a(_udivdi3.o)
__udivmodhi4                                      /opt/local/lib/gcc/avr/4.7.2/avr51/libgcc.a(_udivmodhi4.o)
                                                  ../../../src/kernel/source/nrk_scheduler.o
__udivmodsi4                                      /opt/local/lib/gcc/avr/4.7.2/avr51/libgcc.a(_udivmodsi4.o)
                                                  /opt/local/lib/gcc/avr/4.7.2/avr51/libgcc.a(_divmodsi4.o)
                                                  ../../../src/kernel/source/nrk_scheduler.o
                                                  ../../../src/kernel/source/nrk_time.o
                                                  ../../../src/drivers/platform/firefly3/source/ff_basic_sensor.o
__ultoa_invert                                    /opt/local/lib/gcc/avr/4.7.2/../../../../avr/lib/avr51/libc.a(ultoa_invert.o)
                                                  /opt/local/lib/gcc/avr/4.7.2/../../../../avr/lib/avr51/libprintf_min.a(vfprintf_min.o)
__umoddi3                                         /opt/local/lib/gcc/avr/4.7.2/avr51/libgcc.a(_udivdi3.o)
__umulhisi3                                       /opt/local/lib/gcc/avr/4.7.2/avr51/libgcc.a(_umulhisi3.o)
                                                  /opt/local/lib/gcc/avr/4.7.2/avr51/libgcc.a(_muluhisi3.o)
__vector_1                                        ../../../src/kernel/hal/atmega128rfa1/nrk_ext_int.o
                                                  /opt/local/lib/gcc/avr/4.7.2/../../../../avr/lib/avr51/crtm128rfa1.o
__vector_10                                       /opt/local/lib/gcc/avr/4.7.2/../../../../avr/lib/avr51/crtm128rfa1.o
__vector_11                                       /opt/local/lib/gcc/avr/4.7.2/../../../../avr/lib/avr51/crtm128rfa1.o