Archive member included because of file (symbol)

/opt/local/lib/gcc/avr/4.7.2/../../../../avr/lib/avr51/libprintf_min.a(vfprintf_min.o)
                              (vfprintf)
/opt/local/lib/gcc/avr/4.7.2/avr51/libgcc.a(_muluhisi3.o)
                              ../../../src/radio/rf231_soc/source/basic_rf.o (__muluhisi3)
/opt/local/lib/gcc/avr/4.7.2/avr51/libgcc.a(_mulsi3.o)
                              ../../../src/kernel/source/nrk_time.o (__mulsi3)
/opt/local/lib/gcc/avr/4.7.2/avr51/libgcc.a(_udivmodhi4.o)
                              ../../../src/kernel/source/nrk_scheduler.o (__udivmodhi4)
/opt/local/lib/gcc/avr/4.7.2/avr51/libgcc.a(_udivmodsi4.o)
                              ../../../src/kernel/source/nrk_stats.o (__udivmodsi4)
/opt/local/lib/gcc/avr/4.7.2/avr51/libgcc.a(_udivdi3.o)
                              ../../../src/kernel/source/nrk_time.o (__udivdi3)
/opt/local/lib/gcc/avr/4.7.2/avr51/libgcc.a(_udivmod64.o)
                              /opt/local/lib/gcc/avr/4.7.2/avr51/libgcc.a(_udivdi3.o) (__udivmod64)
/opt/local/lib/gcc/avr/4.7.2/avr51/libgcc.a(_exit.o)
                              /opt/local/lib/gcc/avr/4.7.2/../../../../avr/lib/avr51/crtm128rfa1.o (exit)
/opt/local/lib/gcc/avr/4.7.2/avr51/libgcc.a(_tablejump.o)
                              ../../../src/kernel/source/nrk_error.o (__tablejump2__)
/opt/local/lib/gcc/avr/4.7.2/avr51/libgcc.a(_copy_data.o)
                              main.o (__do_copy_data)
/opt/local/lib/gcc/avr/4.7.2/avr51/libgcc.a(_clear_bss.o)
                              main.o (__do_clear_bss)
/opt/local/lib/gcc/avr/4.7.2/avr51/libgcc.a(_adddi3.o)
                              ../../../src/kernel/source/nrk_time.o (__adddi3)
/opt/local/lib/gcc/avr/4.7.2/avr51/libgcc.a(_umulhisi3.o)
                              /opt/local/lib/gcc/avr/4.7.2/avr51/libgcc.a(_muluhisi3.o) (__umulhisi3)
/opt/local/lib/gcc/avr/4.7.2/../../../../avr/lib/avr51/libc.a(strchr_P.o)
                              /opt/local/lib/gcc/avr/4.7.2/../../../../avr/lib/avr51/libprintf_min.a(vfprintf_min.o) (strchr_P)
/opt/local/lib/gcc/avr/4.7.2/../../../../avr/lib/avr51/libc.a(memcpy.o)
                              ../../../src/radio/rf231_soc/source/basic_rf.o (memcpy)
/opt/local/lib/gcc/avr/4.7.2/../../../../avr/lib/avr51/libc.a(fdevopen.o)
                              ../../../src/platform/firefly3/source/ulib.o (fdevopen)
/opt/local/lib/gcc/avr/4.7.2/../../../../avr/lib/avr51/libc.a(fputc.o)
                              ../../../src/platform/firefly3/source/ulib.o (fputc)
/opt/local/lib/gcc/avr/4.7.2/../../../../avr/lib/avr51/libc.a(iob.o)
                              ../../../src/platform/firefly3/source/ulib.o (__iob)
/opt/local/lib/gcc/avr/4.7.2/../../../../avr/lib/avr51/libc.a(printf.o)
                              main.o (printf)
/opt/local/lib/gcc/avr/4.7.2/../../../../avr/lib/avr51/libc.a(putchar.o)
                              ../../../src/radio/rf231_soc/source/basic_rf.o (putchar)
/opt/local/lib/gcc/avr/4.7.2/../../../../avr/lib/avr51/libc.a(puts.o)
                              ../../../src/radio/rf231_soc/source/basic_rf.o (puts)
/opt/local/lib/gcc/avr/4.7.2/../../../../avr/lib/avr51/libc.a(sprintf.o)
                              ../../../src/kernel/source/nrk_error.o (sprintf)
/opt/local/lib/gcc/avr/4.7.2/../../../../avr/lib/avr51/libc.a(ultoa_invert.o)
                              /opt/local/lib/gcc/avr/4.7.2/../../../../avr/lib/avr51/libprintf_min.a(vfprintf_min.o) (__ultoa_invert)
/opt/local/lib/gcc/avr/4.7.2/../../../../avr/lib/avr51/libc.a(eerd_byte_atmega128rfa1.o)
                              ../../../src/platform/firefly3/source/nrk_eeprom.o (__eerd_byte_m128rfa1)
/opt/local/lib/gcc/avr/4.7.2/../../../../avr/lib/avr51/libc.a(eewr_byte_atmega128rfa1.o)
                              ../../../src/platform/firefly3/source/nrk_eeprom.o (__eewr_byte_m128rfa1)
/opt/local/lib/gcc/avr/4.7.2/../../../../avr/lib/avr51/libc.a(calloc.o)
                              /opt/local/lib/gcc/avr/4.7.2/../../../../avr/lib/avr51/libc.a(fdevopen.o) (calloc)
/opt/local/lib/gcc/avr/4.7.2/../../../../avr/lib/avr51/libc.a(malloc.o)
                              /opt/local/lib/gcc/avr/4.7.2/../../../../avr/lib/avr51/libc.a(calloc.o) (malloc)
/opt/local/lib/gcc/avr/4.7.2/../../../../avr/lib/avr51/libc.a(memset.o)
                              /opt/local/lib/gcc/avr/4.7.2/../../../../avr/lib/avr51/libc.a(calloc.o) (memset)

Allocating common symbols
Common symbol       size              file

rx_ctr              0x4               ../../../src/radio/rf231_soc/source/basic_rf.o
t                   0x1               ../../../src/kernel/source/nrk_scheduler.o
_free_node          0x2               ../../../src/kernel/source/nrk.o
TaskFour            0x23              main.o
app_timer0_callback
                    0x2               main.o
nrk_task_TCB        0xa5              ../../../src/kernel/source/nrk.o
next_next_wakeup    0x2               ../../../src/kernel/source/nrk.o
[...]
Memory Configuration

Name             Origin             Length             Attributes
text             0x0000000000000000 0x0000000000020000 xr
data             0x0000000000800100 0x000000000000ff00 rw !x
eeprom           0x0000000000810000 0x0000000000010000 rw !x
fuse             0x0000000000820000 0x0000000000000400 rw !x
lock             0x0000000000830000 0x0000000000000400 rw !x
signature        0x0000000000840000 0x0000000000000400 rw !x
*default*        0x0000000000000000 0xffffffffffffffff

Linker script and memory map

Address of section .data set to 0x800200
LOAD /opt/local/lib/gcc/avr/4.7.2/../../../../avr/lib/avr51/crtm128rfa1.o
LOAD main.o
LOAD ../../../src/radio/rf231_soc/source/basic_rf.o
LOAD ../../../src/platform/firefly3/source/ulib.o
LOAD ../../../src/platform/firefly3/source/hal_wait.o
LOAD ../../../src/platform/firefly3/source/nrk_eeprom.o
LOAD ../../../src/kernel/source/nrk.o
LOAD ../../../src/kernel/source/nrk_stats.o
LOAD ../../../src/kernel/source/nrk_error.o
LOAD ../../../src/kernel/source/nrk_stack_check.o
LOAD ../../../src/kernel/source/nrk_events.o
LOAD ../../../src/kernel/source/nrk_task.o
LOAD ../../../src/kernel/source/nrk_time.o
LOAD ../../../src/kernel/source/nrk_idle_task.o
LOAD ../../../src/kernel/source/nrk_scheduler.o
LOAD ../../../src/kernel/source/nrk_driver.o
LOAD ../../../src/kernel/source/nrk_reserve.o
LOAD ../../../src/kernel/source/nrk_sw_wdt.o
LOAD ../../../src/kernel/hal/atmega128rfa1/nrk_timer.o
LOAD ../../../src/kernel/hal/atmega128rfa1/nrk_status.o
LOAD ../../../src/kernel/hal/atmega128rfa1/nrk_ext_int.o
LOAD ../../../src/kernel/hal/atmega128rfa1/nrk_watchdog.o
LOAD ../../../src/kernel/hal/atmega128rfa1/nrk_cpu.o
LOAD ../../../src/kernel/hal/atmega128rfa1/atmel_hw_specific.o
LOAD /opt/local/lib/gcc/avr/4.7.2/../../../../avr/lib/avr51/libprintf_min.a
LOAD /opt/local/lib/gcc/avr/4.7.2/../../../../avr/lib/avr51/libm.a
LOAD /opt/local/lib/gcc/avr/4.7.2/avr51/libgcc.a
LOAD /opt/local/lib/gcc/avr/4.7.2/../../../../avr/lib/avr51/libc.a
LOAD /opt/local/lib/gcc/avr/4.7.2/avr51/libgcc.a

.hash
 *(.hash)

.dynsym
 *(.dynsym)

.dynstr
 *(.dynstr)

.gnu.version
 *(.gnu.version)

.gnu.version_d
 *(.gnu.version_d)

.gnu.version_r
 *(.gnu.version_r)

.rel.init
 *(.rel.init)

.rela.init
 *(.rela.init)

.rel.text
 *(.rel.text)
 *(.rel.text.*)
 *(.rel.gnu.linkonce.t*)

.rela.text
 *(.rela.text)
 *(.rela.text.*)
 *(.rela.gnu.linkonce.t*)

.rel.fini
 *(.rel.fini)

.rela.fini
 *(.rela.fini)

.rel.rodata
 *(.rel.rodata)
 *(.rel.rodata.*)
 *(.rel.gnu.linkonce.r*)

.rela.rodata
 *(.rela.rodata)
 *(.rela.rodata.*)
 *(.rela.gnu.linkonce.r*)

.rel.data
 *(.rel.data)
 *(.rel.data.*)
 *(.rel.gnu.linkonce.d*)

.rela.data
 *(.rela.data)
 *(.rela.data.*)
 *(.rela.gnu.linkonce.d*)

.rel.ctors
 *(.rel.ctors)

.rela.ctors
 *(.rela.ctors)

.rel.dtors
 *(.rel.dtors)

.rela.dtors
 *(.rela.dtors)

.rel.got
 *(.rel.got)

.rela.got
 *(.rela.got)

.rel.bss
 *(.rel.bss)

.rela.bss
 *(.rela.bss)

.rel.plt
 *(.rel.plt)

.rela.plt
 *(.rela.plt)

.text           0x0000000000000000     0x5b82
 *(.vectors)
 .vectors       0x0000000000000000      0x120 /opt/local/lib/gcc/avr/4.7.2/../../../../avr/lib/avr51/crtm128rfa1.o
                0x0000000000000000                __vectors
 *(.vectors)
 *(.progmem.gcc*)
 .progmem.gcc_sw_table
                0x0000000000000120       0x2c ../../../src/kernel/source/nrk_error.o
 *(.progmem*)
 .progmem.data  0x000000000000014c       0x11 main.o
 .progmem.data  0x000000000000015d       0xec ../../../src/kernel/source/nrk_stats.o
 .progmem.data  0x0000000000000249      0x238 ../../../src/kernel/source/nrk_error.o
 .progmem.data  0x0000000000000481        0xf ../../../src/kernel/source/nrk_stack_check.o
 .progmem.data  0x0000000000000490       0x17 /opt/local/lib/gcc/avr/4.7.2/../../../../avr/lib/avr51/libprintf_min.a(vfprintf_min.o)
                0x00000000000004a8                . = ALIGN (0x2)
 *fill*         0x00000000000004a7        0x1 
                0x00000000000004a8                __trampolines_start = .
 *(.trampolines)
 .trampolines   0x00000000000004a8        0x0 linker stubs
 *(.trampolines*)
                0x00000000000004a8                __trampolines_end = .
 *(.jumptables)
 *(.jumptables*)
 *(.lowtext)
 *(.lowtext*)
                0x00000000000004a8                __ctors_start = .
 *(.ctors)
                0x00000000000004a8                __ctors_end = .
                0x00000000000004a8                __dtors_start = .
 *(.dtors)
                0x00000000000004a8                __dtors_end = .
 SORT(*)(.ctors)
 SORT(*)(.dtors)
 *(.init0)
 .init0         0x00000000000004a8        0x0 /opt/local/lib/gcc/avr/4.7.2/../../../../avr/lib/avr51/crtm128rfa1.o
                0x00000000000004a8                __init
 *(.init0)
 *(.init1)
 *(.init1)
 *(.init2)
 .init2         0x00000000000004a8        0xc /opt/local/lib/gcc/avr/4.7.2/../../../../avr/lib/avr51/crtm128rfa1.o
 *(.init2)
 *(.init3)
 *(.init3)
 *(.init4)
 .init4         0x00000000000004b4       0x1a /opt/local/lib/gcc/avr/4.7.2/avr51/libgcc.a(_copy_data.o)
                0x00000000000004b4                __do_copy_data
 .init4         0x00000000000004ce       0x10 /opt/local/lib/gcc/avr/4.7.2/avr51/libgcc.a(_clear_bss.o)
                0x00000000000004ce                __do_clear_bss
 *(.init4)
 *(.init5)
 *(.init5)
 *(.init6)
 *(.init6)
 *(.init7)
 *(.init7)
 *(.init8)
 *(.init8)
 *(.init9)
 .init9         0x00000000000004de        0x8 /opt/local/lib/gcc/avr/4.7.2/../../../../avr/lib/avr51/crtm128rfa1.o
 *(.init9)
 *(.text)
 .text          0x00000000000004e6        0x4 /opt/local/lib/gcc/avr/4.7.2/../../../../avr/lib/avr51/crtm128rfa1.o
                0x00000000000004e6                __vector_65
                0x00000000000004e6                __vector_22
                0x00000000000004e6                __vector_28
                0x00000000000004e6                __vector_67
                0x00000000000004e6                __vector_71
                0x00000000000004e6                __vector_34
                0x00000000000004e6                __vector_24
                0x00000000000004e6                __vector_12
                0x00000000000004e6                __vector_55
                0x00000000000004e6                __vector_69
                0x00000000000004e6                __vector_46
                0x00000000000004e6                __bad_interrupt
                0x00000000000004e6                __vector_6
                0x00000000000004e6                __vector_31
                0x00000000000004e6                __vector_35
                0x00000000000004e6                __vector_39
                0x00000000000004e6                __vector_23
                0x00000000000004e6                __vector_68
                0x00000000000004e6                __vector_30
                0x00000000000004e6                __vector_45
                0x00000000000004e6                __vector_25
                0x00000000000004e6                __vector_11
                0x00000000000004e6                __vector_54
                0x00000000000004e6                __vector_17
                0x00000000000004e6                __vector_19
                0x00000000000004e6                __vector_56
                0x00000000000004e6                __vector_7
                0x00000000000004e6                __vector_49
                0x00000000000004e6                __vector_41
                0x00000000000004e6                __vector_43
                0x00000000000004e6                __vector_27
                0x00000000000004e6                __vector_5
                0x00000000000004e6                __vector_33
                0x00000000000004e6                __vector_47
                0x00000000000004e6                __vector_52
                0x00000000000004e6                __vector_37
                0x00000000000004e6                __vector_4
                0x00000000000004e6                __vector_44
                0x00000000000004e6                __vector_51
                0x00000000000004e6                __vector_21
                0x00000000000004e6                __vector_66
                0x00000000000004e6                __vector_36
                0x00000000000004e6                __vector_70
                0x00000000000004e6                __vector_29
                0x00000000000004e6                __vector_40
                0x00000000000004e6                __vector_8
                0x00000000000004e6                __vector_26
                0x00000000000004e6                __vector_48
                0x00000000000004e6                __vector_14
                0x00000000000004e6                __vector_53
                0x00000000000004e6                __vector_10
                0x00000000000004e6                __vector_50
                0x00000000000004e6                __vector_16
                0x00000000000004e6                __vector_18
                0x00000000000004e6                __vector_20
                0x00000000000004e6                __vector_42
                0x00000000000004e6                __vector_38
 .text          0x00000000000004ea      0x4f6 main.o
                0x00000000000004ea                Task4
                0x000000000000052e                Task3
                0x0000000000000572                Task2
                0x00000000000005b6                Task1
                0x0000000000000688                nrk_create_taskset
                0x0000000000000932                kill_stack
 .text          0x00000000000009e0      0x932 ../../../src/radio/rf231_soc/source/basic_rf.o
                0x00000000000009f0                rf_enable_glossy
                0x00000000000009f8                rf_disable_glossy
                0x00000000000009fe                rf_power_down
                0x0000000000000a4a                rf_power_up
                0x0000000000000a76                rf_tx_power
                0x0000000000000a8a                rf_addr_decode_enable
                0x0000000000000a96                rf_addr_decode_disable
                0x0000000000000aa2                rf_auto_ack_enable
                0x0000000000000aae                rf_auto_ack_disable
                0x0000000000000aba                rf_addr_decode_set_my_mac
                0x0000000000000acc                rf_set_rx
                0x0000000000000ae6                rx_start_callback
                0x0000000000000af0                rx_end_callback
                0x0000000000000afa                rf_init
                0x0000000000000be0                rf_rx_on
                0x0000000000000be6                rf_polling_rx_on
                0x0000000000000bec                rf_rx_off
                0x0000000000000bf8                rf_tx_packet_repeat
                0x0000000000000e88                rf_tx_packet
                0x0000000000000e90                rf_cca_check
                0x0000000000000ef4                rf_rx_packet_nonblock
                0x000000000000100c                __vector_64
                0x000000000000102a                __vector_63
                0x000000000000104e                __vector_62
                0x000000000000106c                __vector_61
                0x000000000000108a                __vector_59
                0x00000000000010ea                __vector_58
                0x0000000000001108                __vector_57
                0x0000000000001126                rf_set_cca_thresh
                0x000000000000113a                rf_security_last_pkt_status
                0x000000000000113e                rf_security_set_ctr_counter
                0x0000000000001140                rf_security_set_key
                0x0000000000001142                rf_security_disable
                0x0000000000001144                rf_tx_tdma_packet
                0x0000000000001148                rf_get_sem
                0x0000000000001152                rf_rx_packet
                0x0000000000001156                rf_flush_rx_fifo
                0x0000000000001158                rf_busy
                0x000000000000115c                rf_rx_check_fifop
                0x0000000000001160                rf_rx_check_sfd
                0x0000000000001164                rf_carrier_on
                0x0000000000001166                rf_carrier_off
                0x0000000000001168                rf_test_mode
                0x000000000000116a                rf_data_mode
                0x000000000000116c                rf_rx_set_serial
                0x000000000000116e                rf_tx_set_serial
                0x0000000000001170                rf_set_preamble_length
                0x0000000000001172                rf_set_cca_mode
                0x0000000000001174                rf_cc2591_tx_on
                0x0000000000001190                rf_cc2591_rx_on
                0x00000000000011ac                rf_glossy_interrupt
                0x0000000000001288                __vector_60
 .text          0x0000000000001312      0x7ac ../../../src/platform/firefly3/source/ulib.o
                0x0000000000001312                getc0
                0x000000000000132a                putc0
                0x0000000000001342                nrk_uart_rx_signal_get
                0x0000000000001346                nrk_uart_data_ready
                0x0000000000001364                nrk_kprintf
                0x000000000000138a                PORT_INIT
                0x00000000000013a4                nrk_setup_ports
                0x00000000000013a8                nrk_gpio_set
                0x000000000000147e                nrk_gpio_clr
                0x0000000000001562                nrk_gpio_get
                0x00000000000015b8                nrk_gpio_toggle
                0x0000000000001790                nrk_gpio_direction
                0x0000000000001964                nrk_get_button
                0x0000000000001978                nrk_led_toggle
                0x00000000000019a6                nrk_led_clr
                0x00000000000019d4                nrk_led_set
                0x0000000000001a02                nrk_gpio_pullups
                0x0000000000001a16                putc1
                0x0000000000001a24                setup_uart0
                0x0000000000001a4e                setup_uart1
                0x0000000000001a78                nrk_setup_uart
                0x0000000000001aa6                getc1
 .text          0x0000000000001abe        0xe ../../../src/platform/firefly3/source/hal_wait.o
                0x0000000000001abe                halWait
 .text          0x0000000000001acc      0x130 ../../../src/platform/firefly3/source/nrk_eeprom.o
                0x0000000000001acc                nrk_eeprom_read_byte
                0x0000000000001ad0                nrk_eeprom_write_byte
                0x0000000000001ad6                read_eeprom_mac_address
                0x0000000000001b3c                read_eeprom_channel
                0x0000000000001b54                write_eeprom_load_img_pages
                0x0000000000001b64                read_eeprom_load_img_pages
                0x0000000000001b7c                read_eeprom_aes_key
                0x0000000000001ba8                write_eeprom_aes_key
                0x0000000000001bd4                read_eeprom_current_image_checksum
                0x0000000000001bec                write_eeprom_current_image_checksum
 .text          0x0000000000001bfc      0x39a ../../../src/kernel/source/nrk.o
                0x0000000000001bfc                nrk_int_disable
                0x0000000000001c00                nrk_int_enable
                0x0000000000001c04                nrk_halt
                0x0000000000001c0a                nrk_init
                0x0000000000001d88                nrk_start
                0x0000000000001e02                nrk_TCB_init
                0x0000000000001f8c                _nrk_timer_tick
                0x0000000000001f90                nrk_version
 .text          0x0000000000001f96      0x714 ../../../src/kernel/source/nrk_stats.o
                0x0000000000001f96                nrk_stats_reset
                0x000000000000200c                _nrk_stats_sleep
                0x0000000000002048                nrk_stats_get_deep_sleep
                0x000000000000207c                _nrk_stats_add_violation
                0x000000000000209e                _nrk_stats_task_start
                0x00000000000020e0                _nrk_stats_task_preempted
                0x000000000000215c                _nrk_stats_task_suspend
                0x000000000000224e                nrk_stats_display_pid
                0x00000000000025d0                nrk_stats_display_all
                0x00000000000025f6                nrk_stats_get
 .text          0x00000000000026aa      0x44a ../../../src/kernel/source/nrk_error.o
                0x00000000000026aa                _nrk_errno_set
                0x00000000000026b6                nrk_errno_get
                0x00000000000026c2                _nrk_log_error
                0x00000000000027be                nrk_error_get
                0x00000000000027da                nrk_error_print
                0x0000000000002904                nrk_kernel_error_add
                0x0000000000002932                nrk_error_add
                0x000000000000294c                pause
                0x0000000000002976                blink_dot
                0x000000000000298e                blink_dash
                0x00000000000029ae                blink_morse_code_error
 .text          0x0000000000002af4      0x1f2 ../../../src/kernel/source/nrk_stack_check.o
                0x0000000000002af4                dump_stack_info
                0x0000000000002c68                nrk_stack_check
                0x0000000000002cb2                nrk_stack_check_pid
 .text          0x0000000000002ce6      0x610 ../../../src/kernel/source/nrk_events.o
                0x0000000000002ce6                nrk_signal_create
                0x0000000000002d58                nrk_signal_get_registered_mask
                0x0000000000002d6a                nrk_signal_delete
                0x0000000000002e96                nrk_signal_unregister
                0x0000000000002f10                nrk_signal_register
                0x0000000000002f72                nrk_event_signal
                0x0000000000003054                nrk_event_wait
                0x00000000000030ce                nrk_sem_create
                0x00000000000030d4                nrk_get_resource_index
                0x00000000000030e2                nrk_sem_delete
                0x0000000000003134                nrk_sem_post
                0x000000000000320e                nrk_sem_pend
                0x00000000000032c4                nrk_sem_query
 .text          0x00000000000032f6      0x668 ../../../src/kernel/source/nrk_task.o
                0x00000000000032f6                nrk_get_high_ready_task_ID
                0x0000000000003302                nrk_print_readyQ
                0x0000000000003318                nrk_add_to_readyQ
                0x000000000000345c                nrk_rem_from_readyQ
                0x00000000000034fc                nrk_activate_task
                0x000000000000358a                nrk_set_next_wakeup
                0x00000000000035f6                _nrk_wait_for_scheduler
                0x000000000000360a                nrk_wait
                0x00000000000036b8                nrk_wait_until_nw
                0x0000000000003706                nrk_wait_until_ticks
                0x000000000000375c                nrk_wait_ticks
                0x00000000000037ca                nrk_wait_until_next_n_periods
                0x000000000000382c                nrk_wait_until_next_period
                0x0000000000003884                nrk_terminate_task
                0x00000000000038a6                nrk_wait_until
                0x0000000000003952                nrk_get_pid
 .text          0x000000000000395e      0x63a ../../../src/kernel/source/nrk_time.o
                0x000000000000395e                nrk_time_get
                0x0000000000003a16                nrk_time_sub
                0x0000000000003b40                nrk_time_compact_nanos
                0x0000000000003b84                nrk_time_add
                0x0000000000003c3a                nrk_time_set
                0x0000000000003c5c                _nrk_time_to_ticks
                0x0000000000003dcc                _nrk_ticks_to_time
                0x0000000000003e3a                _nrk_time_to_ticks_long
 .text          0x0000000000003f98       0x48 ../../../src/kernel/source/nrk_idle_task.o
                0x0000000000003f98                nrk_idle_task
 .text          0x0000000000003fe0      0x564 ../../../src/kernel/source/nrk_scheduler.o
                0x0000000000003fe0                _nrk_scheduler
 .text          0x0000000000004544        0x0 ../../../src/kernel/source/nrk_driver.o
 .text          0x0000000000004544        0x0 ../../../src/kernel/source/nrk_reserve.o
 .text          0x0000000000004544      0x29a ../../../src/kernel/source/nrk_sw_wdt.o
                0x0000000000004544                _nrk_sw_wdt_check
                0x0000000000004632                _nrk_sw_wdt_init
                0x0000000000004640                nrk_sw_wdt_init
                0x0000000000004686                nrk_sw_wdt_update
                0x0000000000004734                nrk_sw_wdt_start
                0x00000000000047c4                nrk_sw_wdt_stop
 .text          0x00000000000047de      0x396 ../../../src/kernel/hal/atmega128rfa1/nrk_timer.o
                0x00000000000047de                nrk_spin_wait_us
                0x00000000000047fc                _nrk_precision_os_timer_stop
                0x0000000000004802                _nrk_precision_os_timer_start
                0x0000000000004816                _nrk_precision_os_timer_reset
                0x0000000000004820                _nrk_precision_os_timer_get
                0x0000000000004846                _nrk_high_speed_timer_stop
                0x000000000000484c                _nrk_high_speed_timer_start
                0x0000000000004854                _nrk_high_speed_timer_reset
                0x0000000000004864                _nrk_high_speed_timer_get
                0x000000000000488a                nrk_high_speed_timer_wait
                0x00000000000048ea                _nrk_os_timer_stop
                0x0000000000004900                _nrk_os_timer_set
                0x0000000000004906                _nrk_os_timer_start
                0x0000000000004918                _nrk_os_timer_reset
                0x000000000000492c                _nrk_setup_timer
                0x00000000000049ae                _nrk_get_next_wakeup
                0x00000000000049b6                _nrk_set_next_wakeup
                0x00000000000049be                nrk_timer_int_stop
                0x00000000000049ca                nrk_timer_int_reset
                0x00000000000049de                nrk_timer_int_read
                0x00000000000049f4                nrk_timer_int_start
                0x0000000000004a06                nrk_timer_int_configure
                0x0000000000004a7c                _nrk_os_timer_get
                0x0000000000004a82                __vector_default
                0x0000000000004a96                __vector_13
                0x0000000000004a96                __vector_15
                0x0000000000004afc                __vector_32
                0x0000000000004b60                SIG_OUTPUT_COMPARE1A
 .text          0x0000000000004b74       0x4c ../../../src/kernel/hal/atmega128rfa1/nrk_status.o
                0x0000000000004b74                _nrk_startup_error
 .text          0x0000000000004bc0      0x3aa ../../../src/kernel/hal/atmega128rfa1/nrk_ext_int.o
                0x0000000000004bc0                nrk_ext_int_enable
                0x0000000000004c42                nrk_ext_int_disable
                0x0000000000004cc4                nrk_ext_int_configure
                0x0000000000004dda                __vector_9
                0x0000000000004e3e                __vector_1
                0x0000000000004ea2                __vector_2
                0x0000000000004f06                __vector_3
 .text          0x0000000000004f6a       0x4c ../../../src/kernel/hal/atmega128rfa1/nrk_watchdog.o
                0x0000000000004f6a                nrk_watchdog_disable
                0x0000000000004f86                nrk_watchdog_enable
                0x0000000000004fa4                nrk_watchdog_check
                0x0000000000004fb2                nrk_watchdog_reset
 .text          0x0000000000004fb6      0x148 ../../../src/kernel/hal/atmega128rfa1/nrk_cpu.o
                0x0000000000004fb6                nrk_battery_save
                0x0000000000004fb8                nrk_sleep
                0x0000000000004fd0                nrk_idle
                0x0000000000004fe6                nrk_task_set_entry_function
                0x0000000000004fee                nrk_task_set_stk
                0x000000000000502c                nrk_task_stk_init
                0x00000000000050ca                nrk_stack_pointer_init
                0x00000000000050e8                nrk_stack_pointer_restore
                0x00000000000050f6                nrk_target_start
 .text          0x00000000000050fe       0x56 ../../../src/kernel/hal/atmega128rfa1/atmel_hw_specific.o
                0x00000000000050fe                nrk_start_high_ready_task
 .text          0x0000000000005154        0x0 /opt/local/lib/gcc/avr/4.7.2/../../../../avr/lib/avr51/libprintf_min.a(vfprintf_min.o)
 .text          0x0000000000005154        0x0 /opt/local/lib/gcc/avr/4.7.2/avr51/libgcc.a(_muluhisi3.o)
 .text          0x0000000000005154        0x0 /opt/local/lib/gcc/avr/4.7.2/avr51/libgcc.a(_mulsi3.o)
 .text          0x0000000000005154        0x0 /opt/local/lib/gcc/avr/4.7.2/avr51/libgcc.a(_udivmodhi4.o)
 .text          0x0000000000005154        0x0 /opt/local/lib/gcc/avr/4.7.2/avr51/libgcc.a(_udivmodsi4.o)
 .text          0x0000000000005154        0x0 /opt/local/lib/gcc/avr/4.7.2/avr51/libgcc.a(_udivdi3.o)
 .text          0x0000000000005154        0x0 /opt/local/lib/gcc/avr/4.7.2/avr51/libgcc.a(_udivmod64.o)
 .text          0x0000000000005154        0x0 /opt/local/lib/gcc/avr/4.7.2/avr51/libgcc.a(_exit.o)
 .text          0x0000000000005154        0x0 /opt/local/lib/gcc/avr/4.7.2/avr51/libgcc.a(_tablejump.o)
 .text          0x0000000000005154        0x0 /opt/local/lib/gcc/avr/4.7.2/avr51/libgcc.a(_copy_data.o)
 .text          0x0000000000005154        0x0 /opt/local/lib/gcc/avr/4.7.2/avr51/libgcc.a(_clear_bss.o)
 .text          0x0000000000005154        0x0 /opt/local/lib/gcc/avr/4.7.2/avr51/libgcc.a(_adddi3.o)
 .text          0x0000000000005154        0x0 /opt/local/lib/gcc/avr/4.7.2/avr51/libgcc.a(_umulhisi3.o)
 .text          0x0000000000005154        0x0 /opt/local/lib/gcc/avr/4.7.2/../../../../avr/lib/avr51/libc.a(strchr_P.o)
 .text          0x0000000000005154        0x0 /opt/local/lib/gcc/avr/4.7.2/../../../../avr/lib/avr51/libc.a(memcpy.o)
 .text          0x0000000000005154        0x0 /opt/local/lib/gcc/avr/4.7.2/../../../../avr/lib/avr51/libc.a(fdevopen.o)
 .text          0x0000000000005154        0x0 /opt/local/lib/gcc/avr/4.7.2/../../../../avr/lib/avr51/libc.a(fputc.o)
 .text          0x0000000000005154        0x0 /opt/local/lib/gcc/avr/4.7.2/../../../../avr/lib/avr51/libc.a(iob.o)
 .text          0x0000000000005154        0x0 /opt/local/lib/gcc/avr/4.7.2/../../../../avr/lib/avr51/libc.a(printf.o)
 .text          0x0000000000005154        0x0 /opt/local/lib/gcc/avr/4.7.2/../../../../avr/lib/avr51/libc.a(putchar.o)
 .text          0x0000000000005154        0x0 /opt/local/lib/gcc/avr/4.7.2/../../../../avr/lib/avr51/libc.a(puts.o)
 .text          0x0000000000005154        0x0 /opt/local/lib/gcc/avr/4.7.2/../../../../avr/lib/avr51/libc.a(sprintf.o)
 .text          0x0000000000005154        0x0 /opt/local/lib/gcc/avr/4.7.2/../../../../avr/lib/avr51/libc.a(ultoa_invert.o)
 .text          0x0000000000005154        0x0 /opt/local/lib/gcc/avr/4.7.2/../../../../avr/lib/avr51/libc.a(eerd_byte_atmega128rfa1.o)
 .text          0x0000000000005154        0x0 /opt/local/lib/gcc/avr/4.7.2/../../../../avr/lib/avr51/libc.a(eewr_byte_atmega128rfa1.o)
 .text          0x0000000000005154        0x0 /opt/local/lib/gcc/avr/4.7.2/../../../../avr/lib/avr51/libc.a(calloc.o)
 .text          0x0000000000005154        0x0 /opt/local/lib/gcc/avr/4.7.2/../../../../avr/lib/avr51/libc.a(malloc.o)
 .text          0x0000000000005154        0x0 /opt/local/lib/gcc/avr/4.7.2/../../../../avr/lib/avr51/libc.a(memset.o)
                0x0000000000005154                . = ALIGN (0x2)
 *(.text.*)
 .text.startup  0x0000000000005154       0x4e main.o
                0x0000000000005154                main
 .text.avr-libc
                0x00000000000051a2      0x292 /opt/local/lib/gcc/avr/4.7.2/../../../../avr/lib/avr51/libprintf_min.a(vfprintf_min.o)
                0x00000000000051a2                vfprintf
 .text.libgcc.mul
                0x0000000000005434       0x16 /opt/local/lib/gcc/avr/4.7.2/avr51/libgcc.a(_muluhisi3.o)
                0x0000000000005434                __muluhisi3
 .text.libgcc.div
                0x000000000000544a        0x0 /opt/local/lib/gcc/avr/4.7.2/avr51/libgcc.a(_muluhisi3.o)
 .text.libgcc   0x000000000000544a        0x0 /opt/local/lib/gcc/avr/4.7.2/avr51/libgcc.a(_muluhisi3.o)
 .text.libgcc.prologue
                0x000000000000544a        0x0 /opt/local/lib/gcc/avr/4.7.2/avr51/libgcc.a(_muluhisi3.o)
 .text.libgcc.builtins
                0x000000000000544a        0x0 /opt/local/lib/gcc/avr/4.7.2/avr51/libgcc.a(_muluhisi3.o)
 .text.libgcc.fmul
                0x000000000000544a        0x0 /opt/local/lib/gcc/avr/4.7.2/avr51/libgcc.a(_muluhisi3.o)
 .text.libgcc.mul
                0x000000000000544a       0x20 /opt/local/lib/gcc/avr/4.7.2/avr51/libgcc.a(_mulsi3.o)
                0x000000000000544a                __mulsi3
 .text.libgcc.div
                0x000000000000546a        0x0 /opt/local/lib/gcc/avr/4.7.2/avr51/libgcc.a(_mulsi3.o)
 .text.libgcc   0x000000000000546a        0x0 /opt/local/lib/gcc/avr/4.7.2/avr51/libgcc.a(_mulsi3.o)
 .text.libgcc.prologue
                0x000000000000546a        0x0 /opt/local/lib/gcc/avr/4.7.2/avr51/libgcc.a(_mulsi3.o)
 .text.libgcc.builtins
                0x000000000000546a        0x0 /opt/local/lib/gcc/avr/4.7.2/avr51/libgcc.a(_mulsi3.o)
 .text.libgcc.fmul
                0x000000000000546a        0x0 /opt/local/lib/gcc/avr/4.7.2/avr51/libgcc.a(_mulsi3.o)
 .text.libgcc.mul
                0x000000000000546a        0x0 /opt/local/lib/gcc/avr/4.7.2/avr51/libgcc.a(_udivmodhi4.o)
 .text.libgcc.div
                0x000000000000546a       0x28 /opt/local/lib/gcc/avr/4.7.2/avr51/libgcc.a(_udivmodhi4.o)
                0x000000000000546a                __udivmodhi4
 .text.libgcc   0x0000000000005492        0x0 /opt/local/lib/gcc/avr/4.7.2/avr51/libgcc.a(_udivmodhi4.o)
 .text.libgcc.prologue
                0x0000000000005492        0x0 /opt/local/lib/gcc/avr/4.7.2/avr51/libgcc.a(_udivmodhi4.o)
 .text.libgcc.builtins
                0x0000000000005492        0x0 /opt/local/lib/gcc/avr/4.7.2/avr51/libgcc.a(_udivmodhi4.o)
 .text.libgcc.fmul
                0x0000000000005492        0x0 /opt/local/lib/gcc/avr/4.7.2/avr51/libgcc.a(_udivmodhi4.o)
 .text.libgcc.mul
                0x0000000000005492        0x0 /opt/local/lib/gcc/avr/4.7.2/avr51/libgcc.a(_udivmodsi4.o)
 .text.libgcc.div
                0x0000000000005492       0x44 /opt/local/lib/gcc/avr/4.7.2/avr51/libgcc.a(_udivmodsi4.o)
                0x0000000000005492                __udivmodsi4
 .text.libgcc   0x00000000000054d6        0x0 /opt/local/lib/gcc/avr/4.7.2/avr51/libgcc.a(_udivmodsi4.o)
 .text.libgcc.prologue
                0x00000000000054d6        0x0 /opt/local/lib/gcc/avr/4.7.2/avr51/libgcc.a(_udivmodsi4.o)
 .text.libgcc.builtins
                0x00000000000054d6        0x0 /opt/local/lib/gcc/avr/4.7.2/avr51/libgcc.a(_udivmodsi4.o)
 .text.libgcc.fmul
                0x00000000000054d6        0x0 /opt/local/lib/gcc/avr/4.7.2/avr51/libgcc.a(_udivmodsi4.o)
 .text.libgcc.mul
                0x00000000000054d6        0x0 /opt/local/lib/gcc/avr/4.7.2/avr51/libgcc.a(_udivdi3.o)
 .text.libgcc.div
                0x00000000000054d6       0x1c /opt/local/lib/gcc/avr/4.7.2/avr51/libgcc.a(_udivdi3.o)
                0x00000000000054d6                __umoddi3
                0x00000000000054da                __udivdi3
                0x00000000000054dc                __udivdi3_umoddi3
 .text.libgcc   0x00000000000054f2        0x0 /opt/local/lib/gcc/avr/4.7.2/avr51/libgcc.a(_udivdi3.o)
 .text.libgcc.prologue
                0x00000000000054f2        0x0 /opt/local/lib/gcc/avr/4.7.2/avr51/libgcc.a(_udivdi3.o)
 .text.libgcc.builtins
                0x00000000000054f2        0x0 /opt/local/lib/gcc/avr/4.7.2/avr51/libgcc.a(_udivdi3.o)
 .text.libgcc.fmul
                0x00000000000054f2        0x0 /opt/local/lib/gcc/avr/4.7.2/avr51/libgcc.a(_udivdi3.o)
 .text.libgcc.mul
                0x00000000000054f2        0x0 /opt/local/lib/gcc/avr/4.7.2/avr51/libgcc.a(_udivmod64.o)
 .text.libgcc.div
                0x00000000000054f2       0xa2 /opt/local/lib/gcc/avr/4.7.2/avr51/libgcc.a(_udivmod64.o)
                0x00000000000054f2                __udivmod64
 .text.libgcc   0x0000000000005594        0x0 /opt/local/lib/gcc/avr/4.7.2/avr51/libgcc.a(_udivmod64.o)
 .text.libgcc.prologue
                0x0000000000005594        0x0 /opt/local/lib/gcc/avr/4.7.2/avr51/libgcc.a(_udivmod64.o)
 .text.libgcc.builtins
                0x0000000000005594        0x0 /opt/local/lib/gcc/avr/4.7.2/avr51/libgcc.a(_udivmod64.o)
 .text.libgcc.fmul
                0x0000000000005594        0x0 /opt/local/lib/gcc/avr/4.7.2/avr51/libgcc.a(_udivmod64.o)
 .text.libgcc.mul
                0x0000000000005594        0x0 /opt/local/lib/gcc/avr/4.7.2/avr51/libgcc.a(_exit.o)
 .text.libgcc.div
                0x0000000000005594        0x0 /opt/local/lib/gcc/avr/4.7.2/avr51/libgcc.a(_exit.o)
 .text.libgcc   0x0000000000005594        0x0 /opt/local/lib/gcc/avr/4.7.2/avr51/libgcc.a(_exit.o)
 .text.libgcc.prologue
                0x0000000000005594        0x0 /opt/local/lib/gcc/avr/4.7.2/avr51/libgcc.a(_exit.o)
 .text.libgcc.builtins
                0x0000000000005594        0x0 /opt/local/lib/gcc/avr/4.7.2/avr51/libgcc.a(_exit.o)
 .text.libgcc.fmul
                0x0000000000005594        0x0 /opt/local/lib/gcc/avr/4.7.2/avr51/libgcc.a(_exit.o)
 .text.libgcc.mul
                0x0000000000005594        0x0 /opt/local/lib/gcc/avr/4.7.2/avr51/libgcc.a(_tablejump.o)
 .text.libgcc.div
                0x0000000000005594        0x0 /opt/local/lib/gcc/avr/4.7.2/avr51/libgcc.a(_tablejump.o)
 .text.libgcc   0x0000000000005594        0xc /opt/local/lib/gcc/avr/4.7.2/avr51/libgcc.a(_tablejump.o)
                0x0000000000005594                __tablejump2__
                0x0000000000005598                __tablejump__
 .text.libgcc.prologue
                0x00000000000055a0        0x0 /opt/local/lib/gcc/avr/4.7.2/avr51/libgcc.a(_tablejump.o)
 .text.libgcc.builtins
                0x00000000000055a0        0x0 /opt/local/lib/gcc/avr/4.7.2/avr51/libgcc.a(_tablejump.o)
 .text.libgcc.fmul
                0x00000000000055a0        0x0 /opt/local/lib/gcc/avr/4.7.2/avr51/libgcc.a(_tablejump.o)
 .text.libgcc.mul
                0x00000000000055a0        0x0 /opt/local/lib/gcc/avr/4.7.2/avr51/libgcc.a(_copy_data.o)
 .text.libgcc.div
                0x00000000000055a0        0x0 /opt/local/lib/gcc/avr/4.7.2/avr51/libgcc.a(_copy_data.o)
 .text.libgcc   0x00000000000055a0        0x0 /opt/local/lib/gcc/avr/4.7.2/avr51/libgcc.a(_copy_data.o)
 .text.libgcc.prologue
                0x00000000000055a0        0x0 /opt/local/lib/gcc/avr/4.7.2/avr51/libgcc.a(_copy_data.o)
 .text.libgcc.builtins
                0x00000000000055a0        0x0 /opt/local/lib/gcc/avr/4.7.2/avr51/libgcc.a(_copy_data.o)
 .text.libgcc.fmul
                0x00000000000055a0        0x0 /opt/local/lib/gcc/avr/4.7.2/avr51/libgcc.a(_copy_data.o)
 .text.libgcc.mul
                0x00000000000055a0        0x0 /opt/local/lib/gcc/avr/4.7.2/avr51/libgcc.a(_clear_bss.o)
 .text.libgcc.div
                0x00000000000055a0        0x0 /opt/local/lib/gcc/avr/4.7.2/avr51/libgcc.a(_clear_bss.o)
 .text.libgcc   0x00000000000055a0        0x0 /opt/local/lib/gcc/avr/4.7.2/avr51/libgcc.a(_clear_bss.o)
 .text.libgcc.prologue
                0x00000000000055a0        0x0 /opt/local/lib/gcc/avr/4.7.2/avr51/libgcc.a(_clear_bss.o)
 .text.libgcc.builtins
                0x00000000000055a0        0x0 /opt/local/lib/gcc/avr/4.7.2/avr51/libgcc.a(_clear_bss.o)
 .text.libgcc.fmul
                0x00000000000055a0        0x0 /opt/local/lib/gcc/avr/4.7.2/avr51/libgcc.a(_clear_bss.o)
 .text.libgcc.mul
                0x00000000000055a0        0x0 /opt/local/lib/gcc/avr/4.7.2/avr51/libgcc.a(_adddi3.o)
 .text.libgcc.div
                0x00000000000055a0        0x0 /opt/local/lib/gcc/avr/4.7.2/avr51/libgcc.a(_adddi3.o)
 .text.libgcc   0x00000000000055a0       0x12 /opt/local/lib/gcc/avr/4.7.2/avr51/libgcc.a(_adddi3.o)
                0x00000000000055a0                __adddi3
 .text.libgcc.prologue
                0x00000000000055b2        0x0 /opt/local/lib/gcc/avr/4.7.2/avr51/libgcc.a(_adddi3.o)
 .text.libgcc.builtins
                0x00000000000055b2        0x0 /opt/local/lib/gcc/avr/4.7.2/avr51/libgcc.a(_adddi3.o)
 .text.libgcc.fmul
                0x00000000000055b2        0x0 /opt/local/lib/gcc/avr/4.7.2/avr51/libgcc.a(_adddi3.o)
 .text.libgcc.mul
                0x00000000000055b2       0x18 /opt/local/lib/gcc/avr/4.7.2/avr51/libgcc.a(_umulhisi3.o)
                0x00000000000055b2                __umulhisi3
 .text.libgcc.div
                0x00000000000055ca        0x0 /opt/local/lib/gcc/avr/4.7.2/avr51/libgcc.a(_umulhisi3.o)
 .text.libgcc   0x00000000000055ca        0x0 /opt/local/lib/gcc/avr/4.7.2/avr51/libgcc.a(_umulhisi3.o)
 .text.libgcc.prologue
                0x00000000000055ca        0x0 /opt/local/lib/gcc/avr/4.7.2/avr51/libgcc.a(_umulhisi3.o)
 .text.libgcc.builtins
                0x00000000000055ca        0x0 /opt/local/lib/gcc/avr/4.7.2/avr51/libgcc.a(_umulhisi3.o)
 .text.libgcc.fmul
                0x00000000000055ca        0x0 /opt/local/lib/gcc/avr/4.7.2/avr51/libgcc.a(_umulhisi3.o)
 .text.avr-libc
                0x00000000000055ca       0x16 /opt/local/lib/gcc/avr/4.7.2/../../../../avr/lib/avr51/libc.a(strchr_P.o)
                0x00000000000055ca                strchr_P
 .text.avr-libc
                0x00000000000055e0       0x12 /opt/local/lib/gcc/avr/4.7.2/../../../../avr/lib/avr51/libc.a(memcpy.o)
                0x00000000000055e0                memcpy
 .text.avr-libc
                0x00000000000055f2       0x96 /opt/local/lib/gcc/avr/4.7.2/../../../../avr/lib/avr51/libc.a(fdevopen.o)
                0x00000000000055f2                fdevopen
 .text.avr-libc
                0x0000000000005688       0x58 /opt/local/lib/gcc/avr/4.7.2/../../../../avr/lib/avr51/libc.a(fputc.o)
                0x0000000000005688                fputc
 .text.avr-libc
                0x00000000000056e0       0x2e /opt/local/lib/gcc/avr/4.7.2/../../../../avr/lib/avr51/libc.a(printf.o)
                0x00000000000056e0                printf
 .text.avr-libc
                0x000000000000570e        0xc /opt/local/lib/gcc/avr/4.7.2/../../../../avr/lib/avr51/libc.a(putchar.o)
                0x000000000000570e                putchar
 .text.avr-libc
                0x000000000000571a       0x5e /opt/local/lib/gcc/avr/4.7.2/../../../../avr/lib/avr51/libc.a(puts.o)
                0x000000000000571a                puts
 .text.avr-libc
                0x0000000000005778       0x62 /opt/local/lib/gcc/avr/4.7.2/../../../../avr/lib/avr51/libc.a(sprintf.o)
                0x0000000000005778                sprintf
 .text.avr-libc
                0x00000000000057da       0xbc /opt/local/lib/gcc/avr/4.7.2/../../../../avr/lib/avr51/libc.a(ultoa_invert.o)
                0x00000000000057da                __ultoa_invert
 .text.avr-libc
                0x0000000000005896       0x10 /opt/local/lib/gcc/avr/4.7.2/../../../../avr/lib/avr51/libc.a(eerd_byte_atmega128rfa1.o)
                0x0000000000005896                __eerd_byte_m128rfa1
 .text.avr-libc
                0x00000000000058a6       0x1c /opt/local/lib/gcc/avr/4.7.2/../../../../avr/lib/avr51/libc.a(eewr_byte_atmega128rfa1.o)
                0x00000000000058a6                __eewr_byte_m128rfa1
                0x00000000000058a8                __eewr_r18_m128rfa1
 .text.avr-libc
                0x00000000000058c2       0x3c /opt/local/lib/gcc/avr/4.7.2/../../../../avr/lib/avr51/libc.a(calloc.o)
                0x00000000000058c2                calloc
 .text.avr-libc
                0x00000000000058fe      0x272 /opt/local/lib/gcc/avr/4.7.2/../../../../avr/lib/avr51/libc.a(malloc.o)
                0x00000000000058fe                malloc
                0x0000000000005a34                free
 .text.avr-libc
                0x0000000000005b70        0xe /opt/local/lib/gcc/avr/4.7.2/../../../../avr/lib/avr51/libc.a(memset.o)
                0x0000000000005b70                memset
                0x0000000000005b7e                . = ALIGN (0x2)
 *(.fini9)
 .fini9         0x0000000000005b7e        0x0 /opt/local/lib/gcc/avr/4.7.2/avr51/libgcc.a(_exit.o)
                0x0000000000005b7e                exit
                0x0000000000005b7e                _exit
 *(.fini9)
 *(.fini8)
 *(.fini8)
 *(.fini7)
 *(.fini7)
 *(.fini6)
 *(.fini6)
 *(.fini5)
 *(.fini5)
 *(.fini4)
 *(.fini4)
 *(.fini3)
 *(.fini3)
 *(.fini2)
 *(.fini2)
 *(.fini1)
 *(.fini1)
 *(.fini0)
 .fini0         0x0000000000005b7e        0x4 /opt/local/lib/gcc/avr/4.7.2/avr51/libgcc.a(_exit.o)
 *(.fini0)
                0x0000000000005b82                _etext = .

.data           0x0000000000800200      0x176 load address 0x0000000000005b82
                0x0000000000800200                PROVIDE (__data_start, .)
 *(.data)
 .data          0x0000000000800200        0x0 /opt/local/lib/gcc/avr/4.7.2/../../../../avr/lib/avr51/crtm128rfa1.o
 .data          0x0000000000800200        0x0 main.o
 .data          0x0000000000800200        0x0 ../../../src/radio/rf231_soc/source/basic_rf.o
 .data          0x0000000000800200        0x0 ../../../src/platform/firefly3/source/ulib.o
 .data          0x0000000000800200        0x0 ../../../src/platform/firefly3/source/hal_wait.o
 .data          0x0000000000800200        0x0 ../../../src/platform/firefly3/source/nrk_eeprom.o
 .data          0x0000000000800200        0x0 ../../../src/kernel/source/nrk.o
 .data          0x0000000000800200        0x0 ../../../src/kernel/source/nrk_stats.o
 .data          0x0000000000800200        0x0 ../../../src/kernel/source/nrk_error.o
 .data          0x0000000000800200        0x0 ../../../src/kernel/source/nrk_stack_check.o
 .data          0x0000000000800200        0x0 ../../../src/kernel/source/nrk_events.o
 .data          0x0000000000800200        0x0 ../../../src/kernel/source/nrk_task.o
 .data          0x0000000000800200        0x0 ../../../src/kernel/source/nrk_time.o
 .data          0x0000000000800200        0x0 ../../../src/kernel/source/nrk_idle_task.o
 .data          0x0000000000800200        0x0 ../../../src/kernel/source/nrk_scheduler.o
 .data          0x0000000000800200        0x0 ../../../src/kernel/source/nrk_driver.o
 .data          0x0000000000800200        0x0 ../../../src/kernel/source/nrk_reserve.o
 .data          0x0000000000800200        0x0 ../../../src/kernel/source/nrk_sw_wdt.o
 .data          0x0000000000800200        0x0 ../../../src/kernel/hal/atmega128rfa1/nrk_timer.o
 .data          0x0000000000800200        0x0 ../../../src/kernel/hal/atmega128rfa1/nrk_status.o
 .data          0x0000000000800200        0x0 ../../../src/kernel/hal/atmega128rfa1/nrk_ext_int.o
 .data          0x0000000000800200        0x0 ../../../src/kernel/hal/atmega128rfa1/nrk_watchdog.o
 .data          0x0000000000800200        0x0 ../../../src/kernel/hal/atmega128rfa1/nrk_cpu.o
 .data          0x0000000000800200        0x0 ../../../src/kernel/hal/atmega128rfa1/atmel_hw_specific.o
 .data          0x0000000000800200        0x0 /opt/local/lib/gcc/avr/4.7.2/../../../../avr/lib/avr51/libprintf_min.a(vfprintf_min.o)
 .data          0x0000000000800200        0x0 /opt/local/lib/gcc/avr/4.7.2/avr51/libgcc.a(_muluhisi3.o)
 .data          0x0000000000800200        0x0 /opt/local/lib/gcc/avr/4.7.2/avr51/libgcc.a(_mulsi3.o)
 .data          0x0000000000800200        0x0 /opt/local/lib/gcc/avr/4.7.2/avr51/libgcc.a(_udivmodhi4.o)
 .data          0x0000000000800200        0x0 /opt/local/lib/gcc/avr/4.7.2/avr51/libgcc.a(_udivmodsi4.o)
 .data          0x0000000000800200        0x0 /opt/local/lib/gcc/avr/4.7.2/avr51/libgcc.a(_udivdi3.o)
 .data          0x0000000000800200        0x0 /opt/local/lib/gcc/avr/4.7.2/avr51/libgcc.a(_udivmod64.o)
 .data          0x0000000000800200        0x0 /opt/local/lib/gcc/avr/4.7.2/avr51/libgcc.a(_exit.o)
 .data          0x0000000000800200        0x0 /opt/local/lib/gcc/avr/4.7.2/avr51/libgcc.a(_tablejump.o)
 .data          0x0000000000800200        0x0 /opt/local/lib/gcc/avr/4.7.2/avr51/libgcc.a(_copy_data.o)
 .data          0x0000000000800200        0x0 /opt/local/lib/gcc/avr/4.7.2/avr51/libgcc.a(_clear_bss.o)
 .data          0x0000000000800200        0x0 /opt/local/lib/gcc/avr/4.7.2/avr51/libgcc.a(_adddi3.o)
 .data          0x0000000000800200        0x0 /opt/local/lib/gcc/avr/4.7.2/avr51/libgcc.a(_umulhisi3.o)
 .data          0x0000000000800200        0x0 /opt/local/lib/gcc/avr/4.7.2/../../../../avr/lib/avr51/libc.a(strchr_P.o)
 .data          0x0000000000800200        0x0 /opt/local/lib/gcc/avr/4.7.2/../../../../avr/lib/avr51/libc.a(memcpy.o)
 .data          0x0000000000800200        0x0 /opt/local/lib/gcc/avr/4.7.2/../../../../avr/lib/avr51/libc.a(fdevopen.o)
 .data          0x0000000000800200        0x0 /opt/local/lib/gcc/avr/4.7.2/../../../../avr/lib/avr51/libc.a(fputc.o)
 .data          0x0000000000800200        0x0 /opt/local/lib/gcc/avr/4.7.2/../../../../avr/lib/avr51/libc.a(iob.o)
 .data          0x0000000000800200        0x0 /opt/local/lib/gcc/avr/4.7.2/../../../../avr/lib/avr51/libc.a(printf.o)
 .data          0x0000000000800200        0x0 /opt/local/lib/gcc/avr/4.7.2/../../../../avr/lib/avr51/libc.a(putchar.o)
 .data          0x0000000000800200        0x0 /opt/local/lib/gcc/avr/4.7.2/../../../../avr/lib/avr51/libc.a(puts.o)
 .data          0x0000000000800200        0x0 /opt/local/lib/gcc/avr/4.7.2/../../../../avr/lib/avr51/libc.a(sprintf.o)
 .data          0x0000000000800200        0x0 /opt/local/lib/gcc/avr/4.7.2/../../../../avr/lib/avr51/libc.a(ultoa_invert.o)
 .data          0x0000000000800200        0x0 /opt/local/lib/gcc/avr/4.7.2/../../../../avr/lib/avr51/libc.a(eerd_byte_atmega128rfa1.o)
 .data          0x0000000000800200        0x0 /opt/local/lib/gcc/avr/4.7.2/../../../../avr/lib/avr51/libc.a(eewr_byte_atmega128rfa1.o)
 .data          0x0000000000800200        0x0 /opt/local/lib/gcc/avr/4.7.2/../../../../avr/lib/avr51/libc.a(calloc.o)
 .data          0x0000000000800200        0x6 /opt/local/lib/gcc/avr/4.7.2/../../../../avr/lib/avr51/libc.a(malloc.o)
                0x0000000000800200                __malloc_heap_end
                0x0000000000800202                __malloc_heap_start
                0x0000000000800204                __malloc_margin
 .data          0x0000000000800206        0x0 /opt/local/lib/gcc/avr/4.7.2/../../../../avr/lib/avr51/libc.a(memset.o)
 *(.data*)
 *(.rodata)
 .rodata        0x0000000000800206       0x1a ../../../src/platform/firefly3/source/ulib.o
                0x0000000000800206                NRK_ADC_INPUT_7
                0x0000000000800207                NRK_ADC_INPUT_6
                0x0000000000800208                NRK_ADC_INPUT_5
                0x0000000000800209                NRK_ADC_INPUT_4
                0x000000000080020a                NRK_ADC_INPUT_3
                0x000000000080020b                NRK_ADC_INPUT_2
                0x000000000080020c                NRK_ADC_INPUT_1
                0x000000000080020d                NRK_ADC_INPUT_0
                0x000000000080020e                NRK_GPIO34
                0x000000000080020f                NRK_UART0_TXD
                0x0000000000800210                NRK_UART0_RXD
                0x0000000000800211                NRK_LED_3
                0x0000000000800212                NRK_LED_2
                0x0000000000800213                NRK_LED_1
                0x0000000000800214                NRK_LED_0
                0x0000000000800215                NRK_UART1_TXD
                0x0000000000800216                NRK_UART1_RXD
                0x0000000000800217                NRK_BUTTON
                0x0000000000800218                NRK_MMC_9
                0x0000000000800219                NRK_MMC_10
                0x000000000080021a                NRK_MMC_11
                0x000000000080021b                NRK_GPIO26
                0x000000000080021c                NRK_MISO
                0x000000000080021d                NRK_MOSI
                0x000000000080021e                NRK_SCK
                0x000000000080021f                NRK_SPI_SS
 *(.rodata*)
 .rodata.str1.1
                0x0000000000800220       0x65 main.o
                                         0x73 (size before relaxing)
 .rodata.str1.1
                0x0000000000800285       0x83 ../../../src/radio/rf231_soc/source/basic_rf.o
 .rodata.str1.1
                0x0000000000800308       0x2c ../../../src/kernel/source/nrk_stats.o
 .rodata.str1.1
                0x0000000000000000        0x3 ../../../src/kernel/source/nrk_error.o
 .rodata.str1.1
                0x0000000000800334       0x41 ../../../src/kernel/source/nrk_stack_check.o
                                         0x4e (size before relaxing)
 *(.gnu.linkonce.d*)
                0x0000000000800376                . = ALIGN (0x2)
 *fill*         0x0000000000800375        0x1 
                0x0000000000800376                _edata = .
                0x0000000000800376                PROVIDE (__data_end, .)

.bss            0x0000000000800376      0x519
                0x0000000000800376                PROVIDE (__bss_start, .)
 *(.bss)
 .bss           0x0000000000800376        0x0 /opt/local/lib/gcc/avr/4.7.2/../../../../avr/lib/avr51/crtm128rfa1.o
 .bss           0x0000000000800376        0x0 main.o
 .bss           0x0000000000800376        0x4 ../../../src/radio/rf231_soc/source/basic_rf.o
                0x0000000000800376                rx_end_func
                0x0000000000800378                rx_start_func
 .bss           0x000000000080037a        0x0 ../../../src/platform/firefly3/source/ulib.o
 .bss           0x000000000080037a        0x0 ../../../src/platform/firefly3/source/hal_wait.o
 .bss           0x000000000080037a        0x0 ../../../src/platform/firefly3/source/nrk_eeprom.o
 .bss           0x000000000080037a        0x0 ../../../src/kernel/source/nrk.o
 .bss           0x000000000080037a        0x0 ../../../src/kernel/source/nrk_stats.o
 .bss           0x000000000080037a        0x1 ../../../src/kernel/source/nrk_error.o
 .bss           0x000000000080037b        0x0 ../../../src/kernel/source/nrk_stack_check.o
 .bss           0x000000000080037b        0x0 ../../../src/kernel/source/nrk_events.o
 .bss           0x000000000080037b        0x0 ../../../src/kernel/source/nrk_task.o
 .bss           0x000000000080037b        0x0 ../../../src/kernel/source/nrk_time.o
 .bss           0x000000000080037b        0x0 ../../../src/kernel/source/nrk_idle_task.o
 .bss           0x000000000080037b        0x0 ../../../src/kernel/source/nrk_scheduler.o
 .bss           0x000000000080037b        0x0 ../../../src/kernel/source/nrk_driver.o
 .bss           0x000000000080037b        0x0 ../../../src/kernel/source/nrk_reserve.o
 .bss           0x000000000080037b        0x0 ../../../src/kernel/source/nrk_sw_wdt.o
 .bss           0x000000000080037b        0x0 ../../../src/kernel/hal/atmega128rfa1/nrk_timer.o
 .bss           0x000000000080037b        0x0 ../../../src/kernel/hal/atmega128rfa1/nrk_status.o
 .bss           0x000000000080037b        0x0 ../../../src/kernel/hal/atmega128rfa1/nrk_ext_int.o
 .bss           0x000000000080037b        0x0 ../../../src/kernel/hal/atmega128rfa1/nrk_watchdog.o
 .bss           0x000000000080037b        0x0 ../../../src/kernel/hal/atmega128rfa1/nrk_cpu.o
 .bss           0x000000000080037b        0x0 ../../../src/kernel/hal/atmega128rfa1/atmel_hw_specific.o
 .bss           0x000000000080037b        0x0 /opt/local/lib/gcc/avr/4.7.2/../../../../avr/lib/avr51/libprintf_min.a(vfprintf_min.o)
 .bss           0x000000000080037b        0x0 /opt/local/lib/gcc/avr/4.7.2/avr51/libgcc.a(_muluhisi3.o)
 .bss           0x000000000080037b        0x0 /opt/local/lib/gcc/avr/4.7.2/avr51/libgcc.a(_mulsi3.o)
 .bss           0x000000000080037b        0x0 /opt/local/lib/gcc/avr/4.7.2/avr51/libgcc.a(_udivmodhi4.o)
 .bss           0x000000000080037b        0x0 /opt/local/lib/gcc/avr/4.7.2/avr51/libgcc.a(_udivmodsi4.o)
 .bss           0x000000000080037b        0x0 /opt/local/lib/gcc/avr/4.7.2/avr51/libgcc.a(_udivdi3.o)
 .bss           0x000000000080037b        0x0 /opt/local/lib/gcc/avr/4.7.2/avr51/libgcc.a(_udivmod64.o)
 .bss           0x000000000080037b        0x0 /opt/local/lib/gcc/avr/4.7.2/avr51/libgcc.a(_exit.o)
 .bss           0x000000000080037b        0x0 /opt/local/lib/gcc/avr/4.7.2/avr51/libgcc.a(_tablejump.o)
 .bss           0x000000000080037b        0x0 /opt/local/lib/gcc/avr/4.7.2/avr51/libgcc.a(_copy_data.o)
 .bss           0x000000000080037b        0x0 /opt/local/lib/gcc/avr/4.7.2/avr51/libgcc.a(_clear_bss.o)
 .bss           0x000000000080037b        0x0 /opt/local/lib/gcc/avr/4.7.2/avr51/libgcc.a(_adddi3.o)
 .bss           0x000000000080037b        0x0 /opt/local/lib/gcc/avr/4.7.2/avr51/libgcc.a(_umulhisi3.o)
 .bss           0x000000000080037b        0x0 /opt/local/lib/gcc/avr/4.7.2/../../../../avr/lib/avr51/libc.a(strchr_P.o)
 .bss           0x000000000080037b        0x0 /opt/local/lib/gcc/avr/4.7.2/../../../../avr/lib/avr51/libc.a(memcpy.o)
 .bss           0x000000000080037b        0x0 /opt/local/lib/gcc/avr/4.7.2/../../../../avr/lib/avr51/libc.a(fdevopen.o)
 .bss           0x000000000080037b        0x0 /opt/local/lib/gcc/avr/4.7.2/../../../../avr/lib/avr51/libc.a(fputc.o)
 .bss           0x000000000080037b        0x0 /opt/local/lib/gcc/avr/4.7.2/../../../../avr/lib/avr51/libc.a(iob.o)
 .bss           0x000000000080037b        0x0 /opt/local/lib/gcc/avr/4.7.2/../../../../avr/lib/avr51/libc.a(printf.o)
 .bss           0x000000000080037b        0x0 /opt/local/lib/gcc/avr/4.7.2/../../../../avr/lib/avr51/libc.a(putchar.o)
 .bss           0x000000000080037b        0x0 /opt/local/lib/gcc/avr/4.7.2/../../../../avr/lib/avr51/libc.a(puts.o)
 .bss           0x000000000080037b        0x0 /opt/local/lib/gcc/avr/4.7.2/../../../../avr/lib/avr51/libc.a(sprintf.o)
 .bss           0x000000000080037b        0x0 /opt/local/lib/gcc/avr/4.7.2/../../../../avr/lib/avr51/libc.a(ultoa_invert.o)
 .bss           0x000000000080037b        0x0 /opt/local/lib/gcc/avr/4.7.2/../../../../avr/lib/avr51/libc.a(eerd_byte_atmega128rfa1.o)
 .bss           0x000000000080037b        0x0 /opt/local/lib/gcc/avr/4.7.2/../../../../avr/lib/avr51/libc.a(eewr_byte_atmega128rfa1.o)
 .bss           0x000000000080037b        0x0 /opt/local/lib/gcc/avr/4.7.2/../../../../avr/lib/avr51/libc.a(calloc.o)
 .bss           0x000000000080037b        0x0 /opt/local/lib/gcc/avr/4.7.2/../../../../avr/lib/avr51/libc.a(malloc.o)
 .bss           0x000000000080037b        0x0 /opt/local/lib/gcc/avr/4.7.2/../../../../avr/lib/avr51/libc.a(memset.o)
 *(.bss*)
 *(COMMON)
 COMMON         0x000000000080037b      0x3b7 main.o
                0x000000000080037b                TaskFour
                0x000000000080039e                app_timer0_callback
                0x00000000008003a0                Stack3
                0x0000000000800420                error_task
                0x0000000000800421                _nrk_time_trigger
                0x0000000000800422                TaskOne
                0x0000000000800445                _nrk_stats_sleep_time
                0x000000000080044d                Stack2
                0x00000000008004cd                _nrk_signal_list
                0x00000000008004d1                TaskThree
                0x00000000008004f4                Stack1
                0x0000000000800574                nrk_kernel_stk_ptr
                0x0000000000800576                app_timer0_prescale
                0x0000000000800577                _nrk_prev_timer_val
                0x0000000000800578                cur_task_stats
                0x000000000080060e                error_num
                0x000000000080060f                nrk_idle_task_stk
                0x000000000080068f                Stack4
                0x000000000080070f                TaskTwo
 COMMON         0x0000000000800732       0x33 ../../../src/radio/rf231_soc/source/basic_rf.o
                0x0000000000800732                rx_ctr
                0x0000000000800736                radio_sem
                0x0000000000800738                use_glossy
                0x0000000000800739                mdmctrl0
                0x000000000080073b                rfSettings
                0x0000000000800744                curr_t
                0x000000000080074c                tx_done
                0x000000000080074d                rf_ready
                0x000000000080074e                target_t
                0x0000000000800756                tx_ctr
                0x000000000080075c                rx_ready
                0x000000000080075d                dummy_t
 COMMON         0x0000000000800765      0x117 ../../../src/kernel/source/nrk.o
                0x0000000000800765                _free_node
                0x0000000000800767                nrk_task_TCB
                0x000000000080080c                next_next_wakeup
                0x000000000080080e                nrk_sem_list
                0x0000000000800811                nrk_task_init_cnt
                0x0000000000800812                nrk_wakeup_signal
                0x0000000000800813                nrk_high_ready_TCB
                0x0000000000800815                nrk_cur_task_prio
                0x0000000000800816                _nrk_cpu_state
                0x0000000000800817                _head_node
                0x0000000000800819                nrk_system_time
                0x0000000000800821                _nrk_resource_cnt
                0x0000000000800822                nrk_cur_task_TCB
                0x0000000000800824                nrk_high_ready_prio
                0x0000000000800825                sw_wdts
                0x000000000080085e                _nrk_readyQ
 COMMON         0x000000000080087c        0x1 ../../../src/kernel/source/nrk_scheduler.o
                0x000000000080087c                t
 COMMON         0x000000000080087d        0x8 ../../../src/kernel/hal/atmega128rfa1/nrk_ext_int.o
                0x000000000080087d                ext_int1_callback
                0x000000000080087f                ext_int0_callback
                0x0000000000800881                ext_int2_callback
                0x0000000000800883                pc_int0_callback
 COMMON         0x0000000000800885        0x6 /opt/local/lib/gcc/avr/4.7.2/../../../../avr/lib/avr51/libc.a(iob.o)
                0x0000000000800885                __iob
 COMMON         0x000000000080088b        0x4 /opt/local/lib/gcc/avr/4.7.2/../../../../avr/lib/avr51/libc.a(malloc.o)
                0x000000000080088b                __brkval
                0x000000000080088d                __flp
                0x000000000080088f                PROVIDE (__bss_end, .)
                0x0000000000005b82                __data_load_start = LOADADDR (.data)
                0x0000000000005cf8                __data_load_end = (__data_load_start + SIZEOF (.data))

.noinit         0x000000000080088f        0x0
                0x000000000080088f                PROVIDE (__noinit_start, .)
 *(.noinit*)
                0x000000000080088f                PROVIDE (__noinit_end, .)
                0x000000000080088f                _end = .
                0x000000000080088f                PROVIDE (__heap_start, .)

.eeprom         0x0000000000810000        0x0
 *(.eeprom*)
                0x0000000000810000                __eeprom_end = .

.fuse
 *(.fuse)
 *(.lfuse)
 *(.hfuse)
 *(.efuse)

.lock
 *(.lock*)

.signature
 *(.signature*)

.stab           0x0000000000000000    0x10890
 *(.stab)
 .stab          0x0000000000000000      0x6cc /opt/local/lib/gcc/avr/4.7.2/../../../../avr/lib/avr51/crtm128rfa1.o
 .stab          0x00000000000006cc     0x150c main.o
                                       0x1518 (size before relaxing)
 .stab          0x0000000000001bd8     0x1cbc ../../../src/radio/rf231_soc/source/basic_rf.o
                                       0x2754 (size before relaxing)
 .stab          0x0000000000003894     0x1158 ../../../src/platform/firefly3/source/ulib.o
                                       0x1be4 (size before relaxing)
 .stab          0x00000000000049ec      0x1f8 ../../../src/platform/firefly3/source/hal_wait.o
                                        0xbd0 (size before relaxing)
 .stab          0x0000000000004be4      0x66c ../../../src/platform/firefly3/source/nrk_eeprom.o
                                       0x10d4 (size before relaxing)
 .stab          0x0000000000005250      0xa50 ../../../src/kernel/source/nrk.o
                                       0x156c (size before relaxing)
 .stab          0x0000000000005ca0      0x9d8 ../../../src/kernel/source/nrk_stats.o
                                       0x1518 (size before relaxing)
 .stab          0x0000000000006678      0xba0 ../../../src/kernel/source/nrk_error.o
                                       0x16c8 (size before relaxing)
 .stab          0x0000000000007218      0x4a4 ../../../src/kernel/source/nrk_stack_check.o
                                        0xfc0 (size before relaxing)
 .stab          0x00000000000076bc      0xe4c ../../../src/kernel/source/nrk_events.o
                                       0x1980 (size before relaxing)
 .stab          0x0000000000008508      0xf60 ../../../src/kernel/source/nrk_task.o
                                       0x1a94 (size before relaxing)
 .stab          0x0000000000009468      0x7d4 ../../../src/kernel/source/nrk_time.o
                                       0x1308 (size before relaxing)
 .stab          0x0000000000009c3c      0x33c ../../../src/kernel/source/nrk_idle_task.o
                                        0xe70 (size before relaxing)
 .stab          0x0000000000009f78      0x888 ../../../src/kernel/source/nrk_scheduler.o
                                       0x1404 (size before relaxing)
 .stab          0x000000000000a800       0xe4 ../../../src/kernel/source/nrk_driver.o
                                         0xf0 (size before relaxing)
 .stab          0x000000000000a8e4       0xe4 ../../../src/kernel/source/nrk_reserve.o
                                         0xf0 (size before relaxing)
 .stab          0x000000000000a9c8      0x624 ../../../src/kernel/source/nrk_sw_wdt.o
                                       0x1164 (size before relaxing)
 .stab          0x000000000000afec      0xf90 ../../../src/kernel/hal/atmega128rfa1/nrk_timer.o
                                       0x1ab8 (size before relaxing)
 .stab          0x000000000000bf7c      0x2f4 ../../../src/kernel/hal/atmega128rfa1/nrk_status.o
                                        0xd80 (size before relaxing)
 .stab          0x000000000000c270      0x894 ../../../src/kernel/hal/atmega128rfa1/nrk_ext_int.o
                                       0x1320 (size before relaxing)
 .stab          0x000000000000cb04      0x3b4 ../../../src/kernel/hal/atmega128rfa1/nrk_watchdog.o
                                        0xec4 (size before relaxing)
 .stab          0x000000000000ceb8      0x714 ../../../src/kernel/hal/atmega128rfa1/nrk_cpu.o
                                       0x123c (size before relaxing)
 .stab          0x000000000000d5cc      0x204 ../../../src/kernel/hal/atmega128rfa1/atmel_hw_specific.o
                                        0x210 (size before relaxing)
 .stab          0x000000000000d7d0      0x7f8 /opt/local/lib/gcc/avr/4.7.2/../../../../avr/lib/avr51/libprintf_min.a(vfprintf_min.o)
                                        0x804 (size before relaxing)
 .stab          0x000000000000dfc8       0xcc /opt/local/lib/gcc/avr/4.7.2/avr51/libgcc.a(_muluhisi3.o)
                                         0xd8 (size before relaxing)
 .stab          0x000000000000e094      0x108 /opt/local/lib/gcc/avr/4.7.2/avr51/libgcc.a(_mulsi3.o)
                                        0x114 (size before relaxing)
 .stab          0x000000000000e19c      0x15c /opt/local/lib/gcc/avr/4.7.2/avr51/libgcc.a(_udivmodhi4.o)
                                        0x168 (size before relaxing)
 .stab          0x000000000000e2f8      0x228 /opt/local/lib/gcc/avr/4.7.2/avr51/libgcc.a(_udivmodsi4.o)
                                        0x234 (size before relaxing)
 .stab          0x000000000000e520      0x150 /opt/local/lib/gcc/avr/4.7.2/avr51/libgcc.a(_udivdi3.o)
                                        0x15c (size before relaxing)
 .stab          0x000000000000e670      0x234 /opt/local/lib/gcc/avr/4.7.2/avr51/libgcc.a(_udivmod64.o)
                                        0x240 (size before relaxing)
 .stab          0x000000000000e8a4       0x6c /opt/local/lib/gcc/avr/4.7.2/avr51/libgcc.a(_exit.o)
                                         0x78 (size before relaxing)
 .stab          0x000000000000e910       0xcc /opt/local/lib/gcc/avr/4.7.2/avr51/libgcc.a(_tablejump.o)
                                         0xd8 (size before relaxing)
 .stab          0x000000000000e9dc       0xf0 /opt/local/lib/gcc/avr/4.7.2/avr51/libgcc.a(_copy_data.o)
                                         0xfc (size before relaxing)
 .stab          0x000000000000eacc       0xb4 /opt/local/lib/gcc/avr/4.7.2/avr51/libgcc.a(_clear_bss.o)
                                         0xc0 (size before relaxing)
 .stab          0x000000000000eb80       0x78 /opt/local/lib/gcc/avr/4.7.2/avr51/libgcc.a(_adddi3.o)
                                         0x84 (size before relaxing)
 .stab          0x000000000000ebf8       0xe4 /opt/local/lib/gcc/avr/4.7.2/avr51/libgcc.a(_umulhisi3.o)
                                         0xf0 (size before relaxing)
 .stab          0x000000000000ecdc       0x9c /opt/local/lib/gcc/avr/4.7.2/../../../../avr/lib/avr51/libc.a(strchr_P.o)
                                         0xa8 (size before relaxing)
 .stab          0x000000000000ed78       0x84 /opt/local/lib/gcc/avr/4.7.2/../../../../avr/lib/avr51/libc.a(memcpy.o)
                                         0x90 (size before relaxing)
 .stab          0x000000000000edfc      0x288 /opt/local/lib/gcc/avr/4.7.2/../../../../avr/lib/avr51/libc.a(fdevopen.o)
                                        0x4b0 (size before relaxing)
 .stab          0x000000000000f084      0x1d4 /opt/local/lib/gcc/avr/4.7.2/../../../../avr/lib/avr51/libc.a(fputc.o)
                                        0x3b4 (size before relaxing)
 .stab          0x000000000000f258      0x12c /opt/local/lib/gcc/avr/4.7.2/../../../../avr/lib/avr51/libc.a(iob.o)
                                        0x30c (size before relaxing)
 .stab          0x000000000000f384      0x1bc /opt/local/lib/gcc/avr/4.7.2/../../../../avr/lib/avr51/libc.a(printf.o)
                                        0x39c (size before relaxing)
 .stab          0x000000000000f540      0x174 /opt/local/lib/gcc/avr/4.7.2/../../../../avr/lib/avr51/libc.a(putchar.o)
                                        0x354 (size before relaxing)
 .stab          0x000000000000f6b4      0x204 /opt/local/lib/gcc/avr/4.7.2/../../../../avr/lib/avr51/libc.a(puts.o)
                                        0x3e4 (size before relaxing)
 .stab          0x000000000000f8b8      0x204 /opt/local/lib/gcc/avr/4.7.2/../../../../avr/lib/avr51/libc.a(sprintf.o)
                                        0x3e4 (size before relaxing)
 .stab          0x000000000000fabc      0x480 /opt/local/lib/gcc/avr/4.7.2/../../../../avr/lib/avr51/libc.a(ultoa_invert.o)
                                        0x48c (size before relaxing)
 .stab          0x000000000000ff3c       0x90 /opt/local/lib/gcc/avr/4.7.2/../../../../avr/lib/avr51/libc.a(eerd_byte_atmega128rfa1.o)
                                         0x9c (size before relaxing)
 .stab          0x000000000000ffcc       0xe4 /opt/local/lib/gcc/avr/4.7.2/../../../../avr/lib/avr51/libc.a(eewr_byte_atmega128rfa1.o)
                                         0xf0 (size before relaxing)
 .stab          0x00000000000100b0      0x1bc /opt/local/lib/gcc/avr/4.7.2/../../../../avr/lib/avr51/libc.a(calloc.o)
                                        0x1f8 (size before relaxing)
 .stab          0x000000000001026c      0x5b8 /opt/local/lib/gcc/avr/4.7.2/../../../../avr/lib/avr51/libc.a(malloc.o)
                                        0x798 (size before relaxing)
 .stab          0x0000000000010824       0x6c /opt/local/lib/gcc/avr/4.7.2/../../../../avr/lib/avr51/libc.a(memset.o)
                                         0x78 (size before relaxing)

.stabstr        0x0000000000000000     0x8eae
 *(.stabstr)
 .stabstr       0x0000000000000000     0x8eae /opt/local/lib/gcc/avr/4.7.2/../../../../avr/lib/avr51/crtm128rfa1.o

.stab.excl
 *(.stab.excl)

.stab.exclstr
 *(.stab.exclstr)

.stab.index
 *(.stab.index)

.stab.indexstr
 *(.stab.indexstr)

.comment        0x0000000000000000       0x22
 *(.comment)
 .comment       0x0000000000000000       0x11 main.o
                                         0x12 (size before relaxing)
 .comment       0x0000000000000000       0x12 ../../../src/radio/rf231_soc/source/basic_rf.o
 .comment       0x0000000000000000       0x12 ../../../src/platform/firefly3/source/ulib.o
 .comment       0x0000000000000000       0x12 ../../../src/platform/firefly3/source/hal_wait.o
 .comment       0x0000000000000000       0x12 ../../../src/platform/firefly3/source/nrk_eeprom.o
 .comment       0x0000000000000000       0x12 ../../../src/kernel/source/nrk.o
 .comment       0x0000000000000000       0x12 ../../../src/kernel/source/nrk_stats.o
 .comment       0x0000000000000000       0x12 ../../../src/kernel/source/nrk_error.o
 .comment       0x0000000000000000       0x12 ../../../src/kernel/source/nrk_stack_check.o
 .comment       0x0000000000000000       0x12 ../../../src/kernel/source/nrk_events.o
 .comment       0x0000000000000000       0x12 ../../../src/kernel/source/nrk_task.o
 .comment       0x0000000000000000       0x12 ../../../src/kernel/source/nrk_time.o
 .comment       0x0000000000000000       0x12 ../../../src/kernel/source/nrk_idle_task.o
 .comment       0x0000000000000000       0x12 ../../../src/kernel/source/nrk_scheduler.o
 .comment       0x0000000000000000       0x12 ../../../src/kernel/source/nrk_driver.o
 .comment       0x0000000000000000       0x12 ../../../src/kernel/source/nrk_reserve.o
 .comment       0x0000000000000000       0x12 ../../../src/kernel/source/nrk_sw_wdt.o
 .comment       0x0000000000000000       0x12 ../../../src/kernel/hal/atmega128rfa1/nrk_timer.o
 .comment       0x0000000000000000       0x12 ../../../src/kernel/hal/atmega128rfa1/nrk_status.o
 .comment       0x0000000000000000       0x12 ../../../src/kernel/hal/atmega128rfa1/nrk_ext_int.o
 .comment       0x0000000000000000       0x12 ../../../src/kernel/hal/atmega128rfa1/nrk_watchdog.o
 .comment       0x0000000000000000       0x12 ../../../src/kernel/hal/atmega128rfa1/nrk_cpu.o
 .comment       0x0000000000000011       0x11 /opt/local/lib/gcc/avr/4.7.2/../../../../avr/lib/avr51/libprintf_min.a(vfprintf_min.o)
                                         0x12 (size before relaxing)
 .comment       0x0000000000000000       0x12 /opt/local/lib/gcc/avr/4.7.2/../../../../avr/lib/avr51/libc.a(fdevopen.o)
 .comment       0x0000000000000000       0x12 /opt/local/lib/gcc/avr/4.7.2/../../../../avr/lib/avr51/libc.a(fputc.o)
 .comment       0x0000000000000000       0x12 /opt/local/lib/gcc/avr/4.7.2/../../../../avr/lib/avr51/libc.a(iob.o)
 .comment       0x0000000000000000       0x12 /opt/local/lib/gcc/avr/4.7.2/../../../../avr/lib/avr51/libc.a(printf.o)
 .comment       0x0000000000000000       0x12 /opt/local/lib/gcc/avr/4.7.2/../../../../avr/lib/avr51/libc.a(putchar.o)
 .comment       0x0000000000000000       0x12 /opt/local/lib/gcc/avr/4.7.2/../../../../avr/lib/avr51/libc.a(puts.o)
 .comment       0x0000000000000000       0x12 /opt/local/lib/gcc/avr/4.7.2/../../../../avr/lib/avr51/libc.a(sprintf.o)
 .comment       0x0000000000000000       0x12 /opt/local/lib/gcc/avr/4.7.2/../../../../avr/lib/avr51/libc.a(calloc.o)
 .comment       0x0000000000000000       0x12 /opt/local/lib/gcc/avr/4.7.2/../../../../avr/lib/avr51/libc.a(malloc.o)

.debug
 *(.debug)

.line
 *(.line)

.debug_srcinfo
 *(.debug_srcinfo)

.debug_sfnames
 *(.debug_sfnames)

.debug_aranges
 *(.debug_aranges)

.debug_pubnames
 *(.debug_pubnames)

.debug_info
 *(.debug_info)
 *(.gnu.linkonce.wi.*)

.debug_abbrev
 *(.debug_abbrev)

.debug_line
 *(.debug_line)

.debug_frame
 *(.debug_frame)

.debug_str
 *(.debug_str)

.debug_loc
 *(.debug_loc)

.debug_macinfo
 *(.debug_macinfo)

.debug_pubtypes
 *(.debug_pubtypes)

.debug_ranges
 *(.debug_ranges)

.debug_macro
 *(.debug_macro)
OUTPUT(main.elf elf32-avr)
LOAD linker stubs

Cross Reference Table

Symbol                                            File
NRK_ADC_INPUT_0                                   ../../../src/platform/firefly3/source/ulib.o
NRK_ADC_INPUT_1                                   ../../../src/platform/firefly3/source/ulib.o
NRK_ADC_INPUT_2                                   ../../../src/platform/firefly3/source/ulib.o
NRK_ADC_INPUT_3                                   ../../../src/platform/firefly3/source/ulib.o
NRK_ADC_INPUT_4                                   ../../../src/platform/firefly3/source/ulib.o
NRK_ADC_INPUT_5                                   ../../../src/platform/firefly3/source/ulib.o
NRK_ADC_INPUT_6                                   ../../../src/platform/firefly3/source/ulib.o
NRK_ADC_INPUT_7                                   ../../../src/platform/firefly3/source/ulib.o
NRK_BUTTON                                        ../../../src/platform/firefly3/source/ulib.o
                                                  main.o
NRK_GPIO26                                        ../../../src/platform/firefly3/source/ulib.o
NRK_GPIO34                                        ../../../src/platform/firefly3/source/ulib.o
NRK_LED_0                                         ../../../src/platform/firefly3/source/ulib.o
NRK_LED_1                                         ../../../src/platform/firefly3/source/ulib.o
NRK_LED_2                                         ../../../src/platform/firefly3/source/ulib.o
NRK_LED_3                                         ../../../src/platform/firefly3/source/ulib.o
NRK_MISO                                          ../../../src/platform/firefly3/source/ulib.o
NRK_MMC_10                                        ../../../src/platform/firefly3/source/ulib.o
NRK_MMC_11                                        ../../../src/platform/firefly3/source/ulib.o
NRK_MMC_9                                         ../../../src/platform/firefly3/source/ulib.o
NRK_MOSI                                          ../../../src/platform/firefly3/source/ulib.o
NRK_SCK                                           ../../../src/platform/firefly3/source/ulib.o
NRK_SPI_SS                                        ../../../src/platform/firefly3/source/ulib.o
NRK_UART0_RXD                                     ../../../src/platform/firefly3/source/ulib.o
NRK_UART0_TXD                                     ../../../src/platform/firefly3/source/ulib.o
NRK_UART1_RXD                                     ../../../src/platform/firefly3/source/ulib.o
NRK_UART1_TXD                                     ../../../src/platform/firefly3/source/ulib.o
PORT_INIT                                         ../../../src/platform/firefly3/source/ulib.o
SIG_OUTPUT_COMPARE1A                              ../../../src/kernel/hal/atmega128rfa1/nrk_timer.o
Stack1                                            main.o
Stack2                                            main.o
Stack3                                            main.o
Stack4                                            main.o
Task1                                             main.o
Task2                                             main.o
Task3                                             main.o
Task4                                             main.o
TaskFour                                          main.o
TaskOne                                           main.o
TaskThree                                         main.o
TaskTwo                                           main.o
__adddi3                                          /opt/local/lib/gcc/avr/4.7.2/avr51/libgcc.a(_adddi3.o)
                                                  ../../../src/kernel/source/nrk_time.o
__bad_interrupt                                   /opt/local/lib/gcc/avr/4.7.2/../../../../avr/lib/avr51/crtm128rfa1.o
__brkval                                          /opt/local/lib/gcc/avr/4.7.2/../../../../avr/lib/avr51/libc.a(malloc.o)
__bss_end                                         /opt/local/lib/gcc/avr/4.7.2/avr51/libgcc.a(_clear_bss.o)
__bss_start                                       /opt/local/lib/gcc/avr/4.7.2/avr51/libgcc.a(_clear_bss.o)
__data_end                                        /opt/local/lib/gcc/avr/4.7.2/avr51/libgcc.a(_copy_data.o)
__data_load_start                                 /opt/local/lib/gcc/avr/4.7.2/avr51/libgcc.a(_copy_data.o)
__data_start                                      /opt/local/lib/gcc/avr/4.7.2/avr51/libgcc.a(_copy_data.o)
__do_clear_bss                                    /opt/local/lib/gcc/avr/4.7.2/avr51/libgcc.a(_clear_bss.o)
                                                  /opt/local/lib/gcc/avr/4.7.2/../../../../avr/lib/avr51/libc.a(malloc.o)
                                                  /opt/local/lib/gcc/avr/4.7.2/../../../../avr/lib/avr51/libc.a(iob.o)
                                                  ../../../src/kernel/hal/atmega128rfa1/nrk_cpu.o
                                                  ../../../src/kernel/hal/atmega128rfa1/nrk_watchdog.o
                                                  ../../../src/kernel/hal/atmega128rfa1/nrk_ext_int.o
                                                  ../../../src/kernel/hal/atmega128rfa1/nrk_status.o
                                                  ../../../src/kernel/hal/atmega128rfa1/nrk_timer.o
                                                  ../../../src/kernel/source/nrk_sw_wdt.o
                                                  ../../../src/kernel/source/nrk_scheduler.o
                                                  ../../../src/kernel/source/nrk_idle_task.o
                                                  ../../../src/kernel/source/nrk_time.o
                                                  ../../../src/kernel/source/nrk_task.o
                                                  ../../../src/kernel/source/nrk_events.o
                                                  ../../../src/kernel/source/nrk_stack_check.o
                                                  ../../../src/kernel/source/nrk_error.o
                                                  ../../../src/kernel/source/nrk_stats.o
                                                  ../../../src/kernel/source/nrk.o
                                                  ../../../src/platform/firefly3/source/nrk_eeprom.o
                                                  ../../../src/platform/firefly3/source/ulib.o
                                                  ../../../src/radio/rf231_soc/source/basic_rf.o
                                                  main.o
__do_copy_data                                    /opt/local/lib/gcc/avr/4.7.2/avr51/libgcc.a(_copy_data.o)
                                                  /opt/local/lib/gcc/avr/4.7.2/../../../../avr/lib/avr51/libc.a(malloc.o)
                                                  ../../../src/kernel/source/nrk_stack_check.o
                                                  ../../../src/kernel/source/nrk_error.o
                                                  ../../../src/kernel/source/nrk_stats.o
                                                  ../../../src/platform/firefly3/source/ulib.o
                                                  ../../../src/radio/rf231_soc/source/basic_rf.o
                                                  main.o
__eerd_byte_m128rfa1                              /opt/local/lib/gcc/avr/4.7.2/../../../../avr/lib/avr51/libc.a(eerd_byte_atmega128rfa1.o)
                                                  ../../../src/platform/firefly3/source/nrk_eeprom.o
__eewr_byte_m128rfa1                              /opt/local/lib/gcc/avr/4.7.2/../../../../avr/lib/avr51/libc.a(eewr_byte_atmega128rfa1.o)
                                                  ../../../src/platform/firefly3/source/nrk_eeprom.o
__eewr_r18_m128rfa1                               /opt/local/lib/gcc/avr/4.7.2/../../../../avr/lib/avr51/libc.a(eewr_byte_atmega128rfa1.o)
__flp                                             /opt/local/lib/gcc/avr/4.7.2/../../../../avr/lib/avr51/libc.a(malloc.o)
__heap_end                                        /opt/local/lib/gcc/avr/4.7.2/../../../../avr/lib/avr51/crtm128rfa1.o
                                                  /opt/local/lib/gcc/avr/4.7.2/../../../../avr/lib/avr51/libc.a(malloc.o)
__heap_start                                      /opt/local/lib/gcc/avr/4.7.2/../../../../avr/lib/avr51/libc.a(malloc.o)
__init                                            /opt/local/lib/gcc/avr/4.7.2/../../../../avr/lib/avr51/crtm128rfa1.o
__iob                                             /opt/local/lib/gcc/avr/4.7.2/../../../../avr/lib/avr51/libc.a(puts.o)
                                                  /opt/local/lib/gcc/avr/4.7.2/../../../../avr/lib/avr51/libc.a(putchar.o)
                                                  /opt/local/lib/gcc/avr/4.7.2/../../../../avr/lib/avr51/libc.a(printf.o)
                                                  /opt/local/lib/gcc/avr/4.7.2/../../../../avr/lib/avr51/libc.a(iob.o)
                                                  /opt/local/lib/gcc/avr/4.7.2/../../../../avr/lib/avr51/libc.a(fdevopen.o)
                                                  ../../../src/kernel/source/nrk_error.o
                                                  ../../../src/platform/firefly3/source/ulib.o
__malloc_heap_end                                 /opt/local/lib/gcc/avr/4.7.2/../../../../avr/lib/avr51/libc.a(malloc.o)
__malloc_heap_start                               /opt/local/lib/gcc/avr/4.7.2/../../../../avr/lib/avr51/libc.a(malloc.o)
__malloc_margin                                   /opt/local/lib/gcc/avr/4.7.2/../../../../avr/lib/avr51/libc.a(malloc.o)
__mulsi3                                          /opt/local/lib/gcc/avr/4.7.2/avr51/libgcc.a(_mulsi3.o)
                                                  ../../../src/kernel/source/nrk_time.o
__muluhisi3                                       /opt/local/lib/gcc/avr/4.7.2/avr51/libgcc.a(_muluhisi3.o)
                                                  /opt/local/lib/gcc/avr/4.7.2/avr51/libgcc.a(_mulsi3.o)
                                                  ../../../src/kernel/source/nrk_scheduler.o
                                                  ../../../src/kernel/source/nrk_time.o
                                                  ../../../src/kernel/source/nrk_stats.o
                                                  ../../../src/radio/rf231_soc/source/basic_rf.o
__stack                                           /opt/local/lib/gcc/avr/4.7.2/../../../../avr/lib/avr51/crtm128rfa1.o
__tablejump2__                                    /opt/local/lib/gcc/avr/4.7.2/avr51/libgcc.a(_tablejump.o)
                                                  ../../../src/kernel/source/nrk_error.o
__tablejump__                                     /opt/local/lib/gcc/avr/4.7.2/avr51/libgcc.a(_tablejump.o)
__udivdi3                                         /opt/local/lib/gcc/avr/4.7.2/avr51/libgcc.a(_udivdi3.o)
                                                  ../../../src/kernel/source/nrk_time.o
__udivdi3_umoddi3                                 /opt/local/lib/gcc/avr/4.7.2/avr51/libgcc.a(_udivdi3.o)
__udivmod64                                       /opt/local/lib/gcc/avr/4.7.2/avr51/libgcc.a(_udivmod64.o)
                                                  /opt/local/lib/gcc/avr/4.7.2/avr51/libgcc.a(_udivdi3.o)
__udivmodhi4                                      /opt/local/lib/gcc/avr/4.7.2/avr51/libgcc.a(_udivmodhi4.o)
                                                  ../../../src/kernel/source/nrk_scheduler.o
__udivmodsi4                                      /opt/local/lib/gcc/avr/4.7.2/avr51/libgcc.a(_udivmodsi4.o)
                                                  ../../../src/kernel/source/nrk_scheduler.o
                                                  ../../../src/kernel/source/nrk_time.o
                                                  ../../../src/kernel/source/nrk_stats.o
__ultoa_invert                                    /opt/local/lib/gcc/avr/4.7.2/../../../../avr/lib/avr51/libc.a(ultoa_invert.o)
                                                  /opt/local/lib/gcc/avr/4.7.2/../../../../avr/lib/avr51/libprintf_min.a(vfprintf_min.o)
__umoddi3                                         /opt/local/lib/gcc/avr/4.7.2/avr51/libgcc.a(_udivdi3.o)
__umulhisi3                                       /opt/local/lib/gcc/avr/4.7.2/avr51/libgcc.a(_umulhisi3.o)
                                                  /opt/local/lib/gcc/avr/4.7.2/avr51/libgcc.a(_muluhisi3.o)
__vector_1                                        ../../../src/kernel/hal/atmega128rfa1/nrk_ext_int.o
                                                  /opt/local/lib/gcc/avr/4.7.2/../../../../avr/lib/avr51/crtm128rfa1.o
__vector_10                                       /opt/local/lib/gcc/avr/4.7.2/../../../../avr/lib/avr51/crtm128rfa1.o
__vector_11                                       /opt/local/lib/gcc/avr/4.7.2/../../../../avr/lib/avr51/crtm128rfa1.o
__vector_12                                       /opt/local/lib/gcc/avr/4.7.2/../../../../avr/lib/avr51/crtm128rfa1.o
__vector_13                                       ../../../src/kernel/hal/atmega128rfa1/nrk_timer.o
                                                  /opt/local/lib/gcc/avr/4.7.2/../../../../avr/lib/avr51/crtm128rfa1.o
__vector_14                                       /opt/local/lib/gcc/avr/4.7.2/../../../../avr/lib/avr51/crtm128rfa1.o
__vector_15                                       ../../../src/kernel/hal/atmega128rfa1/nrk_timer.o
                                                  /opt/local/lib/gcc/avr/4.7.2/../../../../avr/lib/avr51/crtm128rfa1.o
__vector_16                                       /opt/local/lib/gcc/avr/4.7.2/../../../../avr/lib/avr51/crtm128rfa1.o
__vector_17                                       /opt/local/lib/gcc/avr/4.7.2/../../../../avr/lib/avr51/crtm128rfa1.o
__vector_18                                       /opt/local/lib/gcc/avr/4.7.2/../../../../avr/lib/avr51/crtm128rfa1.o
__vector_19                                       /opt/local/lib/gcc/avr/4.7.2/../../../../avr/lib/avr51/crtm128rfa1.o
__vector_2                                        ../../../src/kernel/hal/atmega128rfa1/nrk_ext_int.o
                                                  /opt/local/lib/gcc/avr/4.7.2/../../../../avr/lib/avr51/crtm128rfa1.o
__vector_20                                       /opt/local/lib/gcc/avr/4.7.2/../../../../avr/lib/avr51/crtm128rfa1.o
__vector_21                                       /opt/local/lib/gcc/avr/4.7.2/../../../../avr/lib/avr51/crtm128rfa1.o
__vector_22                                       /opt/local/lib/gcc/avr/4.7.2/../../../../avr/lib/avr51/crtm128rfa1.o
__vector_23                                       /opt/local/lib/gcc/avr/4.7.2/../../../../avr/lib/avr51/crtm128rfa1.o
__vector_24                                       /opt/local/lib/gcc/avr/4.7.2/../../../../avr/lib/avr51/crtm128rfa1.o
__vector_25                                       /opt/local/lib/gcc/avr/4.7.2/../../../../avr/lib/avr51/crtm128rfa1.o
__vector_26                                       /opt/local/lib/gcc/avr/4.7.2/../../../../avr/lib/avr51/crtm128rfa1.o
__vector_27                                       /opt/local/lib/gcc/avr/4.7.2/../../../../avr/lib/avr51/crtm128rfa1.o
__vector_28                                       /opt/local/lib/gcc/avr/4.7.2/../../../../avr/lib/avr51/crtm128rfa1.o
__vector_29                                       /opt/local/lib/gcc/avr/4.7.2/../../../../avr/lib/avr51/crtm128rfa1.o
__vector_3                                        ../../../src/kernel/hal/atmega128rfa1/nrk_ext_int.o
                                                  /opt/local/lib/gcc/avr/4.7.2/../../../../avr/lib/avr51/crtm128rfa1.o
__vector_30                                       /opt/local/lib/gcc/avr/4.7.2/../../../../avr/lib/avr51/crtm128rfa1.o
__vector_31                                       /opt/local/lib/gcc/avr/4.7.2/../../../../avr/lib/avr51/crtm128rfa1.o
__vector_32                                       ../../../src/kernel/hal/atmega128rfa1/nrk_timer.o
                                                  /opt/local/lib/gcc/avr/4.7.2/../../../../avr/lib/avr51/crtm128rfa1.o
__vector_33                                       /opt/local/lib/gcc/avr/4.7.2/../../../../avr/lib/avr51/crtm128rfa1.o
__vector_34                                       /opt/local/lib/gcc/avr/4.7.2/../../../../avr/lib/avr51/crtm128rfa1.o
__vector_35                                       /opt/local/lib/gcc/avr/4.7.2/../../../../avr/lib/avr51/crtm128rfa1.o
__vector_36                                       /opt/local/lib/gcc/avr/4.7.2/../../../../avr/lib/avr51/crtm128rfa1.o
__vector_37                                       /opt/local/lib/gcc/avr/4.7.2/../../../../avr/lib/avr51/crtm128rfa1.o
__vector_38                                       /opt/local/lib/gcc/avr/4.7.2/../../../../avr/lib/avr51/crtm128rfa1.o
__vector_39                                       /opt/local/lib/gcc/avr/4.7.2/../../../../avr/lib/avr51/crtm128rfa1.o
__vector_4                                        /opt/local/lib/gcc/avr/4.7.2/../../../../avr/lib/avr51/crtm128rfa1.o
__vector_40                                       /opt/local/lib/gcc/avr/4.7.2/../../../../avr/lib/avr51/crtm128rfa1.o
__vector_41                                       /opt/local/lib/gcc/avr/4.7.2/../../../../avr/lib/avr51/crtm128rfa1.o
__vector_42                                       /opt/local/lib/gcc/avr/4.7.2/../../../../avr/lib/avr51/crtm128rfa1.o
__vector_43                                       /opt/local/lib/gcc/avr/4.7.2/../../../../avr/lib/avr51/crtm128rfa1.o
__vector_44                                       /opt/local/lib/gcc/avr/4.7.2/../../../../avr/lib/avr51/crtm128rfa1.o
__vector_45                                       /opt/local/lib/gcc/avr/4.7.2/../../../../avr/lib/avr51/crtm128rfa1.o
__vector_46                                       /opt/local/lib/gcc/avr/4.7.2/../../../../avr/lib/avr51/crtm128rfa1.o
__vector_47                                       /opt/local/lib/gcc/avr/4.7.2/../../../../avr/lib/avr51/crtm128rfa1.o
__vector_48                                       /opt/local/lib/gcc/avr/4.7.2/../../../../avr/lib/avr51/crtm128rfa1.o
__vector_49                                       /opt/local/lib/gcc/avr/4.7.2/../../../../avr/lib/avr51/crtm128rfa1.o
__vector_5                                        /opt/local/lib/gcc/avr/4.7.2/../../../../avr/lib/avr51/crtm128rfa1.o
__vector_50                                       /opt/local/lib/gcc/avr/4.7.2/../../../../avr/lib/avr51/crtm128rfa1.o
__vector_51                                       /opt/local/lib/gcc/avr/4.7.2/../../../../avr/lib/avr51/crtm128rfa1.o
__vector_52                                       /opt/local/lib/gcc/avr/4.7.2/../../../../avr/lib/avr51/crtm128rfa1.o
__vector_53                                       /opt/local/lib/gcc/avr/4.7.2/../../../../avr/lib/avr51/crtm128rfa1.o
__vector_54                                       /opt/local/lib/gcc/avr/4.7.2/../../../../avr/lib/avr51/crtm128rfa1.o
__vector_55                                       /opt/local/lib/gcc/avr/4.7.2/../../../../avr/lib/avr51/crtm128rfa1.o
__vector_56                                       /opt/local/lib/gcc/avr/4.7.2/../../../../avr/lib/avr51/crtm128rfa1.o
__vector_57                                       ../../../src/radio/rf231_soc/source/basic_rf.o
                                                  /opt/local/lib/gcc/avr/4.7.2/../../../../avr/lib/avr51/crtm128rfa1.o
__vector_58                                       ../../../src/radio/rf231_soc/source/basic_rf.o
                                                  /opt/local/lib/gcc/avr/4.7.2/../../../../avr/lib/avr51/crtm128rfa1.o
__vector_59                                       ../../../src/radio/rf231_soc/source/basic_rf.o
                                                  /opt/local/lib/gcc/avr/4.7.2/../../../../avr/lib/avr51/crtm128rfa1.o
__vector_6                                        /opt/local/lib/gcc/avr/4.7.2/../../../../avr/lib/avr51/crtm128rfa1.o
__vector_60                                       ../../../src/radio/rf231_soc/source/basic_rf.o
                                                  /opt/local/lib/gcc/avr/4.7.2/../../../../avr/lib/avr51/crtm128rfa1.o
__vector_61                                       ../../../src/radio/rf231_soc/source/basic_rf.o
                                                  /opt/local/lib/gcc/avr/4.7.2/../../../../avr/lib/avr51/crtm128rfa1.o