Archive member included because of file (symbol)

/opt/local/lib/gcc/avr/4.7.2/../../../../avr/lib/avr51/libprintf_min.a(vfprintf_min.o)
                              (vfprintf)
/opt/local/lib/gcc/avr/4.7.2/../../../../avr/lib/avr51/libm.a(fixunssfsi.o)
                              main.o (__fixunssfsi)
/opt/local/lib/gcc/avr/4.7.2/../../../../avr/lib/avr51/libm.a(floatsisf.o)
                              main.o (__floatunsisf)
/opt/local/lib/gcc/avr/4.7.2/../../../../avr/lib/avr51/libm.a(fp_split3.o)
                              /opt/local/lib/gcc/avr/4.7.2/../../../../avr/lib/avr51/libm.a(fixunssfsi.o) (__fp_splitA)
/opt/local/lib/gcc/avr/4.7.2/../../../../avr/lib/avr51/libm.a(fp_zero.o)
                              /opt/local/lib/gcc/avr/4.7.2/../../../../avr/lib/avr51/libm.a(fixunssfsi.o) (__fp_zero)
/opt/local/lib/gcc/avr/4.7.2/../../../../avr/lib/avr51/libm.a(sqrt.o)
                              main.o (sqrt)
/opt/local/lib/gcc/avr/4.7.2/../../../../avr/lib/avr51/libm.a(fp_mpack.o)
                              /opt/local/lib/gcc/avr/4.7.2/../../../../avr/lib/avr51/libm.a(sqrt.o) (__fp_mpack)
/opt/local/lib/gcc/avr/4.7.2/../../../../avr/lib/avr51/libm.a(fp_nan.o)
                              /opt/local/lib/gcc/avr/4.7.2/../../../../avr/lib/avr51/libm.a(sqrt.o) (__fp_nan)
/opt/local/lib/gcc/avr/4.7.2/../../../../avr/lib/avr51/libm.a(fp_norm2.o)
                              /opt/local/lib/gcc/avr/4.7.2/../../../../avr/lib/avr51/libm.a(sqrt.o) (__fp_norm2)
/opt/local/lib/gcc/avr/4.7.2/avr51/libgcc.a(_umulhisi3.o)
                              main.o (__umulhisi3)
/opt/local/lib/gcc/avr/4.7.2/avr51/libgcc.a(_muluhisi3.o)
                              ../../../src/drivers/platform/firefly3/source/ff_basic_sensor.o (__muluhisi3)
/opt/local/lib/gcc/avr/4.7.2/avr51/libgcc.a(_mulshisi3.o)
                              ../../../src/drivers/platform/firefly3/source/ff_basic_sensor.o (__mulshisi3)
/opt/local/lib/gcc/avr/4.7.2/avr51/libgcc.a(_mulsi3.o)
                              ../../../src/drivers/platform/firefly3/source/ff_basic_sensor.o (__mulsi3)
/opt/local/lib/gcc/avr/4.7.2/avr51/libgcc.a(_udivmodhi4.o)
                              ../../../src/kernel/source/nrk_scheduler.o (__udivmodhi4)
/opt/local/lib/gcc/avr/4.7.2/avr51/libgcc.a(_udivmodsi4.o)
                              main.o (__udivmodsi4)
/opt/local/lib/gcc/avr/4.7.2/avr51/libgcc.a(_divmodsi4.o)
                              ../../../src/drivers/platform/firefly3/source/ff_basic_sensor.o (__divmodsi4)
/opt/local/lib/gcc/avr/4.7.2/avr51/libgcc.a(_udivdi3.o)
                              ../../../src/kernel/source/nrk_time.o (__udivdi3)
/opt/local/lib/gcc/avr/4.7.2/avr51/libgcc.a(_udivmod64.o)
                              /opt/local/lib/gcc/avr/4.7.2/avr51/libgcc.a(_udivdi3.o) (__udivmod64)
/opt/local/lib/gcc/avr/4.7.2/avr51/libgcc.a(_exit.o)
                              /opt/local/lib/gcc/avr/4.7.2/../../../../avr/lib/avr51/crtm128rfa1.o (exit)
/opt/local/lib/gcc/avr/4.7.2/avr51/libgcc.a(_tablejump.o)
                              ../../../src/kernel/source/nrk_error.o (__tablejump2__)
/opt/local/lib/gcc/avr/4.7.2/avr51/libgcc.a(_copy_data.o)
                              main.o (__do_copy_data)
/opt/local/lib/gcc/avr/4.7.2/avr51/libgcc.a(_clear_bss.o)
                              main.o (__do_clear_bss)
/opt/local/lib/gcc/avr/4.7.2/avr51/libgcc.a(_adddi3.o)
                              ../../../src/kernel/source/nrk_time.o (__adddi3)
/opt/local/lib/gcc/avr/4.7.2/../../../../avr/lib/avr51/libc.a(malloc.o)
                              main.o (malloc)
/opt/local/lib/gcc/avr/4.7.2/../../../../avr/lib/avr51/libc.a(strchr_P.o)
                              /opt/local/lib/gcc/avr/4.7.2/../../../../avr/lib/avr51/libprintf_min.a(vfprintf_min.o) (strchr_P)
/opt/local/lib/gcc/avr/4.7.2/../../../../avr/lib/avr51/libc.a(memcpy.o)
                              ../../../src/radio/rf231_soc/source/basic_rf.o (memcpy)
/opt/local/lib/gcc/avr/4.7.2/../../../../avr/lib/avr51/libc.a(fdevopen.o)
                              ../../../src/platform/firefly3/source/ulib.o (fdevopen)
/opt/local/lib/gcc/avr/4.7.2/../../../../avr/lib/avr51/libc.a(fputc.o)
                              ../../../src/platform/firefly3/source/ulib.o (fputc)
/opt/local/lib/gcc/avr/4.7.2/../../../../avr/lib/avr51/libc.a(iob.o)
                              ../../../src/platform/firefly3/source/ulib.o (__iob)
/opt/local/lib/gcc/avr/4.7.2/../../../../avr/lib/avr51/libc.a(printf.o)
                              main.o (printf)
/opt/local/lib/gcc/avr/4.7.2/../../../../avr/lib/avr51/libc.a(putchar.o)
                              ../../../src/radio/rf231_soc/source/basic_rf.o (putchar)
/opt/local/lib/gcc/avr/4.7.2/../../../../avr/lib/avr51/libc.a(puts.o)
                              main.o (puts)
/opt/local/lib/gcc/avr/4.7.2/../../../../avr/lib/avr51/libc.a(sprintf.o)
                              ../../../src/kernel/source/nrk_error.o (sprintf)
[...]
Memory Configuration

Name             Origin             Length             Attributes
text             0x0000000000000000 0x0000000000020000 xr
data             0x0000000000800100 0x000000000000ff00 rw !x
eeprom           0x0000000000810000 0x0000000000010000 rw !x
fuse             0x0000000000820000 0x0000000000000400 rw !x
lock             0x0000000000830000 0x0000000000000400 rw !x
signature        0x0000000000840000 0x0000000000000400 rw !x
*default*        0x0000000000000000 0xffffffffffffffff

Linker script and memory map

Address of section .data set to 0x800200
LOAD /opt/local/lib/gcc/avr/4.7.2/../../../../avr/lib/avr51/crtm128rfa1.o
LOAD main.o
LOAD ../../../src/drivers/platform/firefly3/source/ff_basic_sensor.o
LOAD ../../../src/drivers/platform/firefly3/source/twi_base_calls.o
LOAD ../../../src/radio/rf231_soc/source/basic_rf.o
LOAD ../../../src/platform/firefly3/source/ulib.o
LOAD ../../../src/platform/firefly3/source/hal_wait.o
LOAD ../../../src/platform/firefly3/source/nrk_eeprom.o
LOAD ../../../src/kernel/source/nrk.o
LOAD ../../../src/kernel/source/nrk_stats.o
LOAD ../../../src/kernel/source/nrk_error.o
LOAD ../../../src/kernel/source/nrk_stack_check.o
LOAD ../../../src/kernel/source/nrk_events.o
LOAD ../../../src/kernel/source/nrk_task.o
LOAD ../../../src/kernel/source/nrk_time.o
LOAD ../../../src/kernel/source/nrk_idle_task.o
LOAD ../../../src/kernel/source/nrk_scheduler.o
LOAD ../../../src/kernel/source/nrk_driver.o
LOAD ../../../src/kernel/source/nrk_reserve.o
LOAD ../../../src/kernel/source/nrk_sw_wdt.o
LOAD ../../../src/kernel/hal/atmega128rfa1/nrk_timer.o
LOAD ../../../src/kernel/hal/atmega128rfa1/nrk_status.o
LOAD ../../../src/kernel/hal/atmega128rfa1/nrk_ext_int.o
LOAD ../../../src/kernel/hal/atmega128rfa1/nrk_watchdog.o
LOAD ../../../src/kernel/hal/atmega128rfa1/nrk_cpu.o
LOAD ../../../src/kernel/hal/atmega128rfa1/atmel_hw_specific.o
LOAD /opt/local/lib/gcc/avr/4.7.2/../../../../avr/lib/avr51/libprintf_min.a
LOAD /opt/local/lib/gcc/avr/4.7.2/../../../../avr/lib/avr51/libm.a
LOAD /opt/local/lib/gcc/avr/4.7.2/avr51/libgcc.a
LOAD /opt/local/lib/gcc/avr/4.7.2/../../../../avr/lib/avr51/libc.a
LOAD /opt/local/lib/gcc/avr/4.7.2/avr51/libgcc.a

.hash
 *(.hash)

.dynsym
 *(.dynsym)

.dynstr
 *(.dynstr)

.gnu.version
 *(.gnu.version)

.gnu.version_d
 *(.gnu.version_d)

.gnu.version_r
 *(.gnu.version_r)

.rel.init
 *(.rel.init)

.rela.init
 *(.rela.init)

.rel.text
 *(.rel.text)
 *(.rel.text.*)
 *(.rel.gnu.linkonce.t*)

.rela.text
 *(.rela.text)
 *(.rela.text.*)
 *(.rela.gnu.linkonce.t*)

.rel.fini
 *(.rel.fini)

.rela.fini
 *(.rela.fini)

.rel.rodata
 *(.rel.rodata)
 *(.rel.rodata.*)
 *(.rel.gnu.linkonce.r*)

.rela.rodata
 *(.rela.rodata)
 *(.rela.rodata.*)
 *(.rela.gnu.linkonce.r*)

.rel.data
 *(.rel.data)
 *(.rel.data.*)
 *(.rel.gnu.linkonce.d*)

.rela.data
 *(.rela.data)
 *(.rela.data.*)
 *(.rela.gnu.linkonce.d*)

.rel.ctors
 *(.rel.ctors)

.rela.ctors
 *(.rela.ctors)

.rel.dtors
 *(.rel.dtors)

.rela.dtors
 *(.rela.dtors)

.rel.got
 *(.rel.got)

.rela.got
 *(.rela.got)

.rel.bss
 *(.rel.bss)

.rela.bss
 *(.rela.bss)

.rel.plt
 *(.rel.plt)

.rela.plt
 *(.rela.plt)

.text           0x0000000000000000     0x5d4e
 *(.vectors)
 .vectors       0x0000000000000000      0x120 /opt/local/lib/gcc/avr/4.7.2/../../../../avr/lib/avr51/crtm128rfa1.o
                0x0000000000000000                __vectors
 *(.vectors)
 *(.progmem.gcc*)
 .progmem.gcc_sw_table
                0x0000000000000120       0x2c ../../../src/kernel/source/nrk_error.o
 *(.progmem*)
 .progmem.data  0x000000000000014c       0x3e main.o
 .progmem.data  0x000000000000018a      0x238 ../../../src/kernel/source/nrk_error.o
 .progmem.data  0x00000000000003c2        0xf ../../../src/kernel/source/nrk_stack_check.o
 .progmem.data  0x00000000000003d1       0x17 /opt/local/lib/gcc/avr/4.7.2/../../../../avr/lib/avr51/libprintf_min.a(vfprintf_min.o)
                0x00000000000003e8                . = ALIGN (0x2)
                0x00000000000003e8                __trampolines_start = .
 *(.trampolines)
 .trampolines   0x00000000000003e8        0x0 linker stubs
 *(.trampolines*)
                0x00000000000003e8                __trampolines_end = .
 *(.jumptables)
 *(.jumptables*)
 *(.lowtext)
 *(.lowtext*)
                0x00000000000003e8                __ctors_start = .
 *(.ctors)
                0x00000000000003e8                __ctors_end = .
                0x00000000000003e8                __dtors_start = .
 *(.dtors)
                0x00000000000003e8                __dtors_end = .
 SORT(*)(.ctors)
 SORT(*)(.dtors)
 *(.init0)
 .init0         0x00000000000003e8        0x0 /opt/local/lib/gcc/avr/4.7.2/../../../../avr/lib/avr51/crtm128rfa1.o
                0x00000000000003e8                __init
 *(.init0)
 *(.init1)
 *(.init1)
 *(.init2)
 .init2         0x00000000000003e8        0xc /opt/local/lib/gcc/avr/4.7.2/../../../../avr/lib/avr51/crtm128rfa1.o
 *(.init2)
 *(.init3)
 *(.init3)
 *(.init4)
 .init4         0x00000000000003f4       0x1a /opt/local/lib/gcc/avr/4.7.2/avr51/libgcc.a(_copy_data.o)
                0x00000000000003f4                __do_copy_data
 .init4         0x000000000000040e       0x10 /opt/local/lib/gcc/avr/4.7.2/avr51/libgcc.a(_clear_bss.o)
                0x000000000000040e                __do_clear_bss
 *(.init4)
 *(.init5)
 *(.init5)
 *(.init6)
 *(.init6)
 *(.init7)
 *(.init7)
 *(.init8)
 *(.init8)
 *(.init9)
 .init9         0x000000000000041e        0x8 /opt/local/lib/gcc/avr/4.7.2/../../../../avr/lib/avr51/crtm128rfa1.o
 *(.init9)
 *(.text)
 .text          0x0000000000000426        0x4 /opt/local/lib/gcc/avr/4.7.2/../../../../avr/lib/avr51/crtm128rfa1.o
                0x0000000000000426                __vector_65
                0x0000000000000426                __vector_22
                0x0000000000000426                __vector_28
                0x0000000000000426                __vector_67
                0x0000000000000426                __vector_71
                0x0000000000000426                __vector_34
                0x0000000000000426                __vector_24
                0x0000000000000426                __vector_12
                0x0000000000000426                __vector_55
                0x0000000000000426                __vector_69
                0x0000000000000426                __vector_46
                0x0000000000000426                __bad_interrupt
                0x0000000000000426                __vector_6
                0x0000000000000426                __vector_31
                0x0000000000000426                __vector_35
                0x0000000000000426                __vector_39
                0x0000000000000426                __vector_23
                0x0000000000000426                __vector_68
                0x0000000000000426                __vector_30
                0x0000000000000426                __vector_45
                0x0000000000000426                __vector_25
                0x0000000000000426                __vector_11
                0x0000000000000426                __vector_54
                0x0000000000000426                __vector_17
                0x0000000000000426                __vector_19
                0x0000000000000426                __vector_56
                0x0000000000000426                __vector_7
                0x0000000000000426                __vector_49
                0x0000000000000426                __vector_41
                0x0000000000000426                __vector_43
                0x0000000000000426                __vector_27
                0x0000000000000426                __vector_5
                0x0000000000000426                __vector_33
                0x0000000000000426                __vector_47
                0x0000000000000426                __vector_52
                0x0000000000000426                __vector_37
                0x0000000000000426                __vector_4
                0x0000000000000426                __vector_44
                0x0000000000000426                __vector_51
                0x0000000000000426                __vector_21
                0x0000000000000426                __vector_66
                0x0000000000000426                __vector_36
                0x0000000000000426                __vector_70
                0x0000000000000426                __vector_29
                0x0000000000000426                __vector_40
                0x0000000000000426                __vector_8
                0x0000000000000426                __vector_26
                0x0000000000000426                __vector_48
                0x0000000000000426                __vector_14
                0x0000000000000426                __vector_53
                0x0000000000000426                __vector_10
                0x0000000000000426                __vector_50
                0x0000000000000426                __vector_16
                0x0000000000000426                __vector_18
                0x0000000000000426                __vector_20
                0x0000000000000426                __vector_42
                0x0000000000000426                __vector_38
 .text          0x000000000000042a      0x37c main.o
                0x000000000000042a                collect_Audio_Data
                0x00000000000004e8                nrk_create_taskset
                0x0000000000000638                nrk_register_drivers
                0x0000000000000650                calculate_rms
                0x000000000000075a                analyze_Audio_Data
 .text          0x00000000000007a6      0x8a8 ../../../src/drivers/platform/firefly3/source/ff_basic_sensor.o
                0x00000000000007a6                open
                0x00000000000007f4                close
                0x000000000000080c                get_status
                0x000000000000081a                set_status
                0x0000000000000878                get_eeprom_values
                0x00000000000008e8                init_adc
                0x0000000000000916                init
                0x0000000000000936                delay
                0x000000000000093e                get_adc_val
                0x000000000000096a                calc_true_press
                0x0000000000000c80                calc_true_temp
                0x0000000000000d6c                read_uncomp_temp
                0x0000000000000dd4                calc_temp
                0x0000000000000ddc                read_uncomp_press
                0x0000000000000e78                calc_press
                0x0000000000000e88                read
                0x0000000000000ffa                dev_manager_ff3_sensors
 .text          0x000000000000104e      0x2f0 ../../../src/drivers/platform/firefly3/source/twi_base_calls.o
                0x000000000000104e                set_i2c_device
                0x0000000000001054                init_i2c
                0x0000000000001074                close_i2c
                0x0000000000001088                ee24xx_read_bytes
                0x00000000000011ca                ee24xx_write_page
                0x00000000000012c4                ee24xx_write_bytes
                0x0000000000001320                error
 .text          0x000000000000133e      0x932 ../../../src/radio/rf231_soc/source/basic_rf.o
                0x000000000000134e                rf_enable_glossy
                0x0000000000001356                rf_disable_glossy
                0x000000000000135c                rf_power_down
                0x00000000000013a8                rf_power_up
                0x00000000000013d4                rf_tx_power
                0x00000000000013e8                rf_addr_decode_enable
                0x00000000000013f4                rf_addr_decode_disable
                0x0000000000001400                rf_auto_ack_enable
                0x000000000000140c                rf_auto_ack_disable
                0x0000000000001418                rf_addr_decode_set_my_mac
                0x000000000000142a                rf_set_rx
                0x0000000000001444                rx_start_callback
                0x000000000000144e                rx_end_callback
                0x0000000000001458                rf_init
                0x000000000000153e                rf_rx_on
                0x0000000000001544                rf_polling_rx_on
                0x000000000000154a                rf_rx_off
                0x0000000000001556                rf_tx_packet_repeat
                0x00000000000017e6                rf_tx_packet
                0x00000000000017ee                rf_cca_check
                0x0000000000001852                rf_rx_packet_nonblock
                0x000000000000196a                __vector_64
                0x0000000000001988                __vector_63
                0x00000000000019ac                __vector_62
                0x00000000000019ca                __vector_61
                0x00000000000019e8                __vector_59
                0x0000000000001a48                __vector_58
                0x0000000000001a66                __vector_57
                0x0000000000001a84                rf_set_cca_thresh
                0x0000000000001a98                rf_security_last_pkt_status
                0x0000000000001a9c                rf_security_set_ctr_counter
                0x0000000000001a9e                rf_security_set_key
                0x0000000000001aa0                rf_security_disable
                0x0000000000001aa2                rf_tx_tdma_packet
                0x0000000000001aa6                rf_get_sem
                0x0000000000001ab0                rf_rx_packet
                0x0000000000001ab4                rf_flush_rx_fifo
                0x0000000000001ab6                rf_busy
                0x0000000000001aba                rf_rx_check_fifop
                0x0000000000001abe                rf_rx_check_sfd
                0x0000000000001ac2                rf_carrier_on
                0x0000000000001ac4                rf_carrier_off
                0x0000000000001ac6                rf_test_mode
                0x0000000000001ac8                rf_data_mode
                0x0000000000001aca                rf_rx_set_serial
                0x0000000000001acc                rf_tx_set_serial
                0x0000000000001ace                rf_set_preamble_length
                0x0000000000001ad0                rf_set_cca_mode
                0x0000000000001ad2                rf_cc2591_tx_on
                0x0000000000001aee                rf_cc2591_rx_on
                0x0000000000001b0a                rf_glossy_interrupt
                0x0000000000001be6                __vector_60
 .text          0x0000000000001c70      0x7ac ../../../src/platform/firefly3/source/ulib.o
                0x0000000000001c70                getc0
                0x0000000000001c88                putc0
                0x0000000000001ca0                nrk_uart_rx_signal_get
                0x0000000000001ca4                nrk_uart_data_ready
                0x0000000000001cc2                nrk_kprintf
                0x0000000000001ce8                PORT_INIT
                0x0000000000001d02                nrk_setup_ports
                0x0000000000001d06                nrk_gpio_set
                0x0000000000001ddc                nrk_gpio_clr
                0x0000000000001ec0                nrk_gpio_get
                0x0000000000001f16                nrk_gpio_toggle
                0x00000000000020ee                nrk_gpio_direction
                0x00000000000022c2                nrk_get_button
                0x00000000000022d6                nrk_led_toggle
                0x0000000000002304                nrk_led_clr
                0x0000000000002332                nrk_led_set
                0x0000000000002360                nrk_gpio_pullups
                0x0000000000002374                putc1
                0x0000000000002382                setup_uart0
                0x00000000000023ac                setup_uart1
                0x00000000000023d6                nrk_setup_uart
                0x0000000000002404                getc1
 .text          0x000000000000241c        0xe ../../../src/platform/firefly3/source/hal_wait.o
                0x000000000000241c                halWait
 .text          0x000000000000242a      0x130 ../../../src/platform/firefly3/source/nrk_eeprom.o
                0x000000000000242a                nrk_eeprom_read_byte
                0x000000000000242e                nrk_eeprom_write_byte
                0x0000000000002434                read_eeprom_mac_address
                0x000000000000249a                read_eeprom_channel
                0x00000000000024b2                write_eeprom_load_img_pages
                0x00000000000024c2                read_eeprom_load_img_pages
                0x00000000000024da                read_eeprom_aes_key
                0x0000000000002506                write_eeprom_aes_key
                0x0000000000002532                read_eeprom_current_image_checksum
                0x000000000000254a                write_eeprom_current_image_checksum
 .text          0x000000000000255a      0x37c ../../../src/kernel/source/nrk.o
                0x000000000000255a                nrk_int_disable
                0x000000000000255e                nrk_int_enable
                0x0000000000002562                nrk_halt
                0x0000000000002568                nrk_init
                0x00000000000026c8                nrk_start
                0x0000000000002742                nrk_TCB_init
                0x00000000000028cc                _nrk_timer_tick
                0x00000000000028d0                nrk_version
 .text          0x00000000000028d6        0x0 ../../../src/kernel/source/nrk_stats.o
 .text          0x00000000000028d6      0x312 ../../../src/kernel/source/nrk_error.o
                0x00000000000028d6                _nrk_errno_set
                0x00000000000028e2                nrk_errno_get
                0x00000000000028ee                nrk_error_get
                0x000000000000290a                nrk_error_print
                0x0000000000002a1e                nrk_kernel_error_add
                0x0000000000002a2a                nrk_error_add
                0x0000000000002a40                pause
                0x0000000000002a6a                blink_dot
                0x0000000000002a82                blink_dash
                0x0000000000002aa2                blink_morse_code_error
 .text          0x0000000000002be8      0x1f2 ../../../src/kernel/source/nrk_stack_check.o
                0x0000000000002be8                dump_stack_info
                0x0000000000002d5c                nrk_stack_check
                0x0000000000002da6                nrk_stack_check_pid
 .text          0x0000000000002dda      0x642 ../../../src/kernel/source/nrk_events.o
                0x0000000000002dda                nrk_signal_create
                0x0000000000002e4c                nrk_signal_get_registered_mask
                0x0000000000002e5e                nrk_signal_delete
                0x0000000000002f8a                nrk_signal_unregister
                0x0000000000003004                nrk_signal_register
                0x0000000000003066                nrk_event_signal
                0x0000000000003148                nrk_event_wait
                0x00000000000031c2                nrk_sem_create
                0x000000000000320a                nrk_get_resource_index
                0x0000000000003224                nrk_sem_delete
                0x0000000000003266                nrk_sem_post
                0x000000000000333a                nrk_sem_pend
                0x00000000000033ec                nrk_sem_query
 .text          0x000000000000341c      0x668 ../../../src/kernel/source/nrk_task.o
                0x000000000000341c                nrk_get_high_ready_task_ID
                0x0000000000003428                nrk_print_readyQ
                0x000000000000343e                nrk_add_to_readyQ
                0x0000000000003582                nrk_rem_from_readyQ
                0x0000000000003622                nrk_activate_task
                0x00000000000036b0                nrk_set_next_wakeup
                0x000000000000371c                _nrk_wait_for_scheduler
                0x0000000000003730                nrk_wait
                0x00000000000037de                nrk_wait_until_nw
                0x000000000000382c                nrk_wait_until_ticks
                0x0000000000003882                nrk_wait_ticks
                0x00000000000038f0                nrk_wait_until_next_n_periods
                0x0000000000003952                nrk_wait_until_next_period
                0x00000000000039aa                nrk_terminate_task
                0x00000000000039cc                nrk_wait_until
                0x0000000000003a78                nrk_get_pid
 .text          0x0000000000003a84      0x63a ../../../src/kernel/source/nrk_time.o
                0x0000000000003a84                nrk_time_get
                0x0000000000003b3c                nrk_time_sub
                0x0000000000003c66                nrk_time_compact_nanos
                0x0000000000003caa                nrk_time_add
                0x0000000000003d60                nrk_time_set
                0x0000000000003d82                _nrk_time_to_ticks
                0x0000000000003ef2                _nrk_ticks_to_time
                0x0000000000003f60                _nrk_time_to_ticks_long
 .text          0x00000000000040be       0x48 ../../../src/kernel/source/nrk_idle_task.o
                0x00000000000040be                nrk_idle_task
 .text          0x0000000000004106      0x49c ../../../src/kernel/source/nrk_scheduler.o
                0x0000000000004106                _nrk_scheduler
 .text          0x00000000000045a2      0x1e6 ../../../src/kernel/source/nrk_driver.o
                0x00000000000045a2                nrk_register_driver
                0x00000000000045d2                nrk_open
                0x0000000000004664                nrk_close
                0x00000000000046a0                nrk_write
                0x00000000000046da                nrk_read
                0x0000000000004714                nrk_set_status
                0x000000000000474e                nrk_get_status
 .text          0x0000000000004788        0x0 ../../../src/kernel/source/nrk_reserve.o
 .text          0x0000000000004788        0x0 ../../../src/kernel/source/nrk_sw_wdt.o
 .text          0x0000000000004788      0x396 ../../../src/kernel/hal/atmega128rfa1/nrk_timer.o
                0x0000000000004788                nrk_spin_wait_us
                0x00000000000047a6                _nrk_precision_os_timer_stop
                0x00000000000047ac                _nrk_precision_os_timer_start
                0x00000000000047c0                _nrk_precision_os_timer_reset
                0x00000000000047ca                _nrk_precision_os_timer_get
                0x00000000000047f0                _nrk_high_speed_timer_stop
                0x00000000000047f6                _nrk_high_speed_timer_start
                0x00000000000047fe                _nrk_high_speed_timer_reset
                0x000000000000480e                _nrk_high_speed_timer_get
                0x0000000000004834                nrk_high_speed_timer_wait
                0x0000000000004894                _nrk_os_timer_stop
                0x00000000000048aa                _nrk_os_timer_set
                0x00000000000048b0                _nrk_os_timer_start
                0x00000000000048c2                _nrk_os_timer_reset
                0x00000000000048d6                _nrk_setup_timer
                0x0000000000004958                _nrk_get_next_wakeup
                0x0000000000004960                _nrk_set_next_wakeup
                0x0000000000004968                nrk_timer_int_stop
                0x0000000000004974                nrk_timer_int_reset
                0x0000000000004988                nrk_timer_int_read
                0x000000000000499e                nrk_timer_int_start
                0x00000000000049b0                nrk_timer_int_configure
                0x0000000000004a26                _nrk_os_timer_get
                0x0000000000004a2c                __vector_default
                0x0000000000004a40                __vector_13
                0x0000000000004a40                __vector_15
                0x0000000000004aa6                __vector_32
                0x0000000000004b0a                SIG_OUTPUT_COMPARE1A
 .text          0x0000000000004b1e       0x4c ../../../src/kernel/hal/atmega128rfa1/nrk_status.o
                0x0000000000004b1e                _nrk_startup_error
 .text          0x0000000000004b6a      0x3aa ../../../src/kernel/hal/atmega128rfa1/nrk_ext_int.o
                0x0000000000004b6a                nrk_ext_int_enable
                0x0000000000004bec                nrk_ext_int_disable
                0x0000000000004c6e                nrk_ext_int_configure
                0x0000000000004d84                __vector_9
                0x0000000000004de8                __vector_1
                0x0000000000004e4c                __vector_2
                0x0000000000004eb0                __vector_3
 .text          0x0000000000004f14       0x4c ../../../src/kernel/hal/atmega128rfa1/nrk_watchdog.o
                0x0000000000004f14                nrk_watchdog_disable
                0x0000000000004f30                nrk_watchdog_enable
                0x0000000000004f4e                nrk_watchdog_check
                0x0000000000004f5c                nrk_watchdog_reset
 .text          0x0000000000004f60      0x148 ../../../src/kernel/hal/atmega128rfa1/nrk_cpu.o
                0x0000000000004f60                nrk_battery_save
                0x0000000000004f62                nrk_sleep
                0x0000000000004f7a                nrk_idle
                0x0000000000004f90                nrk_task_set_entry_function
                0x0000000000004f98                nrk_task_set_stk
                0x0000000000004fd6                nrk_task_stk_init
                0x0000000000005074                nrk_stack_pointer_init
                0x0000000000005092                nrk_stack_pointer_restore
                0x00000000000050a0                nrk_target_start
 .text          0x00000000000050a8       0x56 ../../../src/kernel/hal/atmega128rfa1/atmel_hw_specific.o
                0x00000000000050a8                nrk_start_high_ready_task
 .text          0x00000000000050fe        0x0 /opt/local/lib/gcc/avr/4.7.2/../../../../avr/lib/avr51/libprintf_min.a(vfprintf_min.o)
 .text          0x00000000000050fe        0x0 /opt/local/lib/gcc/avr/4.7.2/../../../../avr/lib/avr51/libm.a(fixunssfsi.o)
 .text          0x00000000000050fe        0x0 /opt/local/lib/gcc/avr/4.7.2/../../../../avr/lib/avr51/libm.a(floatsisf.o)
 .text          0x00000000000050fe        0x0 /opt/local/lib/gcc/avr/4.7.2/../../../../avr/lib/avr51/libm.a(fp_split3.o)
 .text          0x00000000000050fe        0x0 /opt/local/lib/gcc/avr/4.7.2/../../../../avr/lib/avr51/libm.a(fp_zero.o)
 .text          0x00000000000050fe        0x0 /opt/local/lib/gcc/avr/4.7.2/../../../../avr/lib/avr51/libm.a(sqrt.o)
 .text          0x00000000000050fe        0x0 /opt/local/lib/gcc/avr/4.7.2/../../../../avr/lib/avr51/libm.a(fp_mpack.o)
 .text          0x00000000000050fe        0x0 /opt/local/lib/gcc/avr/4.7.2/../../../../avr/lib/avr51/libm.a(fp_nan.o)
 .text          0x00000000000050fe        0x0 /opt/local/lib/gcc/avr/4.7.2/../../../../avr/lib/avr51/libm.a(fp_norm2.o)
 .text          0x00000000000050fe        0x0 /opt/local/lib/gcc/avr/4.7.2/avr51/libgcc.a(_umulhisi3.o)
 .text          0x00000000000050fe        0x0 /opt/local/lib/gcc/avr/4.7.2/avr51/libgcc.a(_muluhisi3.o)
 .text          0x00000000000050fe        0x0 /opt/local/lib/gcc/avr/4.7.2/avr51/libgcc.a(_mulshisi3.o)
 .text          0x00000000000050fe        0x0 /opt/local/lib/gcc/avr/4.7.2/avr51/libgcc.a(_mulsi3.o)
 .text          0x00000000000050fe        0x0 /opt/local/lib/gcc/avr/4.7.2/avr51/libgcc.a(_udivmodhi4.o)
 .text          0x00000000000050fe        0x0 /opt/local/lib/gcc/avr/4.7.2/avr51/libgcc.a(_udivmodsi4.o)
 .text          0x00000000000050fe        0x0 /opt/local/lib/gcc/avr/4.7.2/avr51/libgcc.a(_divmodsi4.o)
 .text          0x00000000000050fe        0x0 /opt/local/lib/gcc/avr/4.7.2/avr51/libgcc.a(_udivdi3.o)
 .text          0x00000000000050fe        0x0 /opt/local/lib/gcc/avr/4.7.2/avr51/libgcc.a(_udivmod64.o)
 .text          0x00000000000050fe        0x0 /opt/local/lib/gcc/avr/4.7.2/avr51/libgcc.a(_exit.o)
 .text          0x00000000000050fe        0x0 /opt/local/lib/gcc/avr/4.7.2/avr51/libgcc.a(_tablejump.o)
 .text          0x00000000000050fe        0x0 /opt/local/lib/gcc/avr/4.7.2/avr51/libgcc.a(_copy_data.o)
 .text          0x00000000000050fe        0x0 /opt/local/lib/gcc/avr/4.7.2/avr51/libgcc.a(_clear_bss.o)
 .text          0x00000000000050fe        0x0 /opt/local/lib/gcc/avr/4.7.2/avr51/libgcc.a(_adddi3.o)
 .text          0x00000000000050fe        0x0 /opt/local/lib/gcc/avr/4.7.2/../../../../avr/lib/avr51/libc.a(malloc.o)
 .text          0x00000000000050fe        0x0 /opt/local/lib/gcc/avr/4.7.2/../../../../avr/lib/avr51/libc.a(strchr_P.o)
 .text          0x00000000000050fe        0x0 /opt/local/lib/gcc/avr/4.7.2/../../../../avr/lib/avr51/libc.a(memcpy.o)
 .text          0x00000000000050fe        0x0 /opt/local/lib/gcc/avr/4.7.2/../../../../avr/lib/avr51/libc.a(fdevopen.o)
 .text          0x00000000000050fe        0x0 /opt/local/lib/gcc/avr/4.7.2/../../../../avr/lib/avr51/libc.a(fputc.o)
 .text          0x00000000000050fe        0x0 /opt/local/lib/gcc/avr/4.7.2/../../../../avr/lib/avr51/libc.a(iob.o)
 .text          0x00000000000050fe        0x0 /opt/local/lib/gcc/avr/4.7.2/../../../../avr/lib/avr51/libc.a(printf.o)
 .text          0x00000000000050fe        0x0 /opt/local/lib/gcc/avr/4.7.2/../../../../avr/lib/avr51/libc.a(putchar.o)
 .text          0x00000000000050fe        0x0 /opt/local/lib/gcc/avr/4.7.2/../../../../avr/lib/avr51/libc.a(puts.o)
 .text          0x00000000000050fe        0x0 /opt/local/lib/gcc/avr/4.7.2/../../../../avr/lib/avr51/libc.a(sprintf.o)
 .text          0x00000000000050fe        0x0 /opt/local/lib/gcc/avr/4.7.2/../../../../avr/lib/avr51/libc.a(ultoa_invert.o)
 .text          0x00000000000050fe        0x0 /opt/local/lib/gcc/avr/4.7.2/../../../../avr/lib/avr51/libc.a(eerd_byte_atmega128rfa1.o)
 .text          0x00000000000050fe        0x0 /opt/local/lib/gcc/avr/4.7.2/../../../../avr/lib/avr51/libc.a(eewr_byte_atmega128rfa1.o)
 .text          0x00000000000050fe        0x0 /opt/local/lib/gcc/avr/4.7.2/../../../../avr/lib/avr51/libc.a(calloc.o)
 .text          0x00000000000050fe        0x0 /opt/local/lib/gcc/avr/4.7.2/../../../../avr/lib/avr51/libc.a(memset.o)
                0x00000000000050fe                . = ALIGN (0x2)
 *(.text.*)
 .text.startup  0x00000000000050fe       0x50 main.o
                0x00000000000050fe                main
 .text.avr-libc
                0x000000000000514e      0x292 /opt/local/lib/gcc/avr/4.7.2/../../../../avr/lib/avr51/libprintf_min.a(vfprintf_min.o)
                0x000000000000514e                vfprintf
 .text.avr-libc.fplib
                0x00000000000053e0       0x58 /opt/local/lib/gcc/avr/4.7.2/../../../../avr/lib/avr51/libm.a(fixunssfsi.o)
                0x00000000000053e0                __fixunssfsi
 .text.avr-libc.fplib
                0x0000000000005438       0x7a /opt/local/lib/gcc/avr/4.7.2/../../../../avr/lib/avr51/libm.a(floatsisf.o)
                0x0000000000005438                __floatunsisf
                0x000000000000543c                __floatsisf
 .text.avr-libc.fplib
                0x00000000000054b2       0x44 /opt/local/lib/gcc/avr/4.7.2/../../../../avr/lib/avr51/libm.a(fp_split3.o)
                0x00000000000054b2                __fp_split3
                0x00000000000054c2                __fp_splitA
 .text.avr-libc.fplib
                0x00000000000054f6        0xe /opt/local/lib/gcc/avr/4.7.2/../../../../avr/lib/avr51/libm.a(fp_zero.o)
                0x00000000000054f6                __fp_zero
                0x00000000000054f8                __fp_szero
 .text.avr-libc.fplib
                0x0000000000005504       0x84 /opt/local/lib/gcc/avr/4.7.2/../../../../avr/lib/avr51/libm.a(sqrt.o)
                0x000000000000550c                sqrt
 .text.avr-libc.fplib
                0x0000000000005588       0x1c /opt/local/lib/gcc/avr/4.7.2/../../../../avr/lib/avr51/libm.a(fp_mpack.o)
                0x0000000000005588                __fp_mpack
                0x000000000000558c                __fp_mpack_finite
 .text.avr-libc.fplib
                0x00000000000055a4        0x6 /opt/local/lib/gcc/avr/4.7.2/../../../../avr/lib/avr51/libm.a(fp_nan.o)
                0x00000000000055a4                __fp_nan
 .text.avr-libc.fplib
                0x00000000000055aa        0xe /opt/local/lib/gcc/avr/4.7.2/../../../../avr/lib/avr51/libm.a(fp_norm2.o)
                0x00000000000055aa                __fp_norm2
 .text.libgcc.mul
                0x00000000000055b8       0x18 /opt/local/lib/gcc/avr/4.7.2/avr51/libgcc.a(_umulhisi3.o)
                0x00000000000055b8                __umulhisi3
 .text.libgcc.div
                0x00000000000055d0        0x0 /opt/local/lib/gcc/avr/4.7.2/avr51/libgcc.a(_umulhisi3.o)
 .text.libgcc   0x00000000000055d0        0x0 /opt/local/lib/gcc/avr/4.7.2/avr51/libgcc.a(_umulhisi3.o)
 .text.libgcc.prologue
                0x00000000000055d0        0x0 /opt/local/lib/gcc/avr/4.7.2/avr51/libgcc.a(_umulhisi3.o)
 .text.libgcc.builtins
                0x00000000000055d0        0x0 /opt/local/lib/gcc/avr/4.7.2/avr51/libgcc.a(_umulhisi3.o)
 .text.libgcc.fmul
                0x00000000000055d0        0x0 /opt/local/lib/gcc/avr/4.7.2/avr51/libgcc.a(_umulhisi3.o)
 .text.libgcc.mul
                0x00000000000055d0       0x16 /opt/local/lib/gcc/avr/4.7.2/avr51/libgcc.a(_muluhisi3.o)
                0x00000000000055d0                __muluhisi3
 .text.libgcc.div
                0x00000000000055e6        0x0 /opt/local/lib/gcc/avr/4.7.2/avr51/libgcc.a(_muluhisi3.o)
 .text.libgcc   0x00000000000055e6        0x0 /opt/local/lib/gcc/avr/4.7.2/avr51/libgcc.a(_muluhisi3.o)
 .text.libgcc.prologue
                0x00000000000055e6        0x0 /opt/local/lib/gcc/avr/4.7.2/avr51/libgcc.a(_muluhisi3.o)
 .text.libgcc.builtins
                0x00000000000055e6        0x0 /opt/local/lib/gcc/avr/4.7.2/avr51/libgcc.a(_muluhisi3.o)
 .text.libgcc.fmul
                0x00000000000055e6        0x0 /opt/local/lib/gcc/avr/4.7.2/avr51/libgcc.a(_muluhisi3.o)
 .text.libgcc.mul
                0x00000000000055e6       0x10 /opt/local/lib/gcc/avr/4.7.2/avr51/libgcc.a(_mulshisi3.o)
                0x00000000000055e6                __mulshisi3
                0x00000000000055ec                __mulohisi3
 .text.libgcc.div
                0x00000000000055f6        0x0 /opt/local/lib/gcc/avr/4.7.2/avr51/libgcc.a(_mulshisi3.o)
 .text.libgcc   0x00000000000055f6        0x0 /opt/local/lib/gcc/avr/4.7.2/avr51/libgcc.a(_mulshisi3.o)
 .text.libgcc.prologue
                0x00000000000055f6        0x0 /opt/local/lib/gcc/avr/4.7.2/avr51/libgcc.a(_mulshisi3.o)
 .text.libgcc.builtins
                0x00000000000055f6        0x0 /opt/local/lib/gcc/avr/4.7.2/avr51/libgcc.a(_mulshisi3.o)
 .text.libgcc.fmul
                0x00000000000055f6        0x0 /opt/local/lib/gcc/avr/4.7.2/avr51/libgcc.a(_mulshisi3.o)
 .text.libgcc.mul
                0x00000000000055f6       0x20 /opt/local/lib/gcc/avr/4.7.2/avr51/libgcc.a(_mulsi3.o)
                0x00000000000055f6                __mulsi3
 .text.libgcc.div
                0x0000000000005616        0x0 /opt/local/lib/gcc/avr/4.7.2/avr51/libgcc.a(_mulsi3.o)
 .text.libgcc   0x0000000000005616        0x0 /opt/local/lib/gcc/avr/4.7.2/avr51/libgcc.a(_mulsi3.o)
 .text.libgcc.prologue
                0x0000000000005616        0x0 /opt/local/lib/gcc/avr/4.7.2/avr51/libgcc.a(_mulsi3.o)
 .text.libgcc.builtins
                0x0000000000005616        0x0 /opt/local/lib/gcc/avr/4.7.2/avr51/libgcc.a(_mulsi3.o)
 .text.libgcc.fmul
                0x0000000000005616        0x0 /opt/local/lib/gcc/avr/4.7.2/avr51/libgcc.a(_mulsi3.o)
 .text.libgcc.mul
                0x0000000000005616        0x0 /opt/local/lib/gcc/avr/4.7.2/avr51/libgcc.a(_udivmodhi4.o)
 .text.libgcc.div
                0x0000000000005616       0x28 /opt/local/lib/gcc/avr/4.7.2/avr51/libgcc.a(_udivmodhi4.o)
                0x0000000000005616                __udivmodhi4
 .text.libgcc   0x000000000000563e        0x0 /opt/local/lib/gcc/avr/4.7.2/avr51/libgcc.a(_udivmodhi4.o)
 .text.libgcc.prologue
                0x000000000000563e        0x0 /opt/local/lib/gcc/avr/4.7.2/avr51/libgcc.a(_udivmodhi4.o)
 .text.libgcc.builtins
                0x000000000000563e        0x0 /opt/local/lib/gcc/avr/4.7.2/avr51/libgcc.a(_udivmodhi4.o)
 .text.libgcc.fmul
                0x000000000000563e        0x0 /opt/local/lib/gcc/avr/4.7.2/avr51/libgcc.a(_udivmodhi4.o)
 .text.libgcc.mul
                0x000000000000563e        0x0 /opt/local/lib/gcc/avr/4.7.2/avr51/libgcc.a(_udivmodsi4.o)
 .text.libgcc.div
                0x000000000000563e       0x44 /opt/local/lib/gcc/avr/4.7.2/avr51/libgcc.a(_udivmodsi4.o)
                0x000000000000563e                __udivmodsi4
 .text.libgcc   0x0000000000005682        0x0 /opt/local/lib/gcc/avr/4.7.2/avr51/libgcc.a(_udivmodsi4.o)
 .text.libgcc.prologue
                0x0000000000005682        0x0 /opt/local/lib/gcc/avr/4.7.2/avr51/libgcc.a(_udivmodsi4.o)
 .text.libgcc.builtins
                0x0000000000005682        0x0 /opt/local/lib/gcc/avr/4.7.2/avr51/libgcc.a(_udivmodsi4.o)
 .text.libgcc.fmul
                0x0000000000005682        0x0 /opt/local/lib/gcc/avr/4.7.2/avr51/libgcc.a(_udivmodsi4.o)
 .text.libgcc.mul
                0x0000000000005682        0x0 /opt/local/lib/gcc/avr/4.7.2/avr51/libgcc.a(_divmodsi4.o)
 .text.libgcc.div
                0x0000000000005682       0x38 /opt/local/lib/gcc/avr/4.7.2/avr51/libgcc.a(_divmodsi4.o)
                0x0000000000005682                __divmodsi4
 .text.libgcc   0x00000000000056ba        0x0 /opt/local/lib/gcc/avr/4.7.2/avr51/libgcc.a(_divmodsi4.o)
 .text.libgcc.prologue
                0x00000000000056ba        0x0 /opt/local/lib/gcc/avr/4.7.2/avr51/libgcc.a(_divmodsi4.o)
 .text.libgcc.builtins
                0x00000000000056ba        0x0 /opt/local/lib/gcc/avr/4.7.2/avr51/libgcc.a(_divmodsi4.o)
 .text.libgcc.fmul
                0x00000000000056ba        0x0 /opt/local/lib/gcc/avr/4.7.2/avr51/libgcc.a(_divmodsi4.o)
 .text.libgcc.mul
                0x00000000000056ba        0x0 /opt/local/lib/gcc/avr/4.7.2/avr51/libgcc.a(_udivdi3.o)
 .text.libgcc.div
                0x00000000000056ba       0x1c /opt/local/lib/gcc/avr/4.7.2/avr51/libgcc.a(_udivdi3.o)
                0x00000000000056ba                __umoddi3
                0x00000000000056be                __udivdi3
                0x00000000000056c0                __udivdi3_umoddi3
 .text.libgcc   0x00000000000056d6        0x0 /opt/local/lib/gcc/avr/4.7.2/avr51/libgcc.a(_udivdi3.o)
 .text.libgcc.prologue
                0x00000000000056d6        0x0 /opt/local/lib/gcc/avr/4.7.2/avr51/libgcc.a(_udivdi3.o)
 .text.libgcc.builtins
                0x00000000000056d6        0x0 /opt/local/lib/gcc/avr/4.7.2/avr51/libgcc.a(_udivdi3.o)
 .text.libgcc.fmul
                0x00000000000056d6        0x0 /opt/local/lib/gcc/avr/4.7.2/avr51/libgcc.a(_udivdi3.o)
 .text.libgcc.mul
                0x00000000000056d6        0x0 /opt/local/lib/gcc/avr/4.7.2/avr51/libgcc.a(_udivmod64.o)
 .text.libgcc.div
                0x00000000000056d6       0xa2 /opt/local/lib/gcc/avr/4.7.2/avr51/libgcc.a(_udivmod64.o)
                0x00000000000056d6                __udivmod64
 .text.libgcc   0x0000000000005778        0x0 /opt/local/lib/gcc/avr/4.7.2/avr51/libgcc.a(_udivmod64.o)
 .text.libgcc.prologue
                0x0000000000005778        0x0 /opt/local/lib/gcc/avr/4.7.2/avr51/libgcc.a(_udivmod64.o)
 .text.libgcc.builtins
                0x0000000000005778        0x0 /opt/local/lib/gcc/avr/4.7.2/avr51/libgcc.a(_udivmod64.o)
 .text.libgcc.fmul
                0x0000000000005778        0x0 /opt/local/lib/gcc/avr/4.7.2/avr51/libgcc.a(_udivmod64.o)
 .text.libgcc.mul
                0x0000000000005778        0x0 /opt/local/lib/gcc/avr/4.7.2/avr51/libgcc.a(_exit.o)
 .text.libgcc.div
                0x0000000000005778        0x0 /opt/local/lib/gcc/avr/4.7.2/avr51/libgcc.a(_exit.o)
 .text.libgcc   0x0000000000005778        0x0 /opt/local/lib/gcc/avr/4.7.2/avr51/libgcc.a(_exit.o)
 .text.libgcc.prologue
                0x0000000000005778        0x0 /opt/local/lib/gcc/avr/4.7.2/avr51/libgcc.a(_exit.o)
 .text.libgcc.builtins
                0x0000000000005778        0x0 /opt/local/lib/gcc/avr/4.7.2/avr51/libgcc.a(_exit.o)
 .text.libgcc.fmul
                0x0000000000005778        0x0 /opt/local/lib/gcc/avr/4.7.2/avr51/libgcc.a(_exit.o)
 .text.libgcc.mul
                0x0000000000005778        0x0 /opt/local/lib/gcc/avr/4.7.2/avr51/libgcc.a(_tablejump.o)
 .text.libgcc.div
                0x0000000000005778        0x0 /opt/local/lib/gcc/avr/4.7.2/avr51/libgcc.a(_tablejump.o)
 .text.libgcc   0x0000000000005778        0xc /opt/local/lib/gcc/avr/4.7.2/avr51/libgcc.a(_tablejump.o)
                0x0000000000005778                __tablejump2__
                0x000000000000577c                __tablejump__
 .text.libgcc.prologue
                0x0000000000005784        0x0 /opt/local/lib/gcc/avr/4.7.2/avr51/libgcc.a(_tablejump.o)
 .text.libgcc.builtins
                0x0000000000005784        0x0 /opt/local/lib/gcc/avr/4.7.2/avr51/libgcc.a(_tablejump.o)
 .text.libgcc.fmul
                0x0000000000005784        0x0 /opt/local/lib/gcc/avr/4.7.2/avr51/libgcc.a(_tablejump.o)
 .text.libgcc.mul
                0x0000000000005784        0x0 /opt/local/lib/gcc/avr/4.7.2/avr51/libgcc.a(_copy_data.o)
 .text.libgcc.div
                0x0000000000005784        0x0 /opt/local/lib/gcc/avr/4.7.2/avr51/libgcc.a(_copy_data.o)
 .text.libgcc   0x0000000000005784        0x0 /opt/local/lib/gcc/avr/4.7.2/avr51/libgcc.a(_copy_data.o)
 .text.libgcc.prologue
                0x0000000000005784        0x0 /opt/local/lib/gcc/avr/4.7.2/avr51/libgcc.a(_copy_data.o)
 .text.libgcc.builtins
                0x0000000000005784        0x0 /opt/local/lib/gcc/avr/4.7.2/avr51/libgcc.a(_copy_data.o)
 .text.libgcc.fmul
                0x0000000000005784        0x0 /opt/local/lib/gcc/avr/4.7.2/avr51/libgcc.a(_copy_data.o)
 .text.libgcc.mul
                0x0000000000005784        0x0 /opt/local/lib/gcc/avr/4.7.2/avr51/libgcc.a(_clear_bss.o)
 .text.libgcc.div
                0x0000000000005784        0x0 /opt/local/lib/gcc/avr/4.7.2/avr51/libgcc.a(_clear_bss.o)
 .text.libgcc   0x0000000000005784        0x0 /opt/local/lib/gcc/avr/4.7.2/avr51/libgcc.a(_clear_bss.o)
 .text.libgcc.prologue
                0x0000000000005784        0x0 /opt/local/lib/gcc/avr/4.7.2/avr51/libgcc.a(_clear_bss.o)
 .text.libgcc.builtins
                0x0000000000005784        0x0 /opt/local/lib/gcc/avr/4.7.2/avr51/libgcc.a(_clear_bss.o)
 .text.libgcc.fmul
                0x0000000000005784        0x0 /opt/local/lib/gcc/avr/4.7.2/avr51/libgcc.a(_clear_bss.o)
 .text.libgcc.mul
                0x0000000000005784        0x0 /opt/local/lib/gcc/avr/4.7.2/avr51/libgcc.a(_adddi3.o)
 .text.libgcc.div
                0x0000000000005784        0x0 /opt/local/lib/gcc/avr/4.7.2/avr51/libgcc.a(_adddi3.o)
 .text.libgcc   0x0000000000005784       0x12 /opt/local/lib/gcc/avr/4.7.2/avr51/libgcc.a(_adddi3.o)
                0x0000000000005784                __adddi3
 .text.libgcc.prologue
                0x0000000000005796        0x0 /opt/local/lib/gcc/avr/4.7.2/avr51/libgcc.a(_adddi3.o)
 .text.libgcc.builtins
                0x0000000000005796        0x0 /opt/local/lib/gcc/avr/4.7.2/avr51/libgcc.a(_adddi3.o)
 .text.libgcc.fmul
                0x0000000000005796        0x0 /opt/local/lib/gcc/avr/4.7.2/avr51/libgcc.a(_adddi3.o)
 .text.avr-libc
                0x0000000000005796      0x272 /opt/local/lib/gcc/avr/4.7.2/../../../../avr/lib/avr51/libc.a(malloc.o)
                0x0000000000005796                malloc
                0x00000000000058cc                free
 .text.avr-libc
                0x0000000000005a08       0x16 /opt/local/lib/gcc/avr/4.7.2/../../../../avr/lib/avr51/libc.a(strchr_P.o)
                0x0000000000005a08                strchr_P
 .text.avr-libc
                0x0000000000005a1e       0x12 /opt/local/lib/gcc/avr/4.7.2/../../../../avr/lib/avr51/libc.a(memcpy.o)
                0x0000000000005a1e                memcpy
 .text.avr-libc
                0x0000000000005a30       0x96 /opt/local/lib/gcc/avr/4.7.2/../../../../avr/lib/avr51/libc.a(fdevopen.o)
                0x0000000000005a30                fdevopen
 .text.avr-libc
                0x0000000000005ac6       0x58 /opt/local/lib/gcc/avr/4.7.2/../../../../avr/lib/avr51/libc.a(fputc.o)
                0x0000000000005ac6                fputc
 .text.avr-libc
                0x0000000000005b1e       0x2e /opt/local/lib/gcc/avr/4.7.2/../../../../avr/lib/avr51/libc.a(printf.o)
                0x0000000000005b1e                printf
 .text.avr-libc
                0x0000000000005b4c        0xc /opt/local/lib/gcc/avr/4.7.2/../../../../avr/lib/avr51/libc.a(putchar.o)
                0x0000000000005b4c                putchar
 .text.avr-libc
                0x0000000000005b58       0x5e /opt/local/lib/gcc/avr/4.7.2/../../../../avr/lib/avr51/libc.a(puts.o)
                0x0000000000005b58                puts
 .text.avr-libc
                0x0000000000005bb6       0x62 /opt/local/lib/gcc/avr/4.7.2/../../../../avr/lib/avr51/libc.a(sprintf.o)
                0x0000000000005bb6                sprintf
 .text.avr-libc
                0x0000000000005c18       0xbc /opt/local/lib/gcc/avr/4.7.2/../../../../avr/lib/avr51/libc.a(ultoa_invert.o)
                0x0000000000005c18                __ultoa_invert
 .text.avr-libc
                0x0000000000005cd4       0x10 /opt/local/lib/gcc/avr/4.7.2/../../../../avr/lib/avr51/libc.a(eerd_byte_atmega128rfa1.o)
                0x0000000000005cd4                __eerd_byte_m128rfa1
 .text.avr-libc
                0x0000000000005ce4       0x1c /opt/local/lib/gcc/avr/4.7.2/../../../../avr/lib/avr51/libc.a(eewr_byte_atmega128rfa1.o)
                0x0000000000005ce4                __eewr_byte_m128rfa1
                0x0000000000005ce6                __eewr_r18_m128rfa1
 .text.avr-libc
                0x0000000000005d00       0x3c /opt/local/lib/gcc/avr/4.7.2/../../../../avr/lib/avr51/libc.a(calloc.o)
                0x0000000000005d00                calloc
 .text.avr-libc
                0x0000000000005d3c        0xe /opt/local/lib/gcc/avr/4.7.2/../../../../avr/lib/avr51/libc.a(memset.o)
                0x0000000000005d3c                memset
                0x0000000000005d4a                . = ALIGN (0x2)
 *(.fini9)
 .fini9         0x0000000000005d4a        0x0 /opt/local/lib/gcc/avr/4.7.2/avr51/libgcc.a(_exit.o)
                0x0000000000005d4a                exit
                0x0000000000005d4a                _exit
 *(.fini9)
 *(.fini8)
 *(.fini8)
 *(.fini7)
 *(.fini7)
 *(.fini6)
 *(.fini6)
 *(.fini5)
 *(.fini5)
 *(.fini4)
 *(.fini4)
 *(.fini3)
 *(.fini3)
 *(.fini2)
 *(.fini2)
 *(.fini1)
 *(.fini1)
 *(.fini0)
 .fini0         0x0000000000005d4a        0x4 /opt/local/lib/gcc/avr/4.7.2/avr51/libgcc.a(_exit.o)
 *(.fini0)
                0x0000000000005d4e                _etext = .

.data           0x0000000000800200      0x146 load address 0x0000000000005d4e
                0x0000000000800200                PROVIDE (__data_start, .)
 *(.data)
 .data          0x0000000000800200        0x0 /opt/local/lib/gcc/avr/4.7.2/../../../../avr/lib/avr51/crtm128rfa1.o
 .data          0x0000000000800200        0x0 main.o
 .data          0x0000000000800200        0x0 ../../../src/drivers/platform/firefly3/source/ff_basic_sensor.o
 .data          0x0000000000800200        0x0 ../../../src/drivers/platform/firefly3/source/twi_base_calls.o
 .data          0x0000000000800200        0x0 ../../../src/radio/rf231_soc/source/basic_rf.o
 .data          0x0000000000800200        0x0 ../../../src/platform/firefly3/source/ulib.o
 .data          0x0000000000800200        0x0 ../../../src/platform/firefly3/source/hal_wait.o
 .data          0x0000000000800200        0x0 ../../../src/platform/firefly3/source/nrk_eeprom.o
 .data          0x0000000000800200        0x0 ../../../src/kernel/source/nrk.o
 .data          0x0000000000800200        0x0 ../../../src/kernel/source/nrk_stats.o
 .data          0x0000000000800200        0x0 ../../../src/kernel/source/nrk_error.o
 .data          0x0000000000800200        0x0 ../../../src/kernel/source/nrk_stack_check.o
 .data          0x0000000000800200        0x0 ../../../src/kernel/source/nrk_events.o
 .data          0x0000000000800200        0x0 ../../../src/kernel/source/nrk_task.o
 .data          0x0000000000800200        0x0 ../../../src/kernel/source/nrk_time.o
 .data          0x0000000000800200        0x0 ../../../src/kernel/source/nrk_idle_task.o
 .data          0x0000000000800200        0x0 ../../../src/kernel/source/nrk_scheduler.o
 .data          0x0000000000800200        0x0 ../../../src/kernel/source/nrk_driver.o
 .data          0x0000000000800200        0x0 ../../../src/kernel/source/nrk_reserve.o
 .data          0x0000000000800200        0x0 ../../../src/kernel/source/nrk_sw_wdt.o
 .data          0x0000000000800200        0x0 ../../../src/kernel/hal/atmega128rfa1/nrk_timer.o
 .data          0x0000000000800200        0x0 ../../../src/kernel/hal/atmega128rfa1/nrk_status.o
 .data          0x0000000000800200        0x0 ../../../src/kernel/hal/atmega128rfa1/nrk_ext_int.o
 .data          0x0000000000800200        0x0 ../../../src/kernel/hal/atmega128rfa1/nrk_watchdog.o
 .data          0x0000000000800200        0x0 ../../../src/kernel/hal/atmega128rfa1/nrk_cpu.o
 .data          0x0000000000800200        0x0 ../../../src/kernel/hal/atmega128rfa1/atmel_hw_specific.o
 .data          0x0000000000800200        0x0 /opt/local/lib/gcc/avr/4.7.2/../../../../avr/lib/avr51/libprintf_min.a(vfprintf_min.o)
 .data          0x0000000000800200        0x0 /opt/local/lib/gcc/avr/4.7.2/../../../../avr/lib/avr51/libm.a(fixunssfsi.o)
 .data          0x0000000000800200        0x0 /opt/local/lib/gcc/avr/4.7.2/../../../../avr/lib/avr51/libm.a(floatsisf.o)
 .data          0x0000000000800200        0x0 /opt/local/lib/gcc/avr/4.7.2/../../../../avr/lib/avr51/libm.a(fp_split3.o)
 .data          0x0000000000800200        0x0 /opt/local/lib/gcc/avr/4.7.2/../../../../avr/lib/avr51/libm.a(fp_zero.o)
 .data          0x0000000000800200        0x0 /opt/local/lib/gcc/avr/4.7.2/../../../../avr/lib/avr51/libm.a(sqrt.o)
 .data          0x0000000000800200        0x0 /opt/local/lib/gcc/avr/4.7.2/../../../../avr/lib/avr51/libm.a(fp_mpack.o)
 .data          0x0000000000800200        0x0 /opt/local/lib/gcc/avr/4.7.2/../../../../avr/lib/avr51/libm.a(fp_nan.o)
 .data          0x0000000000800200        0x0 /opt/local/lib/gcc/avr/4.7.2/../../../../avr/lib/avr51/libm.a(fp_norm2.o)
 .data          0x0000000000800200        0x0 /opt/local/lib/gcc/avr/4.7.2/avr51/libgcc.a(_umulhisi3.o)
 .data          0x0000000000800200        0x0 /opt/local/lib/gcc/avr/4.7.2/avr51/libgcc.a(_muluhisi3.o)
 .data          0x0000000000800200        0x0 /opt/local/lib/gcc/avr/4.7.2/avr51/libgcc.a(_mulshisi3.o)
 .data          0x0000000000800200        0x0 /opt/local/lib/gcc/avr/4.7.2/avr51/libgcc.a(_mulsi3.o)
 .data          0x0000000000800200        0x0 /opt/local/lib/gcc/avr/4.7.2/avr51/libgcc.a(_udivmodhi4.o)
 .data          0x0000000000800200        0x0 /opt/local/lib/gcc/avr/4.7.2/avr51/libgcc.a(_udivmodsi4.o)
 .data          0x0000000000800200        0x0 /opt/local/lib/gcc/avr/4.7.2/avr51/libgcc.a(_divmodsi4.o)
 .data          0x0000000000800200        0x0 /opt/local/lib/gcc/avr/4.7.2/avr51/libgcc.a(_udivdi3.o)
 .data          0x0000000000800200        0x0 /opt/local/lib/gcc/avr/4.7.2/avr51/libgcc.a(_udivmod64.o)
 .data          0x0000000000800200        0x0 /opt/local/lib/gcc/avr/4.7.2/avr51/libgcc.a(_exit.o)
 .data          0x0000000000800200        0x0 /opt/local/lib/gcc/avr/4.7.2/avr51/libgcc.a(_tablejump.o)
 .data          0x0000000000800200        0x0 /opt/local/lib/gcc/avr/4.7.2/avr51/libgcc.a(_copy_data.o)
 .data          0x0000000000800200        0x0 /opt/local/lib/gcc/avr/4.7.2/avr51/libgcc.a(_clear_bss.o)
 .data          0x0000000000800200        0x0 /opt/local/lib/gcc/avr/4.7.2/avr51/libgcc.a(_adddi3.o)
 .data          0x0000000000800200        0x6 /opt/local/lib/gcc/avr/4.7.2/../../../../avr/lib/avr51/libc.a(malloc.o)
                0x0000000000800200                __malloc_heap_end
                0x0000000000800202                __malloc_heap_start
                0x0000000000800204                __malloc_margin
 .data          0x0000000000800206        0x0 /opt/local/lib/gcc/avr/4.7.2/../../../../avr/lib/avr51/libc.a(strchr_P.o)
 .data          0x0000000000800206        0x0 /opt/local/lib/gcc/avr/4.7.2/../../../../avr/lib/avr51/libc.a(memcpy.o)
 .data          0x0000000000800206        0x0 /opt/local/lib/gcc/avr/4.7.2/../../../../avr/lib/avr51/libc.a(fdevopen.o)
 .data          0x0000000000800206        0x0 /opt/local/lib/gcc/avr/4.7.2/../../../../avr/lib/avr51/libc.a(fputc.o)
 .data          0x0000000000800206        0x0 /opt/local/lib/gcc/avr/4.7.2/../../../../avr/lib/avr51/libc.a(iob.o)
 .data          0x0000000000800206        0x0 /opt/local/lib/gcc/avr/4.7.2/../../../../avr/lib/avr51/libc.a(printf.o)
 .data          0x0000000000800206        0x0 /opt/local/lib/gcc/avr/4.7.2/../../../../avr/lib/avr51/libc.a(putchar.o)
 .data          0x0000000000800206        0x0 /opt/local/lib/gcc/avr/4.7.2/../../../../avr/lib/avr51/libc.a(puts.o)
 .data          0x0000000000800206        0x0 /opt/local/lib/gcc/avr/4.7.2/../../../../avr/lib/avr51/libc.a(sprintf.o)
 .data          0x0000000000800206        0x0 /opt/local/lib/gcc/avr/4.7.2/../../../../avr/lib/avr51/libc.a(ultoa_invert.o)
 .data          0x0000000000800206        0x0 /opt/local/lib/gcc/avr/4.7.2/../../../../avr/lib/avr51/libc.a(eerd_byte_atmega128rfa1.o)
 .data          0x0000000000800206        0x0 /opt/local/lib/gcc/avr/4.7.2/../../../../avr/lib/avr51/libc.a(eewr_byte_atmega128rfa1.o)
 .data          0x0000000000800206        0x0 /opt/local/lib/gcc/avr/4.7.2/../../../../avr/lib/avr51/libc.a(calloc.o)
 .data          0x0000000000800206        0x0 /opt/local/lib/gcc/avr/4.7.2/../../../../avr/lib/avr51/libc.a(memset.o)
 *(.data*)
 *(.rodata)
 .rodata        0x0000000000800206       0x1a ../../../src/platform/firefly3/source/ulib.o
                0x0000000000800206                NRK_ADC_INPUT_7
                0x0000000000800207                NRK_ADC_INPUT_6
                0x0000000000800208                NRK_ADC_INPUT_5
                0x0000000000800209                NRK_ADC_INPUT_4
                0x000000000080020a                NRK_ADC_INPUT_3
                0x000000000080020b                NRK_ADC_INPUT_2
                0x000000000080020c                NRK_ADC_INPUT_1
                0x000000000080020d                NRK_ADC_INPUT_0
                0x000000000080020e                NRK_GPIO34
                0x000000000080020f                NRK_UART0_TXD
                0x0000000000800210                NRK_UART0_RXD
                0x0000000000800211                NRK_LED_3
                0x0000000000800212                NRK_LED_2
                0x0000000000800213                NRK_LED_1
                0x0000000000800214                NRK_LED_0
                0x0000000000800215                NRK_UART1_TXD
                0x0000000000800216                NRK_UART1_RXD
                0x0000000000800217                NRK_BUTTON
                0x0000000000800218                NRK_MMC_9
                0x0000000000800219                NRK_MMC_10
                0x000000000080021a                NRK_MMC_11
                0x000000000080021b                NRK_GPIO26
                0x000000000080021c                NRK_MISO
                0x000000000080021d                NRK_MOSI
                0x000000000080021e                NRK_SCK
                0x000000000080021f                NRK_SPI_SS
 *(.rodata*)
 .rodata.str1.1
                0x0000000000800220       0x4b main.o
 .rodata.str1.1
                0x000000000080026b       0x17 ../../../src/drivers/platform/firefly3/source/twi_base_calls.o
 .rodata.str1.1
                0x0000000000800282       0x83 ../../../src/radio/rf231_soc/source/basic_rf.o
 .rodata.str1.1
                0x0000000000000000       0x83 ../../../src/kernel/source/nrk_error.o
                                          0x3 (size before relaxing)
 .rodata.str1.1
                0x0000000000800305       0x41 ../../../src/kernel/source/nrk_stack_check.o
                                         0x4e (size before relaxing)
 *(.gnu.linkonce.d*)
                0x0000000000800346                . = ALIGN (0x2)
                0x0000000000800346                _edata = .
                0x0000000000800346                PROVIDE (__data_end, .)

.bss            0x0000000000800346      0x309
                0x0000000000800346                PROVIDE (__bss_start, .)
 *(.bss)
 .bss           0x0000000000800346        0x0 /opt/local/lib/gcc/avr/4.7.2/../../../../avr/lib/avr51/crtm128rfa1.o
 .bss           0x0000000000800346        0x0 main.o
 .bss           0x0000000000800346        0x0 ../../../src/drivers/platform/firefly3/source/ff_basic_sensor.o
 .bss           0x0000000000800346        0x0 ../../../src/drivers/platform/firefly3/source/twi_base_calls.o
 .bss           0x0000000000800346        0x4 ../../../src/radio/rf231_soc/source/basic_rf.o
                0x0000000000800346                rx_end_func
                0x0000000000800348                rx_start_func
 .bss           0x000000000080034a        0x0 ../../../src/platform/firefly3/source/ulib.o
 .bss           0x000000000080034a        0x0 ../../../src/platform/firefly3/source/hal_wait.o
 .bss           0x000000000080034a        0x0 ../../../src/platform/firefly3/source/nrk_eeprom.o
 .bss           0x000000000080034a        0x0 ../../../src/kernel/source/nrk.o
 .bss           0x000000000080034a        0x0 ../../../src/kernel/source/nrk_stats.o
 .bss           0x000000000080034a        0x0 ../../../src/kernel/source/nrk_error.o
 .bss           0x000000000080034a        0x0 ../../../src/kernel/source/nrk_stack_check.o
 .bss           0x000000000080034a        0x0 ../../../src/kernel/source/nrk_events.o
 .bss           0x000000000080034a        0x0 ../../../src/kernel/source/nrk_task.o
 .bss           0x000000000080034a        0x0 ../../../src/kernel/source/nrk_time.o
 .bss           0x000000000080034a        0x0 ../../../src/kernel/source/nrk_idle_task.o
 .bss           0x000000000080034a        0x0 ../../../src/kernel/source/nrk_scheduler.o
 .bss           0x000000000080034a        0x0 ../../../src/kernel/source/nrk_driver.o
 .bss           0x000000000080034a        0x0 ../../../src/kernel/source/nrk_reserve.o
 .bss           0x000000000080034a        0x0 ../../../src/kernel/source/nrk_sw_wdt.o
 .bss           0x000000000080034a        0x0 ../../../src/kernel/hal/atmega128rfa1/nrk_timer.o
 .bss           0x000000000080034a        0x0 ../../../src/kernel/hal/atmega128rfa1/nrk_status.o
 .bss           0x000000000080034a        0x0 ../../../src/kernel/hal/atmega128rfa1/nrk_ext_int.o
 .bss           0x000000000080034a        0x0 ../../../src/kernel/hal/atmega128rfa1/nrk_watchdog.o
 .bss           0x000000000080034a        0x0 ../../../src/kernel/hal/atmega128rfa1/nrk_cpu.o
 .bss           0x000000000080034a        0x0 ../../../src/kernel/hal/atmega128rfa1/atmel_hw_specific.o
 .bss           0x000000000080034a        0x0 /opt/local/lib/gcc/avr/4.7.2/../../../../avr/lib/avr51/libprintf_min.a(vfprintf_min.o)
 .bss           0x000000000080034a        0x0 /opt/local/lib/gcc/avr/4.7.2/../../../../avr/lib/avr51/libm.a(fixunssfsi.o)
 .bss           0x000000000080034a        0x0 /opt/local/lib/gcc/avr/4.7.2/../../../../avr/lib/avr51/libm.a(floatsisf.o)
 .bss           0x000000000080034a        0x0 /opt/local/lib/gcc/avr/4.7.2/../../../../avr/lib/avr51/libm.a(fp_split3.o)
 .bss           0x000000000080034a        0x0 /opt/local/lib/gcc/avr/4.7.2/../../../../avr/lib/avr51/libm.a(fp_zero.o)
 .bss           0x000000000080034a        0x0 /opt/local/lib/gcc/avr/4.7.2/../../../../avr/lib/avr51/libm.a(sqrt.o)
 .bss           0x000000000080034a        0x0 /opt/local/lib/gcc/avr/4.7.2/../../../../avr/lib/avr51/libm.a(fp_mpack.o)
 .bss           0x000000000080034a        0x0 /opt/local/lib/gcc/avr/4.7.2/../../../../avr/lib/avr51/libm.a(fp_nan.o)
 .bss           0x000000000080034a        0x0 /opt/local/lib/gcc/avr/4.7.2/../../../../avr/lib/avr51/libm.a(fp_norm2.o)
 .bss           0x000000000080034a        0x0 /opt/local/lib/gcc/avr/4.7.2/avr51/libgcc.a(_umulhisi3.o)
 .bss           0x000000000080034a        0x0 /opt/local/lib/gcc/avr/4.7.2/avr51/libgcc.a(_muluhisi3.o)
 .bss           0x000000000080034a        0x0 /opt/local/lib/gcc/avr/4.7.2/avr51/libgcc.a(_mulshisi3.o)
 .bss           0x000000000080034a        0x0 /opt/local/lib/gcc/avr/4.7.2/avr51/libgcc.a(_mulsi3.o)
 .bss           0x000000000080034a        0x0 /opt/local/lib/gcc/avr/4.7.2/avr51/libgcc.a(_udivmodhi4.o)
 .bss           0x000000000080034a        0x0 /opt/local/lib/gcc/avr/4.7.2/avr51/libgcc.a(_udivmodsi4.o)
 .bss           0x000000000080034a        0x0 /opt/local/lib/gcc/avr/4.7.2/avr51/libgcc.a(_divmodsi4.o)
 .bss           0x000000000080034a        0x0 /opt/local/lib/gcc/avr/4.7.2/avr51/libgcc.a(_udivdi3.o)
 .bss           0x000000000080034a        0x0 /opt/local/lib/gcc/avr/4.7.2/avr51/libgcc.a(_udivmod64.o)
 .bss           0x000000000080034a        0x0 /opt/local/lib/gcc/avr/4.7.2/avr51/libgcc.a(_exit.o)
 .bss           0x000000000080034a        0x0 /opt/local/lib/gcc/avr/4.7.2/avr51/libgcc.a(_tablejump.o)
 .bss           0x000000000080034a        0x0 /opt/local/lib/gcc/avr/4.7.2/avr51/libgcc.a(_copy_data.o)
 .bss           0x000000000080034a        0x0 /opt/local/lib/gcc/avr/4.7.2/avr51/libgcc.a(_clear_bss.o)
 .bss           0x000000000080034a        0x0 /opt/local/lib/gcc/avr/4.7.2/avr51/libgcc.a(_adddi3.o)
 .bss           0x000000000080034a        0x0 /opt/local/lib/gcc/avr/4.7.2/../../../../avr/lib/avr51/libc.a(malloc.o)
 .bss           0x000000000080034a        0x0 /opt/local/lib/gcc/avr/4.7.2/../../../../avr/lib/avr51/libc.a(strchr_P.o)
 .bss           0x000000000080034a        0x0 /opt/local/lib/gcc/avr/4.7.2/../../../../avr/lib/avr51/libc.a(memcpy.o)
 .bss           0x000000000080034a        0x0 /opt/local/lib/gcc/avr/4.7.2/../../../../avr/lib/avr51/libc.a(fdevopen.o)
 .bss           0x000000000080034a        0x0 /opt/local/lib/gcc/avr/4.7.2/../../../../avr/lib/avr51/libc.a(fputc.o)
 .bss           0x000000000080034a        0x0 /opt/local/lib/gcc/avr/4.7.2/../../../../avr/lib/avr51/libc.a(iob.o)
 .bss           0x000000000080034a        0x0 /opt/local/lib/gcc/avr/4.7.2/../../../../avr/lib/avr51/libc.a(printf.o)
 .bss           0x000000000080034a        0x0 /opt/local/lib/gcc/avr/4.7.2/../../../../avr/lib/avr51/libc.a(putchar.o)
 .bss           0x000000000080034a        0x0 /opt/local/lib/gcc/avr/4.7.2/../../../../avr/lib/avr51/libc.a(puts.o)
 .bss           0x000000000080034a        0x0 /opt/local/lib/gcc/avr/4.7.2/../../../../avr/lib/avr51/libc.a(sprintf.o)
 .bss           0x000000000080034a        0x0 /opt/local/lib/gcc/avr/4.7.2/../../../../avr/lib/avr51/libc.a(ultoa_invert.o)
 .bss           0x000000000080034a        0x0 /opt/local/lib/gcc/avr/4.7.2/../../../../avr/lib/avr51/libc.a(eerd_byte_atmega128rfa1.o)
 .bss           0x000000000080034a        0x0 /opt/local/lib/gcc/avr/4.7.2/../../../../avr/lib/avr51/libc.a(eewr_byte_atmega128rfa1.o)
 .bss           0x000000000080034a        0x0 /opt/local/lib/gcc/avr/4.7.2/../../../../avr/lib/avr51/libc.a(calloc.o)
 .bss           0x000000000080034a        0x0 /opt/local/lib/gcc/avr/4.7.2/../../../../avr/lib/avr51/libc.a(memset.o)
 *(.bss*)
 *(COMMON)
 COMMON         0x000000000080034a      0x1d6 main.o
                0x000000000080034a                app_timer0_callback
                0x000000000080034c                error_task
                0x000000000080034d                _nrk_time_trigger
                0x000000000080034e                TaskOne
                0x0000000000800371                Stack2
                0x00000000008003f1                _nrk_signal_list
                0x00000000008003f5                audio_data
                0x00000000008003f7                Stack1
                0x0000000000800477                nrk_kernel_stk_ptr
                0x0000000000800479                app_timer0_prescale
                0x000000000080047a                _nrk_prev_timer_val
                0x000000000080047b                error_num
                0x000000000080047c                audio_data_size
                0x000000000080047d                nrk_idle_task_stk
                0x00000000008004fd                TaskTwo
 COMMON         0x0000000000800520       0x4c ../../../src/drivers/platform/firefly3/source/ff_basic_sensor.o
                0x0000000000800520                eeprom_values
                0x0000000000800536                B6
                0x000000000080053a                UT
                0x000000000080053e                X2
                0x0000000000800542                T
                0x0000000000800546                B5
                0x000000000080054a                is_open
                0x000000000080054b                X1
                0x000000000080054f                channel
                0x0000000000800550                X3
                0x0000000000800554                B4
                0x0000000000800558                h_cnt
                0x000000000080055c                B7
                0x0000000000800560                UP
                0x0000000000800564                P
                0x0000000000800568                B3
 COMMON         0x000000000080056c        0x2 ../../../src/drivers/platform/firefly3/source/twi_base_calls.o
                0x000000000080056c                twst
                0x000000000080056d                i2c_address
 COMMON         0x000000000080056e       0x33 ../../../src/radio/rf231_soc/source/basic_rf.o
                0x000000000080056e                rx_ctr
                0x0000000000800572                radio_sem
                0x0000000000800574                use_glossy
                0x0000000000800575                mdmctrl0
                0x0000000000800577                rfSettings
                0x0000000000800580                curr_t
                0x0000000000800588                tx_done
                0x0000000000800589                rf_ready
                0x000000000080058a                target_t
                0x0000000000800592                tx_ctr
                0x0000000000800598                rx_ready
                0x0000000000800599                dummy_t
 COMMON         0x00000000008005a1       0x95 ../../../src/kernel/source/nrk.o
                0x00000000008005a1                _free_node
                0x00000000008005a3                nrk_task_TCB
                0x0000000000800606                next_next_wakeup
                0x0000000000800608                nrk_sem_list
                0x000000000080060e                nrk_task_init_cnt
                0x000000000080060f                nrk_wakeup_signal
                0x0000000000800610                nrk_high_ready_TCB
                0x0000000000800612                nrk_cur_task_prio
                0x0000000000800613                _nrk_cpu_state
                0x0000000000800614                _head_node
                0x0000000000800616                nrk_system_time
                0x000000000080061e                _nrk_resource_cnt
                0x000000000080061f                nrk_cur_task_TCB
                0x0000000000800621                nrk_high_ready_prio
                0x0000000000800622                _nrk_readyQ
 COMMON         0x0000000000800636        0x1 ../../../src/kernel/source/nrk_scheduler.o
                0x0000000000800636                t
 COMMON         0x0000000000800637        0x6 ../../../src/kernel/source/nrk_driver.o
                0x0000000000800637                _nrk_driver_count
                0x0000000000800638                nrk_drivers
                0x000000000080063c                nrk_driver_init
 COMMON         0x000000000080063d        0x8 ../../../src/kernel/hal/atmega128rfa1/nrk_ext_int.o
                0x000000000080063d                ext_int1_callback
                0x000000000080063f                ext_int0_callback
                0x0000000000800641                ext_int2_callback
                0x0000000000800643                pc_int0_callback
 COMMON         0x0000000000800645        0x4 /opt/local/lib/gcc/avr/4.7.2/../../../../avr/lib/avr51/libc.a(malloc.o)
                0x0000000000800645                __brkval
                0x0000000000800647                __flp
 COMMON         0x0000000000800649        0x6 /opt/local/lib/gcc/avr/4.7.2/../../../../avr/lib/avr51/libc.a(iob.o)
                0x0000000000800649                __iob
                0x000000000080064f                PROVIDE (__bss_end, .)
                0x0000000000005d4e                __data_load_start = LOADADDR (.data)
                0x0000000000005e94                __data_load_end = (__data_load_start + SIZEOF (.data))

.noinit         0x000000000080064f        0x0
                0x000000000080064f                PROVIDE (__noinit_start, .)
 *(.noinit*)
                0x000000000080064f                PROVIDE (__noinit_end, .)
                0x000000000080064f                _end = .
                0x000000000080064f                PROVIDE (__heap_start, .)

.eeprom         0x0000000000810000        0x0
 *(.eeprom*)
                0x0000000000810000                __eeprom_end = .

.fuse
 *(.fuse)
 *(.lfuse)
 *(.hfuse)
 *(.efuse)

.lock
 *(.lock*)

.signature
 *(.signature*)

.stab           0x0000000000000000    0x12b04
 *(.stab)
 .stab          0x0000000000000000      0x6cc /opt/local/lib/gcc/avr/4.7.2/../../../../avr/lib/avr51/crtm128rfa1.o
 .stab          0x00000000000006cc     0x1494 main.o
                                       0x14a0 (size before relaxing)
 .stab          0x0000000000001b60     0x114c ../../../src/drivers/platform/firefly3/source/ff_basic_sensor.o
                                       0x1c80 (size before relaxing)
 .stab          0x0000000000002cac      0x9b4 ../../../src/drivers/platform/firefly3/source/twi_base_calls.o
                                       0x14e8 (size before relaxing)
 .stab          0x0000000000003660     0x1cbc ../../../src/radio/rf231_soc/source/basic_rf.o
                                       0x2754 (size before relaxing)
 .stab          0x000000000000531c     0x1158 ../../../src/platform/firefly3/source/ulib.o
                                       0x1be4 (size before relaxing)
 .stab          0x0000000000006474      0x1f8 ../../../src/platform/firefly3/source/hal_wait.o
                                        0xbd0 (size before relaxing)
 .stab          0x000000000000666c      0x66c ../../../src/platform/firefly3/source/nrk_eeprom.o
                                       0x10d4 (size before relaxing)
 .stab          0x0000000000006cd8      0x9a8 ../../../src/kernel/source/nrk.o
                                       0x14a0 (size before relaxing)
 .stab          0x0000000000007680      0x2a0 ../../../src/kernel/source/nrk_stats.o
                                        0xdbc (size before relaxing)
 .stab          0x0000000000007920      0xa2c ../../../src/kernel/source/nrk_error.o
                                       0x1554 (size before relaxing)
 .stab          0x000000000000834c      0x4a4 ../../../src/kernel/source/nrk_stack_check.o
                                        0xfc0 (size before relaxing)
 .stab          0x00000000000087f0      0xef4 ../../../src/kernel/source/nrk_events.o
                                       0x1a28 (size before relaxing)
 .stab          0x00000000000096e4      0xf60 ../../../src/kernel/source/nrk_task.o
                                       0x1a94 (size before relaxing)
 .stab          0x000000000000a644      0x7d4 ../../../src/kernel/source/nrk_time.o
                                       0x1308 (size before relaxing)
 .stab          0x000000000000ae18      0x33c ../../../src/kernel/source/nrk_idle_task.o
                                        0xe70 (size before relaxing)
 .stab          0x000000000000b154      0x7ec ../../../src/kernel/source/nrk_scheduler.o
                                       0x1320 (size before relaxing)
 .stab          0x000000000000b940      0x6fc ../../../src/kernel/source/nrk_driver.o
                                       0x1254 (size before relaxing)
 .stab          0x000000000000c03c       0xe4 ../../../src/kernel/source/nrk_reserve.o
                                         0xf0 (size before relaxing)
 .stab          0x000000000000c120      0x210 ../../../src/kernel/source/nrk_sw_wdt.o
                                        0xd2c (size before relaxing)
 .stab          0x000000000000c330      0xf90 ../../../src/kernel/hal/atmega128rfa1/nrk_timer.o
                                       0x1ab8 (size before relaxing)
 .stab          0x000000000000d2c0      0x2f4 ../../../src/kernel/hal/atmega128rfa1/nrk_status.o
                                        0xd80 (size before relaxing)
 .stab          0x000000000000d5b4      0x894 ../../../src/kernel/hal/atmega128rfa1/nrk_ext_int.o
                                       0x1320 (size before relaxing)
 .stab          0x000000000000de48      0x3b4 ../../../src/kernel/hal/atmega128rfa1/nrk_watchdog.o
                                        0xec4 (size before relaxing)
 .stab          0x000000000000e1fc      0x714 ../../../src/kernel/hal/atmega128rfa1/nrk_cpu.o
                                       0x123c (size before relaxing)
 .stab          0x000000000000e910      0x204 ../../../src/kernel/hal/atmega128rfa1/atmel_hw_specific.o
                                        0x210 (size before relaxing)
 .stab          0x000000000000eb14      0x7f8 /opt/local/lib/gcc/avr/4.7.2/../../../../avr/lib/avr51/libprintf_min.a(vfprintf_min.o)
                                        0x804 (size before relaxing)
 .stab          0x000000000000f30c      0x240 /opt/local/lib/gcc/avr/4.7.2/../../../../avr/lib/avr51/libm.a(fixunssfsi.o)
                                        0x24c (size before relaxing)
 .stab          0x000000000000f54c      0x318 /opt/local/lib/gcc/avr/4.7.2/../../../../avr/lib/avr51/libm.a(floatsisf.o)
                                        0x324 (size before relaxing)
 .stab          0x000000000000f864      0x1d4 /opt/local/lib/gcc/avr/4.7.2/../../../../avr/lib/avr51/libm.a(fp_split3.o)
                                        0x1e0 (size before relaxing)
 .stab          0x000000000000fa38       0x90 /opt/local/lib/gcc/avr/4.7.2/../../../../avr/lib/avr51/libm.a(fp_zero.o)
                                         0x9c (size before relaxing)
 .stab          0x000000000000fac8      0x354 /opt/local/lib/gcc/avr/4.7.2/../../../../avr/lib/avr51/libm.a(sqrt.o)
                                        0x360 (size before relaxing)
 .stab          0x000000000000fe1c       0xe4 /opt/local/lib/gcc/avr/4.7.2/../../../../avr/lib/avr51/libm.a(fp_mpack.o)
                                         0xf0 (size before relaxing)
 .stab          0x000000000000ff00       0x54 /opt/local/lib/gcc/avr/4.7.2/../../../../avr/lib/avr51/libm.a(fp_nan.o)
                                         0x60 (size before relaxing)
 .stab          0x000000000000ff54       0x84 /opt/local/lib/gcc/avr/4.7.2/../../../../avr/lib/avr51/libm.a(fp_norm2.o)
                                         0x90 (size before relaxing)
 .stab          0x000000000000ffd8       0xe4 /opt/local/lib/gcc/avr/4.7.2/avr51/libgcc.a(_umulhisi3.o)
                                         0xf0 (size before relaxing)
 .stab          0x00000000000100bc       0xcc /opt/local/lib/gcc/avr/4.7.2/avr51/libgcc.a(_muluhisi3.o)
                                         0xd8 (size before relaxing)
 .stab          0x0000000000010188       0xcc /opt/local/lib/gcc/avr/4.7.2/avr51/libgcc.a(_mulshisi3.o)
                                         0xd8 (size before relaxing)
 .stab          0x0000000000010254      0x108 /opt/local/lib/gcc/avr/4.7.2/avr51/libgcc.a(_mulsi3.o)
                                        0x114 (size before relaxing)
 .stab          0x000000000001035c      0x15c /opt/local/lib/gcc/avr/4.7.2/avr51/libgcc.a(_udivmodhi4.o)
                                        0x168 (size before relaxing)
 .stab          0x00000000000104b8      0x228 /opt/local/lib/gcc/avr/4.7.2/avr51/libgcc.a(_udivmodsi4.o)
                                        0x234 (size before relaxing)
 .stab          0x00000000000106e0      0x198 /opt/local/lib/gcc/avr/4.7.2/avr51/libgcc.a(_divmodsi4.o)
                                        0x1a4 (size before relaxing)
 .stab          0x0000000000010878      0x150 /opt/local/lib/gcc/avr/4.7.2/avr51/libgcc.a(_udivdi3.o)
                                        0x15c (size before relaxing)
 .stab          0x00000000000109c8      0x234 /opt/local/lib/gcc/avr/4.7.2/avr51/libgcc.a(_udivmod64.o)
                                        0x240 (size before relaxing)
 .stab          0x0000000000010bfc       0x6c /opt/local/lib/gcc/avr/4.7.2/avr51/libgcc.a(_exit.o)
                                         0x78 (size before relaxing)
 .stab          0x0000000000010c68       0xcc /opt/local/lib/gcc/avr/4.7.2/avr51/libgcc.a(_tablejump.o)
                                         0xd8 (size before relaxing)
 .stab          0x0000000000010d34       0xf0 /opt/local/lib/gcc/avr/4.7.2/avr51/libgcc.a(_copy_data.o)
                                         0xfc (size before relaxing)
 .stab          0x0000000000010e24       0xb4 /opt/local/lib/gcc/avr/4.7.2/avr51/libgcc.a(_clear_bss.o)
                                         0xc0 (size before relaxing)
 .stab          0x0000000000010ed8       0x78 /opt/local/lib/gcc/avr/4.7.2/avr51/libgcc.a(_adddi3.o)
                                         0x84 (size before relaxing)
 .stab          0x0000000000010f50      0x5dc /opt/local/lib/gcc/avr/4.7.2/../../../../avr/lib/avr51/libc.a(malloc.o)
                                        0x798 (size before relaxing)
 .stab          0x000000000001152c       0x9c /opt/local/lib/gcc/avr/4.7.2/../../../../avr/lib/avr51/libc.a(strchr_P.o)
                                         0xa8 (size before relaxing)
 .stab          0x00000000000115c8       0x84 /opt/local/lib/gcc/avr/4.7.2/../../../../avr/lib/avr51/libc.a(memcpy.o)
                                         0x90 (size before relaxing)
 .stab          0x000000000001164c      0x288 /opt/local/lib/gcc/avr/4.7.2/../../../../avr/lib/avr51/libc.a(fdevopen.o)
                                        0x4b0 (size before relaxing)
 .stab          0x00000000000118d4      0x1d4 /opt/local/lib/gcc/avr/4.7.2/../../../../avr/lib/avr51/libc.a(fputc.o)
                                        0x3b4 (size before relaxing)
 .stab          0x0000000000011aa8      0x12c /opt/local/lib/gcc/avr/4.7.2/../../../../avr/lib/avr51/libc.a(iob.o)
                                        0x30c (size before relaxing)
 .stab          0x0000000000011bd4      0x1bc /opt/local/lib/gcc/avr/4.7.2/../../../../avr/lib/avr51/libc.a(printf.o)
                                        0x39c (size before relaxing)
 .stab          0x0000000000011d90      0x174 /opt/local/lib/gcc/avr/4.7.2/../../../../avr/lib/avr51/libc.a(putchar.o)
                                        0x354 (size before relaxing)
 .stab          0x0000000000011f04      0x204 /opt/local/lib/gcc/avr/4.7.2/../../../../avr/lib/avr51/libc.a(puts.o)
                                        0x3e4 (size before relaxing)
 .stab          0x0000000000012108      0x204 /opt/local/lib/gcc/avr/4.7.2/../../../../avr/lib/avr51/libc.a(sprintf.o)
                                        0x3e4 (size before relaxing)
 .stab          0x000000000001230c      0x480 /opt/local/lib/gcc/avr/4.7.2/../../../../avr/lib/avr51/libc.a(ultoa_invert.o)
                                        0x48c (size before relaxing)
 .stab          0x000000000001278c       0x90 /opt/local/lib/gcc/avr/4.7.2/../../../../avr/lib/avr51/libc.a(eerd_byte_atmega128rfa1.o)
                                         0x9c (size before relaxing)
 .stab          0x000000000001281c       0xe4 /opt/local/lib/gcc/avr/4.7.2/../../../../avr/lib/avr51/libc.a(eewr_byte_atmega128rfa1.o)
                                         0xf0 (size before relaxing)
 .stab          0x0000000000012900      0x198 /opt/local/lib/gcc/avr/4.7.2/../../../../avr/lib/avr51/libc.a(calloc.o)
                                        0x1f8 (size before relaxing)
 .stab          0x0000000000012a98       0x6c /opt/local/lib/gcc/avr/4.7.2/../../../../avr/lib/avr51/libc.a(memset.o)
                                         0x78 (size before relaxing)

.stabstr        0x0000000000000000     0x94c9
 *(.stabstr)
 .stabstr       0x0000000000000000     0x94c9 /opt/local/lib/gcc/avr/4.7.2/../../../../avr/lib/avr51/crtm128rfa1.o

.stab.excl
 *(.stab.excl)

.stab.exclstr
 *(.stab.exclstr)

.stab.index
 *(.stab.index)

.stab.indexstr
 *(.stab.indexstr)

.comment        0x0000000000000000       0x22
 *(.comment)
 .comment       0x0000000000000000       0x11 main.o
                                         0x12 (size before relaxing)
 .comment       0x0000000000000000       0x12 ../../../src/drivers/platform/firefly3/source/ff_basic_sensor.o
 .comment       0x0000000000000000       0x12 ../../../src/drivers/platform/firefly3/source/twi_base_calls.o
 .comment       0x0000000000000000       0x12 ../../../src/radio/rf231_soc/source/basic_rf.o
 .comment       0x0000000000000000       0x12 ../../../src/platform/firefly3/source/ulib.o
 .comment       0x0000000000000000       0x12 ../../../src/platform/firefly3/source/hal_wait.o
 .comment       0x0000000000000000       0x12 ../../../src/platform/firefly3/source/nrk_eeprom.o
 .comment       0x0000000000000000       0x12 ../../../src/kernel/source/nrk.o
 .comment       0x0000000000000000       0x12 ../../../src/kernel/source/nrk_stats.o
 .comment       0x0000000000000000       0x12 ../../../src/kernel/source/nrk_error.o
 .comment       0x0000000000000000       0x12 ../../../src/kernel/source/nrk_stack_check.o
 .comment       0x0000000000000000       0x12 ../../../src/kernel/source/nrk_events.o
 .comment       0x0000000000000000       0x12 ../../../src/kernel/source/nrk_task.o
 .comment       0x0000000000000000       0x12 ../../../src/kernel/source/nrk_time.o
 .comment       0x0000000000000000       0x12 ../../../src/kernel/source/nrk_idle_task.o
 .comment       0x0000000000000000       0x12 ../../../src/kernel/source/nrk_scheduler.o
 .comment       0x0000000000000000       0x12 ../../../src/kernel/source/nrk_driver.o
 .comment       0x0000000000000000       0x12 ../../../src/kernel/source/nrk_reserve.o
 .comment       0x0000000000000000       0x12 ../../../src/kernel/source/nrk_sw_wdt.o
 .comment       0x0000000000000000       0x12 ../../../src/kernel/hal/atmega128rfa1/nrk_timer.o
 .comment       0x0000000000000000       0x12 ../../../src/kernel/hal/atmega128rfa1/nrk_status.o
 .comment       0x0000000000000000       0x12 ../../../src/kernel/hal/atmega128rfa1/nrk_ext_int.o
 .comment       0x0000000000000000       0x12 ../../../src/kernel/hal/atmega128rfa1/nrk_watchdog.o
 .comment       0x0000000000000000       0x12 ../../../src/kernel/hal/atmega128rfa1/nrk_cpu.o
 .comment       0x0000000000000011       0x11 /opt/local/lib/gcc/avr/4.7.2/../../../../avr/lib/avr51/libprintf_min.a(vfprintf_min.o)
                                         0x12 (size before relaxing)
 .comment       0x0000000000000000       0x12 /opt/local/lib/gcc/avr/4.7.2/../../../../avr/lib/avr51/libc.a(malloc.o)
 .comment       0x0000000000000000       0x12 /opt/local/lib/gcc/avr/4.7.2/../../../../avr/lib/avr51/libc.a(fdevopen.o)
 .comment       0x0000000000000000       0x12 /opt/local/lib/gcc/avr/4.7.2/../../../../avr/lib/avr51/libc.a(fputc.o)
 .comment       0x0000000000000000       0x12 /opt/local/lib/gcc/avr/4.7.2/../../../../avr/lib/avr51/libc.a(iob.o)
 .comment       0x0000000000000000       0x12 /opt/local/lib/gcc/avr/4.7.2/../../../../avr/lib/avr51/libc.a(printf.o)
 .comment       0x0000000000000000       0x12 /opt/local/lib/gcc/avr/4.7.2/../../../../avr/lib/avr51/libc.a(putchar.o)
 .comment       0x0000000000000000       0x12 /opt/local/lib/gcc/avr/4.7.2/../../../../avr/lib/avr51/libc.a(puts.o)
 .comment       0x0000000000000000       0x12 /opt/local/lib/gcc/avr/4.7.2/../../../../avr/lib/avr51/libc.a(sprintf.o)
 .comment       0x0000000000000000       0x12 /opt/local/lib/gcc/avr/4.7.2/../../../../avr/lib/avr51/libc.a(calloc.o)

.debug
 *(.debug)

.line
 *(.line)

.debug_srcinfo
 *(.debug_srcinfo)

.debug_sfnames
 *(.debug_sfnames)

.debug_aranges
 *(.debug_aranges)

.debug_pubnames
 *(.debug_pubnames)

.debug_info
 *(.debug_info)
 *(.gnu.linkonce.wi.*)

.debug_abbrev
 *(.debug_abbrev)

.debug_line
 *(.debug_line)

.debug_frame
 *(.debug_frame)

.debug_str
 *(.debug_str)

.debug_loc
 *(.debug_loc)

.debug_macinfo
 *(.debug_macinfo)

.debug_pubtypes
 *(.debug_pubtypes)

.debug_ranges
 *(.debug_ranges)

.debug_macro
 *(.debug_macro)
OUTPUT(main.elf elf32-avr)
LOAD linker stubs

Cross Reference Table

Symbol                                            File
B3                                                ../../../src/drivers/platform/firefly3/source/ff_basic_sensor.o
B4                                                ../../../src/drivers/platform/firefly3/source/ff_basic_sensor.o
B5                                                ../../../src/drivers/platform/firefly3/source/ff_basic_sensor.o
B6                                                ../../../src/drivers/platform/firefly3/source/ff_basic_sensor.o
B7                                                ../../../src/drivers/platform/firefly3/source/ff_basic_sensor.o
NRK_ADC_INPUT_0                                   ../../../src/platform/firefly3/source/ulib.o
NRK_ADC_INPUT_1                                   ../../../src/platform/firefly3/source/ulib.o
NRK_ADC_INPUT_2                                   ../../../src/platform/firefly3/source/ulib.o
NRK_ADC_INPUT_3                                   ../../../src/platform/firefly3/source/ulib.o
NRK_ADC_INPUT_4                                   ../../../src/platform/firefly3/source/ulib.o
NRK_ADC_INPUT_5                                   ../../../src/platform/firefly3/source/ulib.o
NRK_ADC_INPUT_6                                   ../../../src/platform/firefly3/source/ulib.o
NRK_ADC_INPUT_7                                   ../../../src/platform/firefly3/source/ulib.o
NRK_BUTTON                                        ../../../src/platform/firefly3/source/ulib.o
NRK_GPIO26                                        ../../../src/platform/firefly3/source/ulib.o
NRK_GPIO34                                        ../../../src/platform/firefly3/source/ulib.o
NRK_LED_0                                         ../../../src/platform/firefly3/source/ulib.o
NRK_LED_1                                         ../../../src/platform/firefly3/source/ulib.o
NRK_LED_2                                         ../../../src/platform/firefly3/source/ulib.o
NRK_LED_3                                         ../../../src/platform/firefly3/source/ulib.o
NRK_MISO                                          ../../../src/platform/firefly3/source/ulib.o
NRK_MMC_10                                        ../../../src/platform/firefly3/source/ulib.o
NRK_MMC_11                                        ../../../src/platform/firefly3/source/ulib.o
NRK_MMC_9                                         ../../../src/platform/firefly3/source/ulib.o
NRK_MOSI                                          ../../../src/platform/firefly3/source/ulib.o
NRK_SCK                                           ../../../src/platform/firefly3/source/ulib.o
NRK_SPI_SS                                        ../../../src/platform/firefly3/source/ulib.o
NRK_UART0_RXD                                     ../../../src/platform/firefly3/source/ulib.o
NRK_UART0_TXD                                     ../../../src/platform/firefly3/source/ulib.o
NRK_UART1_RXD                                     ../../../src/platform/firefly3/source/ulib.o
NRK_UART1_TXD                                     ../../../src/platform/firefly3/source/ulib.o
P                                                 ../../../src/drivers/platform/firefly3/source/ff_basic_sensor.o
PORT_INIT                                         ../../../src/platform/firefly3/source/ulib.o
SIG_OUTPUT_COMPARE1A                              ../../../src/kernel/hal/atmega128rfa1/nrk_timer.o
Stack1                                            main.o
Stack2                                            main.o
T                                                 ../../../src/drivers/platform/firefly3/source/ff_basic_sensor.o
TaskOne                                           main.o
TaskTwo                                           main.o
UP                                                ../../../src/drivers/platform/firefly3/source/ff_basic_sensor.o
UT                                                ../../../src/drivers/platform/firefly3/source/ff_basic_sensor.o
X1                                                ../../../src/drivers/platform/firefly3/source/ff_basic_sensor.o
X2                                                ../../../src/drivers/platform/firefly3/source/ff_basic_sensor.o
X3                                                ../../../src/drivers/platform/firefly3/source/ff_basic_sensor.o
__adddi3                                          /opt/local/lib/gcc/avr/4.7.2/avr51/libgcc.a(_adddi3.o)
                                                  ../../../src/kernel/source/nrk_time.o
__bad_interrupt                                   /opt/local/lib/gcc/avr/4.7.2/../../../../avr/lib/avr51/crtm128rfa1.o
__brkval                                          /opt/local/lib/gcc/avr/4.7.2/../../../../avr/lib/avr51/libc.a(malloc.o)
__bss_end                                         /opt/local/lib/gcc/avr/4.7.2/avr51/libgcc.a(_clear_bss.o)
__bss_start                                       /opt/local/lib/gcc/avr/4.7.2/avr51/libgcc.a(_clear_bss.o)
__data_end                                        /opt/local/lib/gcc/avr/4.7.2/avr51/libgcc.a(_copy_data.o)
__data_load_start                                 /opt/local/lib/gcc/avr/4.7.2/avr51/libgcc.a(_copy_data.o)
__data_start                                      /opt/local/lib/gcc/avr/4.7.2/avr51/libgcc.a(_copy_data.o)
__divmodsi4                                       /opt/local/lib/gcc/avr/4.7.2/avr51/libgcc.a(_divmodsi4.o)
                                                  ../../../src/drivers/platform/firefly3/source/ff_basic_sensor.o
__do_clear_bss                                    /opt/local/lib/gcc/avr/4.7.2/avr51/libgcc.a(_clear_bss.o)
                                                  /opt/local/lib/gcc/avr/4.7.2/../../../../avr/lib/avr51/libc.a(iob.o)
                                                  /opt/local/lib/gcc/avr/4.7.2/../../../../avr/lib/avr51/libc.a(malloc.o)
                                                  ../../../src/kernel/hal/atmega128rfa1/nrk_cpu.o
                                                  ../../../src/kernel/hal/atmega128rfa1/nrk_watchdog.o
                                                  ../../../src/kernel/hal/atmega128rfa1/nrk_ext_int.o
                                                  ../../../src/kernel/hal/atmega128rfa1/nrk_status.o
                                                  ../../../src/kernel/hal/atmega128rfa1/nrk_timer.o
                                                  ../../../src/kernel/source/nrk_sw_wdt.o
                                                  ../../../src/kernel/source/nrk_driver.o
                                                  ../../../src/kernel/source/nrk_scheduler.o
                                                  ../../../src/kernel/source/nrk_idle_task.o
                                                  ../../../src/kernel/source/nrk_time.o
                                                  ../../../src/kernel/source/nrk_task.o
                                                  ../../../src/kernel/source/nrk_events.o
                                                  ../../../src/kernel/source/nrk_stack_check.o
                                                  ../../../src/kernel/source/nrk_error.o
                                                  ../../../src/kernel/source/nrk_stats.o
                                                  ../../../src/kernel/source/nrk.o
                                                  ../../../src/platform/firefly3/source/nrk_eeprom.o
                                                  ../../../src/platform/firefly3/source/ulib.o
                                                  ../../../src/radio/rf231_soc/source/basic_rf.o
                                                  ../../../src/drivers/platform/firefly3/source/twi_base_calls.o
                                                  ../../../src/drivers/platform/firefly3/source/ff_basic_sensor.o
                                                  main.o
__do_copy_data                                    /opt/local/lib/gcc/avr/4.7.2/avr51/libgcc.a(_copy_data.o)
                                                  /opt/local/lib/gcc/avr/4.7.2/../../../../avr/lib/avr51/libc.a(malloc.o)
                                                  ../../../src/kernel/source/nrk_stack_check.o
                                                  ../../../src/kernel/source/nrk_error.o
                                                  ../../../src/platform/firefly3/source/ulib.o
                                                  ../../../src/radio/rf231_soc/source/basic_rf.o